
> dreamville-external@0.1.0 test
> tsx --test tests/**/*.test.ts

TAP version 13
# Subtest: Broad Implementation Pass — Domain Subsystems
    # Subtest: Challenge 5: Inventory, Paper-Doll, Durability & Crafting
        # Subtest: creates canonical items, equips to valid slots, and blocks invalid slots
        ok 1 - creates canonical items, equips to valid slots, and blocks invalid slots
          ---
          duration_ms: 1.34805
          type: 'test'
          ...
        # Subtest: degrades durability, breaks item at 0, and unequips broken items
        ok 2 - degrades durability, breaks item at 0, and unequips broken items
          ---
          duration_ms: 0.412181
          type: 'test'
          ...
        # Subtest: executes crafting with deterministic material consumption
        ok 3 - executes crafting with deterministic material consumption
          ---
          duration_ms: 0.451613
          type: 'test'
          ...
        1..3
    ok 1 - Challenge 5: Inventory, Paper-Doll, Durability & Crafting
      ---
      duration_ms: 3.029319
      type: 'suite'
      ...
    # Subtest: Challenge 6 & 7: Dynamic Capability, Consequence & Custom Power Synthesis
        # Subtest: rejects capability invocation when absolute seal is active
        ok 1 - rejects capability invocation when absolute seal is active
          ---
          duration_ms: 0.513998
          type: 'test'
          ...
        # Subtest: adjudicates mortal vessel overload with deterministic hp cost and conditions
        ok 2 - adjudicates mortal vessel overload with deterministic hp cost and conditions
          ---
          duration_ms: 0.256354
          type: 'test'
          ...
        # Subtest: synthesizes custom powers into structured capabilities, derived techniques, and graph linkages (DEF-CH7-01 & DEF-CH7-02)
        ok 3 - synthesizes custom powers into structured capabilities, derived techniques, and graph linkages (DEF-CH7-01 & DEF-CH7-02)
          ---
          duration_ms: 0.798326
          type: 'test'
          ...
        # Subtest: deterministically maps tags to categories and activation modes with strict precedence (DEF-CH7-02)
        ok 4 - deterministically maps tags to categories and activation modes with strict precedence (DEF-CH7-02)
          ---
          duration_ms: 0.365391
          type: 'test'
          ...
        1..4
    ok 2 - Challenge 6 & 7: Dynamic Capability, Consequence & Custom Power Synthesis
      ---
      duration_ms: 2.450486
      type: 'suite'
      ...
    # Subtest: Challenge 8: Deterministic Ruleset Adapter & Tactical Combat Engine
        # Subtest: calculates D&D ability modifiers deterministically
        ok 1 - calculates D&D ability modifiers deterministically
          ---
          duration_ms: 0.266256
          type: 'test'
          ...
        # Subtest: resolves attack, saving throw, and damage formulas with immutable roll records
        ok 2 - resolves attack, saving throw, and damage formulas with immutable roll records
          ---
          duration_ms: 0.62527
          type: 'test'
          ...
        # Subtest: executes tactical battlefield moves within speed limits and prevents cell overlapping
        ok 3 - executes tactical battlefield moves within speed limits and prevents cell overlapping
          ---
          duration_ms: 0.689825
          type: 'test'
          ...
        # Subtest: advances turns and applies dynamic hazard zone damage ticks (CH8 Hazards)
        ok 4 - advances turns and applies dynamic hazard zone damage ticks (CH8 Hazards)
          ---
          duration_ms: 0.404405
          type: 'test'
          ...
        # Subtest: executes combat capability casts deterministically (CH8/CH6/CH7 Integration)
        ok 5 - executes combat capability casts deterministically (CH8/CH6/CH7 Integration)
          ---
          duration_ms: 0.505622
          type: 'test'
          ...
        # Subtest: exports and imports tactical combat state losslessly (DEF-CH8-05)
        ok 6 - exports and imports tactical combat state losslessly (DEF-CH8-05)
          ---
          duration_ms: 0.383713
          type: 'test'
          ...
        # Subtest: integrates combat state with CampaignArchiveService container (DEF-CH8-05)
        ok 7 - integrates combat state with CampaignArchiveService container (DEF-CH8-05)
          ---
          duration_ms: 1.805996
          type: 'test'
          ...
        1..7
    ok 3 - Challenge 8: Deterministic Ruleset Adapter & Tactical Combat Engine
      ---
      duration_ms: 5.131833
      type: 'suite'
      ...
    # Subtest: Challenge 9: Memory Opportunity Engine & Epistemic Retrieval
        # Subtest: detects dormant latent capabilities (poison-teeth exemplar) via structured data-driven triggers (DEF-CH9-01)
        ok 1 - detects dormant latent capabilities (poison-teeth exemplar) via structured data-driven triggers (DEF-CH9-01)
          ---
          duration_ms: 0.526475
          type: 'test'
          ...
        # Subtest: enforces memory decay lifecycle transitions across turns and timestamps (DEF-CH9-02)
        ok 2 - enforces memory decay lifecycle transitions across turns and timestamps (DEF-CH9-02)
          ---
          duration_ms: 0.29881
          type: 'test'
          ...
        # Subtest: authoritatively locks memories and protects them against decay or archiving (DEF-CH9-03)
        ok 3 - authoritatively locks memories and protects them against decay or archiving (DEF-CH9-03)
          ---
          duration_ms: 0.207141
          type: 'test'
          ...
        # Subtest: enforces strict epistemic visibility boundaries (PRIVATE, SHARED, PUBLIC) (DEF-CH9-04)
        ok 4 - enforces strict epistemic visibility boundaries (PRIVATE, SHARED, PUBLIC) (DEF-CH9-04)
          ---
          duration_ms: 0.631575
          type: 'test'
          ...
        # Subtest: guarantees PERSISTENT_CRITICAL memories receive minimum retrieval floor score (DEF-CH9-01)
        ok 5 - guarantees PERSISTENT_CRITICAL memories receive minimum retrieval floor score (DEF-CH9-01)
          ---
          duration_ms: 0.172019
          type: 'test'
          ...
        # Subtest: exports, restores, and integrates memory state in CampaignArchiveService (DEF-CH9-05)
        ok 6 - exports, restores, and integrates memory state in CampaignArchiveService (DEF-CH9-05)
          ---
          duration_ms: 0.470104
          type: 'test'
          ...
        1..6
    ok 4 - Challenge 9: Memory Opportunity Engine & Epistemic Retrieval
      ---
      duration_ms: 2.550752
      type: 'suite'
      ...
    # Subtest: Challenge 10: Living World Simulation & Autonomous Physiology
        # Subtest: advances hunger and thirst based on entity-specific rates and evaluates personality cues
        ok 1 - advances hunger and thirst based on entity-specific rates and evaluates personality cues
          ---
          duration_ms: 0.41859
          type: 'test'
          ...
        # Subtest: evaluates werewolf sunrise transformation deterministic rule
        ok 2 - evaluates werewolf sunrise transformation deterministic rule
          ---
          duration_ms: 0.124585
          type: 'test'
          ...
        # Subtest: DEF-CH10-01: evaluates NPC daily schedules deterministically across time windows and midnight rollover
        ok 3 - DEF-CH10-01: evaluates NPC daily schedules deterministically across time windows and midnight rollover
          ---
          duration_ms: 0.252211
          type: 'test'
          ...
        # Subtest: DEF-CH10-02: evaluates canonical simulation fidelity tiers (ACTIVE, NEARBY, DISTANT, OFF_SCREEN)
        ok 4 - DEF-CH10-02: evaluates canonical simulation fidelity tiers (ACTIVE, NEARBY, DISTANT, OFF_SCREEN)
          ---
          duration_ms: 1.545129
          type: 'test'
          ...
        # Subtest: DEF-CH10-06: executes autonomous NPC movement across GeographyGraph without mutating topology
        ok 5 - DEF-CH10-06: executes autonomous NPC movement across GeographyGraph without mutating topology
          ---
          duration_ms: 0.9069
          type: 'test'
          ...
        # Subtest: DEF-CH10-06: falls back safely when NPC destination route is blocked or invalid
        ok 6 - DEF-CH10-06: falls back safely when NPC destination route is blocked or invalid
          ---
          duration_ms: 0.541147
          type: 'test'
          ...
        # Subtest: DEF-CH10-03: integrates living world advancement into WorldSimulationService.advanceTime()
        ok 7 - DEF-CH10-03: integrates living world advancement into WorldSimulationService.advanceTime()
          ---
          duration_ms: 4.829044
          type: 'test'
          ...
        # Subtest: DEF-CH10-04: preserves living world state losslessly in canonical/living_world.json campaign archive partition
        ok 8 - DEF-CH10-04: preserves living world state losslessly in canonical/living_world.json campaign archive partition
          ---
          duration_ms: 0.966263
          type: 'test'
          ...
        1..8
    ok 5 - Challenge 10: Living World Simulation & Autonomous Physiology
      ---
      duration_ms: 9.947944
      type: 'suite'
      ...
    # Subtest: Challenge 11: Working Context Assembly & Token Budgeting
        # Subtest: enforces token budget by preserving B1/B2 and evicting lower priority bands
        ok 1 - enforces token budget by preserving B1/B2 and evicting lower priority bands
          ---
          duration_ms: 0.568397
          type: 'test'
          ...
        # Subtest: strictly prevents knapsack priority inversion and lower-band budget backfilling (DEF-CH11-01)
        ok 2 - strictly prevents knapsack priority inversion and lower-band budget backfilling (DEF-CH11-01)
          ---
          duration_ms: 7.907783
          type: 'test'
          ...
        # Subtest: accounts for framing overhead ensuring totalTokens never exceeds budget (DEF-CH11-04)
        ok 3 - accounts for framing overhead ensuring totalTokens never exceeds budget (DEF-CH11-04)
          ---
          duration_ms: 0.282044
          type: 'test'
          ...
        # Subtest: orders candidate chunks deterministically with stable tie-breaking (DEF-CH11-05)
        ok 4 - orders candidate chunks deterministically with stable tie-breaking (DEF-CH11-05)
          ---
          duration_ms: 0.183294
          type: 'test'
          ...
        # Subtest: assembles canonical 13-domain turn context via WorldRepository without mutating state (DEF-CH11-02)
        ok 5 - assembles canonical 13-domain turn context via WorldRepository without mutating state (DEF-CH11-02)
          ---
          duration_ms: 2.607354
          type: 'test'
          ...
        # Subtest: defends against prompt injection and enforces strict trust boundary in NPC context (DEF-CH11-06)
        ok 6 - defends against prompt injection and enforces strict trust boundary in NPC context (DEF-CH11-06)
          ---
          duration_ms: 0.481365
          type: 'test'
          ...
        1..6
    ok 6 - Challenge 11: Working Context Assembly & Token Budgeting
      ---
      duration_ms: 12.327932
      type: 'suite'
      ...
    # Subtest: Challenge 12: Multi-Model AI Orchestrator
        # Subtest: registers canonical model pools and specialized roles (DEF-CH12-04)
        ok 1 - registers canonical model pools and specialized roles (DEF-CH12-04)
          ---
          duration_ms: 0.636118
          type: 'test'
          ...
        # Subtest: validates context-window capacity and excludes models whose context window is smaller than contextTokens (DEF-CH12-02)
        ok 2 - validates context-window capacity and excludes models whose context window is smaller than contextTokens (DEF-CH12-02)
          ---
          duration_ms: 0.786205
          type: 'test'
          ...
        # Subtest: enforces deterministic multi-tier tie breaking in model selection (DEF-CH12-03)
        ok 3 - enforces deterministic multi-tier tie breaking in model selection (DEF-CH12-03)
          ---
          duration_ms: 0.350622
          type: 'test'
          ...
        # Subtest: validates structured turn packages and rejects illegal state changes (DEF-CH12-05)
        ok 4 - validates structured turn packages and rejects illegal state changes (DEF-CH12-05)
          ---
          duration_ms: 0.560506
          type: 'test'
          ...
        # Subtest: validates state changes through DomainAdjudicationBridge against canonical domain engines (DEF-CH12-05)
        ok 5 - validates state changes through DomainAdjudicationBridge against canonical domain engines (DEF-CH12-05)
          ---
          duration_ms: 1.186998
          type: 'test'
          ...
        # Subtest: creates, retrieves, and preserves continuation checkpoints across model failovers (DEF-CH12-06)
        ok 6 - creates, retrieves, and preserves continuation checkpoints across model failovers (DEF-CH12-06)
          ---
          duration_ms: 0.341248
          type: 'test'
          ...
        # Subtest: enforces circuit breakers after consecutive provider failures and falls back to emergency floor (DEF-CH12-07)
        ok 7 - enforces circuit breakers after consecutive provider failures and falls back to emergency floor (DEF-CH12-07)
          ---
          duration_ms: 61.679591
          type: 'test'
          ...
        # Subtest: executes end-to-end turn orchestration with CH11 context assembly and telemetry (DEF-CH12-01, DEF-CH12-02)
        ok 8 - executes end-to-end turn orchestration with CH11 context assembly and telemetry (DEF-CH12-01, DEF-CH12-02)
          ---
          duration_ms: 600.771827
          type: 'test'
          ...
        # Subtest: dynamically discovers and registers models via Google Gemini adapter without hardcoding (DEF-CH12-DYNAMIC-01)
        ok 9 - dynamically discovers and registers models via Google Gemini adapter without hardcoding (DEF-CH12-DYNAMIC-01)
          ---
          duration_ms: 134.884555
          type: 'test'
          ...
        # Subtest: preserves strict domain boundaries by filtering out non-generative models (DEF-CH12-DYNAMIC-02)
        ok 10 - preserves strict domain boundaries by filtering out non-generative models (DEF-CH12-DYNAMIC-02)
          ---
          duration_ms: 108.08873
          type: 'test'
          ...
        # Subtest: classifies discovered models into canonical roles based on naming heuristics and capabilities (DEF-CH12-DYNAMIC-03)
        ok 11 - classifies discovered models into canonical roles based on naming heuristics and capabilities (DEF-CH12-DYNAMIC-03)
          ---
          duration_ms: 0.296719
          type: 'test'
          ...
        # Subtest: enforces manual overrides over automatic discovery defaults with immediate precedence (DEF-CH12-DYNAMIC-04)
        ok 12 - enforces manual overrides over automatic discovery defaults with immediate precedence (DEF-CH12-DYNAMIC-04)
          ---
          duration_ms: 110.729766
          type: 'test'
          ...
        # Subtest: respects manual task-to-model pinning when pinned model is healthy (DEF-CH12-DYNAMIC-05)
        ok 13 - respects manual task-to-model pinning when pinned model is healthy (DEF-CH12-DYNAMIC-05)
          ---
          duration_ms: 0.42696
          type: 'test'
          ...
        # Subtest: guarantees local deterministic emergency floor is never disguised as a Google Gemini model (DEF-CH12-DYNAMIC-06)
        ok 14 - guarantees local deterministic emergency floor is never disguised as a Google Gemini model (DEF-CH12-DYNAMIC-06)
          ---
          duration_ms: 106.875217
          type: 'test'
          ...
        # Subtest: handles provider aliasing and quota exhaustion by triggering immediate failover without retry waste (DEF-CH12-DYNAMIC-07)
        ok 15 - handles provider aliasing and quota exhaustion by triggering immediate failover without retry waste (DEF-CH12-DYNAMIC-07)
          ---
          duration_ms: 1.651169
          type: 'test'
          ...
        1..15
    ok 7 - Challenge 12: Multi-Model AI Orchestrator
      ---
      duration_ms: 1130.086645
      type: 'suite'
      ...
    # Subtest: Challenge 13: Lossless Campaign Archive (.dreamarchive)
        # Subtest: packs partitioned state, computes SHA-256 hashes, and restores atomically
        ok 1 - packs partitioned state, computes SHA-256 hashes, and restores atomically
          ---
          duration_ms: 0.466953
          type: 'test'
          ...
        # Subtest: DEF-CH13-01: atomic repository restore prevents partial mutation on validation failure
        ok 2 - DEF-CH13-01: atomic repository restore prevents partial mutation on validation failure
          ---
          duration_ms: 2.218467
          type: 'test'
          ...
        # Subtest: DEF-CH13-02: chronicles and episodic entries round-trip losslessly without data truncation
        ok 3 - DEF-CH13-02: chronicles and episodic entries round-trip losslessly without data truncation
          ---
          duration_ms: 0.946599
          type: 'test'
          ...
        # Subtest: DEF-CH13-03: inventory item engine and 13-slot paper-doll equipment export and restore losslessly
        ok 4 - DEF-CH13-03: inventory item engine and 13-slot paper-doll equipment export and restore losslessly
          ---
          duration_ms: 0.551802
          type: 'test'
          ...
        # Subtest: DEF-CH13-04: world clock and geography graph state export and import losslessly
        ok 5 - DEF-CH13-04: world clock and geography graph state export and import losslessly
          ---
          duration_ms: 0.629612
          type: 'test'
          ...
        # Subtest: DEF-CH13-06: bundles visual asset registry with deterministic hashes and generative fallbacks
        ok 6 - DEF-CH13-06: bundles visual asset registry with deterministic hashes and generative fallbacks
          ---
          duration_ms: 0.755229
          type: 'test'
          ...
        1..6
    ok 8 - Challenge 13: Lossless Campaign Archive (.dreamarchive)
      ---
      duration_ms: 5.789062
      type: 'suite'
      ...
    # Subtest: Challenge 15: Story Adaptation Pipeline
        # Subtest: segments source documents and creates grounded canonical facts
        ok 1 - segments source documents and creates grounded canonical facts
          ---
          duration_ms: 0.647762
          type: 'test'
          ...
        1..1
    ok 9 - Challenge 15: Story Adaptation Pipeline
      ---
      duration_ms: 0.720482
      type: 'suite'
      ...
    # Subtest: Amendment V10.8.35: Dynamic Character Alignment & Opposition Without Hatred
        # Subtest: supports dynamic role transformation with causal preservation and opposition without hatred
        ok 1 - supports dynamic role transformation with causal preservation and opposition without hatred
          ---
          duration_ms: 0.344508
          type: 'test'
          ...
        1..1
    ok 10 - Amendment V10.8.35: Dynamic Character Alignment & Opposition Without Hatred
      ---
      duration_ms: 0.416257
      type: 'suite'
      ...
    1..10
ok 1 - Broad Implementation Pass — Domain Subsystems
  ---
  duration_ms: 1174.10377
  type: 'suite'
  ...
# Subtest: CH14: Voice Profile Persistence and Settings
ok 2 - CH14: Voice Profile Persistence and Settings
  ---
  duration_ms: 1.27796
  type: 'test'
  ...
# Subtest: CH14: Semantic Event Resolution
ok 3 - CH14: Semantic Event Resolution
  ---
  duration_ms: 0.417933
  type: 'test'
  ...
# Subtest: CH14: Archive Persistence
ok 4 - CH14: Archive Persistence
  ---
  duration_ms: 2.956187
  type: 'test'
  ...
# Subtest: CH1 SURGICAL REPAIR REGRESSION
    # Subtest: DEF-CH1-01: Geography Authority Disconnect
        # Subtest: should derive UI projection from canonical GeographyGraph, without a duplicate mock location dictionary controlling the result
        ok 1 - should derive UI projection from canonical GeographyGraph, without a duplicate mock location dictionary controlling the result
          ---
          duration_ms: 3.337315
          type: 'test'
          ...
        # Subtest: DISCOVER_LOCATION changes canonical discovery state
        ok 2 - DISCOVER_LOCATION changes canonical discovery state
          ---
          duration_ms: 1.974063
          type: 'test'
          ...
        1..2
    ok 1 - DEF-CH1-01: Geography Authority Disconnect
      ---
      duration_ms: 6.072792
      type: 'suite'
      ...
    # Subtest: DEF-CH1-02: Travel Interruptions
        # Subtest: should deterministically interrupt a journey, preserve elapsed time and location rules
        ok 1 - should deterministically interrupt a journey, preserve elapsed time and location rules
          ---
          duration_ms: 2.02338
          type: 'test'
          ...
        1..1
    ok 2 - DEF-CH1-02: Travel Interruptions
      ---
      duration_ms: 2.248691
      type: 'suite'
      ...
    # Subtest: DEF-CH1-03: Simulation Time Scale Semantics
        # Subtest: advanceSeconds() strictly adds literal canonical simulation seconds, irrespective of timeScale
        ok 1 - advanceSeconds() strictly adds literal canonical simulation seconds, irrespective of timeScale
          ---
          duration_ms: 0.561764
          type: 'test'
          ...
        1..1
    ok 3 - DEF-CH1-03: Simulation Time Scale Semantics
      ---
      duration_ms: 0.703115
      type: 'suite'
      ...
    # Subtest: DEF-CH1-04: Geography Provenance
        # Subtest: Canonical geography nodes and edges have structured provenance
        ok 1 - Canonical geography nodes and edges have structured provenance
          ---
          duration_ms: 0.89415
          type: 'test'
          ...
        1..1
    ok 4 - DEF-CH1-04: Geography Provenance
      ---
      duration_ms: 1.219823
      type: 'suite'
      ...
    1..4
ok 5 - CH1 SURGICAL REPAIR REGRESSION
  ---
  duration_ms: 10.976381
  type: 'suite'
  ...
# Subtest: CH2 SURGICAL REPAIR VERIFICATION — EPISTEMIC HORIZON & ACTOR DISCOVERY
    # Subtest: DEF-CH2-01: Route Edge Epistemic Leak
        # Subtest: Scenario A: hides route edges connected to undiscovered locations
        ok 1 - Scenario A: hides route edges connected to undiscovered locations
          ---
          duration_ms: 2.622871
          type: 'test'
          ...
        1..1
    ok 1 - DEF-CH2-01: Route Edge Epistemic Leak
      ---
      duration_ms: 3.282618
      type: 'suite'
      ...
    # Subtest: DEF-CH2-02: Actor-Scoped Discovery Authority
        # Subtest: Scenario B & C: discovery is actor-scoped and isolated between actors
        ok 1 - Scenario B & C: discovery is actor-scoped and isolated between actors
          ---
          duration_ms: 2.437963
          type: 'test'
          ...
        1..1
    ok 2 - DEF-CH2-02: Actor-Scoped Discovery Authority
      ---
      duration_ms: 2.600123
      type: 'suite'
      ...
    # Subtest: DEF-CH2-03: Living World Epistemic Projection
        # Subtest: Scenario D: masks undiscovered locations, NPC schedules, and secret events in living-world state
        ok 1 - Scenario D: masks undiscovered locations, NPC schedules, and secret events in living-world state
          ---
          duration_ms: 0.730866
          type: 'test'
          ...
        1..1
    ok 3 - DEF-CH2-03: Living World Epistemic Projection
      ---
      duration_ms: 0.976067
      type: 'suite'
      ...
    # Subtest: DEF-CH2-04: Working Context Engine Epistemic Masking
        # Subtest: Scenario E: masks undiscovered targetLocationId in AI schedule route context
        ok 1 - Scenario E: masks undiscovered targetLocationId in AI schedule route context
          ---
          duration_ms: 3.320561
          type: 'test'
          ...
        1..1
    ok 4 - DEF-CH2-04: Working Context Engine Epistemic Masking
      ---
      duration_ms: 3.499277
      type: 'suite'
      ...
    # Subtest: Scenario F: Persistence & Archive Integrity
        # Subtest: preserves discoveredLocationIds across PlayerLifecycleState serialization and campaign archive
        ok 1 - preserves discoveredLocationIds across PlayerLifecycleState serialization and campaign archive
          ---
          duration_ms: 2.442557
          type: 'test'
          ...
        1..1
    ok 5 - Scenario F: Persistence & Archive Integrity
      ---
      duration_ms: 2.671128
      type: 'suite'
      ...
    # Subtest: CH2 RECONCILIATION SURGICAL REPAIRS (CH2-05, BYPASS-01, BYPASS-02, CH2-06, CH2-07)
        # Subtest: BYPASS-01 & BYPASS-02: WorkingContext uses actor-scoped discovery and capabilities
        ok 1 - BYPASS-01 & BYPASS-02: WorkingContext uses actor-scoped discovery and capabilities
          ---
          duration_ms: 1.075811
          type: 'test'
          ...
        # Subtest: CH2-06: CapabilityEngine.getActorCapabilities filters by vesselCapacity
        ok 2 - CH2-06: CapabilityEngine.getActorCapabilities filters by vesselCapacity
          ---
          duration_ms: 0.47612
          type: 'test'
          ...
        # Subtest: CH2-07: InventoryItemEngine.projectActorInventory masks unidentified items
        ok 3 - CH2-07: InventoryItemEngine.projectActorInventory masks unidentified items
          ---
          duration_ms: 0.789355
          type: 'test'
          ...
        1..3
    ok 6 - CH2 RECONCILIATION SURGICAL REPAIRS (CH2-05, BYPASS-01, BYPASS-02, CH2-06, CH2-07)
      ---
      duration_ms: 2.558181
      type: 'suite'
      ...
    # Subtest: CH2-08: Actor-Scoped Tactical Perception & Knowledge Projection
        # Subtest: Canonical Completeness: TacticalCombatEngine retains all participants, hazards, and turns internally
        ok 1 - Canonical Completeness: TacticalCombatEngine retains all participants, hazards, and turns internally
          ---
          duration_ms: 1.014217
          type: 'test'
          ...
        # Subtest: Actor Isolation: projectCombatForActor omits hidden participants and masks turnQueue
        ok 2 - Actor Isolation: projectCombatForActor omits hidden participants and masks turnQueue
          ---
          duration_ms: 0.602468
          type: 'test'
          ...
        # Subtest: AI Context Scoping: WorkingContextEngine does not leak hidden combatants into prompt text
        ok 3 - AI Context Scoping: WorkingContextEngine does not leak hidden combatants into prompt text
          ---
          duration_ms: 3.724387
          type: 'test'
          ...
        # Subtest: Event Log Sanitization: prevents event leaks for unseen actions
        ok 4 - Event Log Sanitization: prevents event leaks for unseen actions
          ---
          duration_ms: 0.876988
          type: 'test'
          ...
        # Subtest: Target-ID Security Authorization: rejects targeting unseen/hidden participants
        ok 5 - Target-ID Security Authorization: rejects targeting unseen/hidden participants
          ---
          duration_ms: 0.360419
          type: 'test'
          ...
        # Subtest: Lossless Archival: exportState and importState remain 100% canonical and lossless
        ok 6 - Lossless Archival: exportState and importState remain 100% canonical and lossless
          ---
          duration_ms: 0.446477
          type: 'test'
          ...
        1..6
    ok 7 - CH2-08: Actor-Scoped Tactical Perception & Knowledge Projection
      ---
      duration_ms: 7.322381
      type: 'suite'
      ...
    # Subtest: CH2-08 FINAL REPAIR: ACTOR IDENTITY SECURITY & EPISTEMIC KNOWLEDGE BOUNDARIES
        # Subtest: TEST 1: Public route GET /combat/state cannot fetch projection for unowned actorId
        ok 1 - TEST 1: Public route GET /combat/state cannot fetch projection for unowned actorId
          ---
          duration_ms: 80.275082
          type: 'test'
          ...
        # Subtest: TEST 2: Public route POST /combat/move cannot move unowned actorId
        ok 2 - TEST 2: Public route POST /combat/move cannot move unowned actorId
          ---
          duration_ms: 27.457363
          type: 'test'
          ...
        # Subtest: TEST 3: Public route POST /combat/attack cannot attack as unowned attackerId
        ok 3 - TEST 3: Public route POST /combat/attack cannot attack as unowned attackerId
          ---
          duration_ms: 59.994444
          type: 'test'
          ...
        # Subtest: TEST 4: Public route POST /combat/cast cannot cast as unowned actorId
        ok 4 - TEST 4: Public route POST /combat/cast cannot cast as unowned actorId
          ---
          duration_ms: 6.649456
          type: 'test'
          ...
        # Subtest: TEST 5: Public route POST /combat/end-turn cannot end turn as unowned actorId
        ok 5 - TEST 5: Public route POST /combat/end-turn cannot end turn as unowned actorId
          ---
          duration_ms: 7.135575
          type: 'test'
          ...
        # Subtest: TEST 6: Combat participant known via durable KnowledgeFact is visible even if stealthed
        ok 6 - TEST 6: Combat participant known via durable KnowledgeFact is visible even if stealthed
          ---
          duration_ms: 0.696112
          type: 'test'
          ...
        # Subtest: TEST 7: Combat participant unknown epistemically is NOT visible even if adjacent
        ok 7 - TEST 7: Combat participant unknown epistemically is NOT visible even if adjacent
          ---
          duration_ms: 0.607929
          type: 'test'
          ...
        # Subtest: TEST 8: Epistemic check in projectCombatForActor and isParticipantKnownToActor return identical results for all participants
        ok 8 - TEST 8: Epistemic check in projectCombatForActor and isParticipantKnownToActor return identical results for all participants
          ---
          duration_ms: 0.613254
          type: 'test'
          ...
        # Subtest: TEST 9: Full turn cycle executes with actor-scoped projections without epistemic leak
        ok 9 - TEST 9: Full turn cycle executes with actor-scoped projections without epistemic leak
          ---
          duration_ms: 0.663308
          type: 'test'
          ...
        1..9
    ok 8 - CH2-08 FINAL REPAIR: ACTOR IDENTITY SECURITY & EPISTEMIC KNOWLEDGE BOUNDARIES
      ---
      duration_ms: 300.995052
      type: 'suite'
      ...
    1..8
ok 6 - CH2 SURGICAL REPAIR VERIFICATION — EPISTEMIC HORIZON & ACTOR DISCOVERY
  ---
  duration_ms: 325.405721
  type: 'suite'
  ...
# Subtest: CH3.2 Item-Bound Capabilities & Equipment-Granted Skills Suite
    # Subtest: TEST 1: Canonical item definitions declare grantedCapabilities correctly
    ok 1 - TEST 1: Canonical item definitions declare grantedCapabilities correctly
      ---
      duration_ms: 3.336497
      type: 'test'
      ...
    # Subtest: TEST 2: Canonical capability definitions are registered in CapabilityEngine
    ok 2 - TEST 2: Canonical capability definitions are registered in CapabilityEngine
      ---
      duration_ms: 0.685148
      type: 'test'
      ...
    # Subtest: TEST 3: Equipping an item dynamically surfaces granted capability in getEffectiveActorCapabilities
    ok 3 - TEST 3: Equipping an item dynamically surfaces granted capability in getEffectiveActorCapabilities
      ---
      duration_ms: 1.097562
      type: 'test'
      ...
    # Subtest: TEST 4: Unequipping an item dynamically revokes the granted capability
    ok 4 - TEST 4: Unequipping an item dynamically revokes the granted capability
      ---
      duration_ms: 1.044544
      type: 'test'
      ...
    # Subtest: TEST 5: Innate/learned capabilities persist regardless of item equip/unequip
    ok 5 - TEST 5: Innate/learned capabilities persist regardless of item equip/unequip
      ---
      duration_ms: 0.842091
      type: 'test'
      ...
    # Subtest: TEST 6: Dual source (Learned + Equipment) produces exactly ONE merged capability entry with multiple sources
    ok 6 - TEST 6: Dual source (Learned + Equipment) produces exactly ONE merged capability entry with multiple sources
      ---
      duration_ms: 5.075413
      type: 'test'
      ...
    # Subtest: TEST 7: Unequipping dual-source item retains the learned capability without loss
    ok 7 - TEST 7: Unequipping dual-source item retains the learned capability without loss
      ---
      duration_ms: 0.520492
      type: 'test'
      ...
    # Subtest: TEST 8: Two equipped items granting the same capability merge into one entry with multiple equipment sources
    ok 8 - TEST 8: Two equipped items granting the same capability merge into one entry with multiple equipment sources
      ---
      duration_ms: 0.733347
      type: 'test'
      ...
    # Subtest: TEST 9: Broken item (isBroken=true) does NOT grant capability
    ok 9 - TEST 9: Broken item (isBroken=true) does NOT grant capability
      ---
      duration_ms: 0.741612
      type: 'test'
      ...
    # Subtest: TEST 10: Item with 0 durability immediately loses capability grant
    ok 10 - TEST 10: Item with 0 durability immediately loses capability grant
      ---
      duration_ms: 0.702634
      type: 'test'
      ...
    # Subtest: TEST 11: Unidentified item masks client projection but server resolves capability grant accurately
    ok 11 - TEST 11: Unidentified item masks client projection but server resolves capability grant accurately
      ---
      duration_ms: 0.546918
      type: 'test'
      ...
    # Subtest: TEST 12: Live API rejects unequipped/unlearned capability cast with HTTP 403
    ok 12 - TEST 12: Live API rejects unequipped/unlearned capability cast with HTTP 403
      ---
      duration_ms: 78.466574
      type: 'test'
      ...
    # Subtest: TEST 13: Epistemic boundary blocks target analysis on unperceived/concealed entities
    ok 13 - TEST 13: Epistemic boundary blocks target analysis on unperceived/concealed entities
      ---
      duration_ms: 16.02112
      type: 'test'
      ...
    # Subtest: TEST 14: WorkingContextEngine includes equipped capabilities and provenance in turn context
    ok 14 - TEST 14: WorkingContextEngine includes equipped capabilities and provenance in turn context
      ---
      duration_ms: 2.658541
      type: 'test'
      ...
    # Subtest: TEST 15: Lossless archive serialization and atomic restore preserves equipment capability dynamic state
    ok 15 - TEST 15: Lossless archive serialization and atomic restore preserves equipment capability dynamic state
      ---
      duration_ms: 2.583355
      type: 'test'
      ...
    # Subtest: TEST 16: Adjudication rejects client-fabricated capability invocation without valid equipment or learned grant
    ok 16 - TEST 16: Adjudication rejects client-fabricated capability invocation without valid equipment or learned grant
      ---
      duration_ms: 8.388218
      type: 'test'
      ...
    1..16
ok 7 - CH3.2 Item-Bound Capabilities & Equipment-Granted Skills Suite
  ---
  duration_ms: 137.563486
  type: 'suite'
  ...
# Subtest: CH3 Surgical Repair Verification Suite
    # Subtest: Objective A: Autonomous NPC Decision Policy
        # Subtest: TEST 1: NPC decision changes when canonical state changes (Low Health Retreat vs Healthy Attack)
        ok 1 - TEST 1: NPC decision changes when canonical state changes (Low Health Retreat vs Healthy Attack)
          ---
          duration_ms: 2.339692
          type: 'test'
          ...
        # Subtest: TEST 2: Same initial state produces deterministic tactical decision
        ok 2 - TEST 2: Same initial state produces deterministic tactical decision
          ---
          duration_ms: 2.20214
          type: 'test'
          ...
        # Subtest: TEST 3: Tactical policy cannot invent unavailable capabilities or exceed resources
        ok 3 - TEST 3: Tactical policy cannot invent unavailable capabilities or exceed resources
          ---
          duration_ms: 0.997409
          type: 'test'
          ...
        # Subtest: TEST 4: Tactical policy cannot use knowledge outside actor-scoped epistemic context
        ok 4 - TEST 4: Tactical policy cannot use knowledge outside actor-scoped epistemic context
          ---
          duration_ms: 0.883032
          type: 'test'
          ...
        1..4
    ok 1 - Objective A: Autonomous NPC Decision Policy
      ---
      duration_ms: 7.282891
      type: 'suite'
      ...
    # Subtest: Objective B: Group Tactical Coordination
        # Subtest: TEST 5: Group decision distinguishes VANGUARD vs REARGUARD/PROTECTOR roles
        ok 1 - TEST 5: Group decision distinguishes VANGUARD vs REARGUARD/PROTECTOR roles
          ---
          duration_ms: 0.815503
          type: 'test'
          ...
        1..1
    ok 2 - Objective B: Group Tactical Coordination
      ---
      duration_ms: 0.981363
      type: 'suite'
      ...
    # Subtest: Objective C: AI Adjudication Atomicity
    ok 3 - Objective C: AI Adjudication Atomicity
      ---
      duration_ms: 0.076529
      type: 'suite'
      ...
    # Subtest: Objective D: Actor Authority & HTTP API Verification
        # Subtest: TEST 8: Forged actor identity on player combat routes returns 403 Forbidden
        ok 1 - TEST 8: Forged actor identity on player combat routes returns 403 Forbidden
          ---
          duration_ms: 96.9307
          type: 'test'
          ...
        # Subtest: TEST 9: NPC tactical turn endpoint executes autonomously and rejects player usurpation
        ok 2 - TEST 9: NPC tactical turn endpoint executes autonomously and rejects player usurpation
          ---
          duration_ms: 15.988023
          type: 'test'
          ...
        1..2
    ok 4 - Objective D: Actor Authority & HTTP API Verification
      ---
      duration_ms: 113.549304
      type: 'suite'
      ...
    1..4
ok 8 - CH3 Surgical Repair Verification Suite
  ---
  duration_ms: 136.710562
  type: 'suite'
  ...
# Subtest: CH4 SURGICAL REPAIR (Evidence Identity & AI Boundary)
    # Subtest: TEST 1 & 2: DETERMINISTIC EVIDENCE IDENTITY & REPLAY DEDUPLICATION
    ok 1 - TEST 1 & 2: DETERMINISTIC EVIDENCE IDENTITY & REPLAY DEDUPLICATION
      ---
      duration_ms: 1.554729
      type: 'test'
      ...
    # Subtest: TEST 3: DIFFERENT EVENTS REMAIN DISTINCT
    ok 2 - TEST 3: DIFFERENT EVENTS REMAIN DISTINCT
      ---
      duration_ms: 0.551489
      type: 'test'
      ...
    # Subtest: TEST 4: ARCHIVE / RESTORE
    ok 3 - TEST 4: ARCHIVE / RESTORE
      ---
      duration_ms: 4.144521
      type: 'test'
      ...
    # Subtest: TEST 5: AI CHRONICLE REJECTION
    ok 4 - TEST 5: AI CHRONICLE REJECTION
      ---
      duration_ms: 0.833924
      type: 'test'
      ...
    # Subtest: TEST 6: AI CANNOT INVENT PROVENANCE
    ok 5 - TEST 6: AI CANNOT INVENT PROVENANCE
      ---
      duration_ms: 0.38426
      type: 'test'
      ...
    # Subtest: TEST 7: AI CANNOT INVENT CAUSALITY
    ok 6 - TEST 7: AI CANNOT INVENT CAUSALITY
      ---
      duration_ms: 0.381327
      type: 'test'
      ...
    # Subtest: TEST 8: VALID CANONICAL EVENT STILL PROMOTES
    ok 7 - TEST 8: VALID CANONICAL EVENT STILL PROMOTES
      ---
      duration_ms: 0.944165
      type: 'test'
      ...
    1..7
ok 9 - CH4 SURGICAL REPAIR (Evidence Identity & AI Boundary)
  ---
  duration_ms: 9.910392
  type: 'suite'
  ...
# Subtest: TEST 9: DIFFERENT EVENTS WITH SAME LOGICAL TIMESTAMP RECEIVE DISTINCT DETERMINISTIC IDS
ok 10 - TEST 9: DIFFERENT EVENTS WITH SAME LOGICAL TIMESTAMP RECEIVE DISTINCT DETERMINISTIC IDS
  ---
  duration_ms: 0.801102
  type: 'test'
  ...
# /app/applet/tests/ch5_surgical.test.ts:6
# describe('CH5 Surgical Repair - Crafting & Transfer', () => {
# ^
# ReferenceError: describe is not defined
#     at <anonymous> (/app/applet/tests/ch5_surgical.test.ts:6:1)
#     at ModuleJob.run (node:internal/modules/esm/module_job:343:25)
#     at async onImport.tracePromise.__proto__ (node:internal/modules/esm/loader:681:26)
#     at async asyncRunEntryPointWithESMLoader (node:internal/modules/run_main:117:5)
# Node.js v22.23.2
# Subtest: tests/ch5_surgical.test.ts
not ok 8 - tests/ch5_surgical.test.ts
  ---
  duration_ms: 270.139768
  type: 'test'
  location: '/app/applet/tests/ch5_surgical.test.ts:1:1'
  failureType: 'testCodeFailure'
  exitCode: 1
  signal: ~
  error: 'test failed'
  code: 'ERR_TEST_FAILURE'
  ...
# Subtest: WorldClock Domain Simulation
    # Subtest: initializes with canonical default timestamp and derives day phase and season
    ok 1 - initializes with canonical default timestamp and derives day phase and season
      ---
      duration_ms: 0.872465
      type: 'test'
      ...
    # Subtest: correctly maps hour and minute to DayPhase
    ok 2 - correctly maps hour and minute to DayPhase
      ---
      duration_ms: 0.16274
      type: 'test'
      ...
    # Subtest: advances world time deterministically by seconds, minutes, hours, and days
    ok 3 - advances world time deterministically by seconds, minutes, hours, and days
      ---
      duration_ms: 0.263561
      type: 'test'
      ...
    # Subtest: computes deterministic countdowns from canonical timestamps (DreamBook §336)
    ok 4 - computes deterministic countdowns from canonical timestamps (DreamBook §336)
      ---
      duration_ms: 0.323879
      type: 'test'
      ...
    1..4
ok 12 - WorldClock Domain Simulation
  ---
  duration_ms: 2.827458
  type: 'suite'
  ...
# Subtest: GeographyGraph Spatial Topology & Routing
    # Subtest: contains seeded Dreamville canonical locations and traversable routes
    ok 1 - contains seeded Dreamville canonical locations and traversable routes
      ---
      duration_ms: 0.462881
      type: 'test'
      ...
    # Subtest: calculates deterministic travel duration based on distance, terrain, and mode (DreamBook §338)
    ok 2 - calculates deterministic travel duration based on distance, terrain, and mode (DreamBook §338)
      ---
      duration_ms: 0.335591
      type: 'test'
      ...
    # Subtest: finds valid path between connected locations and rejects blocked paths
    ok 3 - finds valid path between connected locations and rejects blocked paths
      ---
      duration_ms: 1.912935
      type: 'test'
      ...
    1..3
ok 13 - GeographyGraph Spatial Topology & Routing
  ---
  duration_ms: 3.160048
  type: 'suite'
  ...
# Subtest: Living Bible Operational Registry
    # Subtest: exposes all Core DreamBook challenges with verification evidence
    ok 1 - exposes all Core DreamBook challenges with verification evidence
      ---
      duration_ms: 0.438274
      type: 'test'
      ...
    1..1
ok 14 - Living Bible Operational Registry
  ---
  duration_ms: 0.614434
  type: 'suite'
  ...
# Subtest: CHALLENGE 2 — Epistemic Boundary & Player Knowledge Horizon (CH2.MAP_MASK)
    # Subtest: 1. Server canonical state retains undiscovered locations, but client projection excludes them
    ok 1 - 1. Server canonical state retains undiscovered locations, but client projection excludes them
      ---
      duration_ms: 40.410149
      type: 'test'
      ...
    # Subtest: 2. Travel to undiscovered location is rejected by server epistemic authority
    ok 2 - 2. Travel to undiscovered location is rejected by server epistemic authority
      ---
      duration_ms: 27.367302
      type: 'test'
      ...
    # Subtest: 3. Legitimate discovery event expands client projection horizon deterministically
    ok 3 - 3. Legitimate discovery event expands client projection horizon deterministically
      ---
      duration_ms: 11.473006
      type: 'test'
      ...
    1..3
ok 15 - CHALLENGE 2 — Epistemic Boundary & Player Knowledge Horizon (CH2.MAP_MASK)
  ---
  duration_ms: 94.087791
  type: 'suite'
  ...
# Subtest: SignificanceEvaluator Deterministic Evaluation (CH4.SIGNIFICANCE)
    # Subtest: evaluates death lifecycle transition as globally HISTORIC
    ok 1 - evaluates death lifecycle transition as globally HISTORIC
      ---
      duration_ms: 0.809576
      type: 'test'
      ...
    # Subtest: evaluates world anomalies (astrolabe halt, bedrock rupture) as HISTORIC
    ok 2 - evaluates world anomalies (astrolabe halt, bedrock rupture) as HISTORIC
      ---
      duration_ms: 0.164745
      type: 'test'
      ...
    # Subtest: evaluates minor transit as TRIVIAL and suppresses promotion
    ok 3 - evaluates minor transit as TRIVIAL and suppresses promotion
      ---
      duration_ms: 0.253701
      type: 'test'
      ...
    1..3
ok 16 - SignificanceEvaluator Deterministic Evaluation (CH4.SIGNIFICANCE)
  ---
  duration_ms: 2.177453
  type: 'suite'
  ...
# Subtest: HistoricalChronicleEngine Deduplication & Aggregation (CH4.DEDUP, CH4.DOSSIER, CH4.CHRONICLE)
    # Subtest: aggregates evidence into subject dossiers and orders milestones chronologically
    ok 1 - aggregates evidence into subject dossiers and orders milestones chronologically
      ---
      duration_ms: 0.591346
      type: 'test'
      ...
    # Subtest: strictly enforces deterministic deduplication (CH4.DEDUP)
    ok 2 - strictly enforces deterministic deduplication (CH4.DEDUP)
      ---
      duration_ms: 0.227568
      type: 'test'
      ...
    # Subtest: guarantees deterministic rebuildability from source evidence (CH4.REBUILD)
    ok 3 - guarantees deterministic rebuildability from source evidence (CH4.REBUILD)
      ---
      duration_ms: 1.853034
      type: 'test'
      ...
    1..3
ok 17 - HistoricalChronicleEngine Deduplication & Aggregation (CH4.DEDUP, CH4.DOSSIER, CH4.CHRONICLE)
  ---
  duration_ms: 3.079748
  type: 'suite'
  ...
# Subtest: Epistemic Projection Boundary for History (CH4.EPISTEMIC)
    # Subtest: strictly masks SECRET and OBSERVERS_ONLY entries from unauthorized player projections
    ok 1 - strictly masks SECRET and OBSERVERS_ONLY entries from unauthorized player projections
      ---
      duration_ms: 0.585518
      type: 'test'
      ...
    1..1
ok 18 - Epistemic Projection Boundary for History (CH4.EPISTEMIC)
  ---
  duration_ms: 0.854364
  type: 'suite'
  ...
# Subtest: CH1 Live Runtime Proof — Canonical Domain & HTTP API Path
    # Subtest: Verification Question Checks: live architectural binding confirmation
    ok 1 - Verification Question Checks: live architectural binding confirmation
      ---
      duration_ms: 2.837732
      type: 'test'
      ...
    # Subtest: Scenario A: Start at Location A and read state via live GET /api/game/state
    ok 2 - Scenario A: Start at Location A and read state via live GET /api/game/state
      ---
      duration_ms: 61.037538
      type: 'test'
      ...
    # Subtest: Scenario B & C: Request travel to Location B and read state immediately
    ok 3 - Scenario B & C: Request travel to Location B and read state immediately
      ---
      duration_ms: 33.492925
      type: 'test'
      ...
    # Subtest: Scenario D & E: Advance canonical time until completion and read state again
    ok 4 - Scenario D & E: Advance canonical time until completion and read state again
      ---
      duration_ms: 16.70614
      type: 'test'
      ...
    # Subtest: Scenario F: Attempt travel along a blocked route
    ok 5 - Scenario F: Attempt travel along a blocked route
      ---
      duration_ms: 12.863685
      type: 'test'
      ...
    # Subtest: Scenario G: Cancel/interruption during travel leaves origin intact and destination uncommitted
    ok 6 - Scenario G: Cancel/interruption during travel leaves origin intact and destination uncommitted
      ---
      duration_ms: 40.269907
      type: 'test'
      ...
    # Subtest: CH3 Live API: GET /api/game/player-lifecycle returns single canonical lifecycle authority
    ok 7 - CH3 Live API: GET /api/game/player-lifecycle returns single canonical lifecycle authority
      ---
      duration_ms: 5.606613
      type: 'test'
      ...
    # Subtest: CH3 Live API: Injury lifecycle actions mutate canonical authority and update live state
    ok 8 - CH3 Live API: Injury lifecycle actions mutate canonical authority and update live state
      ---
      duration_ms: 17.30715
      type: 'test'
      ...
    # Subtest: CH3 Live API: Transformation & Mortality transitions mutate canonical state
    ok 9 - CH3 Live API: Transformation & Mortality transitions mutate canonical state
      ---
      duration_ms: 25.911892
      type: 'test'
      ...
    # Subtest: CH4 Live API: GET /api/game/chronicle and /api/game/dossiers serve projected historical ledger
    ok 10 - CH4 Live API: GET /api/game/chronicle and /api/game/dossiers serve projected historical ledger
      ---
      duration_ms: 12.452905
      type: 'test'
      ...
    # Subtest: CH4 Live API: Lifecycle mutations automatically emit HistoricalEvidence to Chronicle & Dossiers
    ok 11 - CH4 Live API: Lifecycle mutations automatically emit HistoricalEvidence to Chronicle & Dossiers
      ---
      duration_ms: 42.176334
      type: 'test'
      ...
    # Subtest: CH5 Live API: GET /api/game/inventory serves canonical inventory and 13-slot paper doll
    ok 12 - CH5 Live API: GET /api/game/inventory serves canonical inventory and 13-slot paper doll
      ---
      duration_ms: 3.416049
      type: 'test'
      ...
    # Subtest: CH5 Live API: POST /api/game/inventory/equip and unequip mutate paper-doll slots authoritatively
    ok 13 - CH5 Live API: POST /api/game/inventory/equip and unequip mutate paper-doll slots authoritatively
      ---
      duration_ms: 12.565828
      type: 'test'
      ...
    # Subtest: CH5 Live API: GET /api/game/inventory/recipes and POST /api/game/inventory/craft consume materials and create item
    ok 14 - CH5 Live API: GET /api/game/inventory/recipes and POST /api/game/inventory/craft consume materials and create item
      ---
      duration_ms: 22.00046
      type: 'test'
      ...
    # Subtest: CH5 Live API: POST /api/game/inventory/degrade and /repair modify durability and clear broken state
    ok 15 - CH5 Live API: POST /api/game/inventory/degrade and /repair modify durability and clear broken state
      ---
      duration_ms: 13.261499
      type: 'test'
      ...
    # Subtest: CH6 Live API: GET /api/game/capabilities returns anchored PowerState, capability registry, and DAG graph
    ok 16 - CH6 Live API: GET /api/game/capabilities returns anchored PowerState, capability registry, and DAG graph
      ---
      duration_ms: 5.89974
      type: 'test'
      ...
    # Subtest: CH6 Live API: POST /api/game/capabilities/adjudicate deterministically resolves consequences and updates state
    ok 17 - CH6 Live API: POST /api/game/capabilities/adjudicate deterministically resolves consequences and updates state
      ---
      duration_ms: 7.838385
      type: 'test'
      ...
    # Subtest: CH6/CH7 Live API: POST /api/game/capabilities/synthesize creates structured power, derived techniques, and emits chronicle evidence
    ok 18 - CH6/CH7 Live API: POST /api/game/capabilities/synthesize creates structured power, derived techniques, and emits chronicle evidence
      ---
      duration_ms: 16.556841
      type: 'test'
      ...
    # Subtest: CH6 Live API: GET /api/game/archive/export includes capabilities state partition
    ok 19 - CH6 Live API: GET /api/game/archive/export includes capabilities state partition
      ---
      duration_ms: 5.764008
      type: 'test'
      ...
    # Subtest: CH8 Live API: POST /api/game/combat/encounter/start initializes encounter with canonical equipment & lifecycle stats
    ok 20 - CH8 Live API: POST /api/game/combat/encounter/start initializes encounter with canonical equipment & lifecycle stats
      ---
      duration_ms: 5.474186
      type: 'test'
      ...
    # Subtest: CH8 Live API: GET /api/game/combat/state returns current combat status
    ok 21 - CH8 Live API: GET /api/game/combat/state returns current combat status
      ---
      duration_ms: 3.643843
      type: 'test'
      ...
    # Subtest: CH8 Live API: POST /api/game/combat/move moves actor within speed limit
    ok 22 - CH8 Live API: POST /api/game/combat/move moves actor within speed limit
      ---
      duration_ms: 5.445227
      type: 'test'
      ...
    # Subtest: CH8 Live API: POST /api/game/combat/attack resolves D&D attack and degrades equipped weapon durability
    ok 23 - CH8 Live API: POST /api/game/combat/attack resolves D&D attack and degrades equipped weapon durability
      ---
      duration_ms: 7.739297
      type: 'test'
      ...
    # Subtest: CH8 Live API: POST /api/game/combat/cast adjudicates capability via CapabilityEngine and inflicts combat damage
    ok 24 - CH8 Live API: POST /api/game/combat/cast adjudicates capability via CapabilityEngine and inflicts combat damage
      ---
      duration_ms: 11.534913
      type: 'test'
      ...
    # Subtest: CH8 Live API: POST /api/game/combat/end-turn advances turn queue and ticks hazards
    ok 25 - CH8 Live API: POST /api/game/combat/end-turn advances turn queue and ticks hazards
      ---
      duration_ms: 2.378491
      type: 'test'
      ...
    # Subtest: CH8 Live API: GET /api/game/archive/export includes canonical/combat.json partition with valid SHA-256 hash
    ok 26 - CH8 Live API: GET /api/game/archive/export includes canonical/combat.json partition with valid SHA-256 hash
      ---
      duration_ms: 5.055799
      type: 'test'
      ...
    # Subtest: CH9 Live API: GET /api/game/memories returns seeded canonical memories with epistemic visibility
    ok 27 - CH9 Live API: GET /api/game/memories returns seeded canonical memories with epistemic visibility
      ---
      duration_ms: 5.355763
      type: 'test'
      ...
    # Subtest: CH9 Live API: POST /api/game/memories/query searches memories with keyword scoring & epistemic security
    ok 28 - CH9 Live API: POST /api/game/memories/query searches memories with keyword scoring & epistemic security
      ---
      duration_ms: 8.535881
      type: 'test'
      ...
    # Subtest: CH9 Live API: POST /api/game/memories/opportunities scans action text and detects latent opportunities (DEF-CH9-01)
    ok 29 - CH9 Live API: POST /api/game/memories/opportunities scans action text and detects latent opportunities (DEF-CH9-01)
      ---
      duration_ms: 4.348661
      type: 'test'
      ...
    # Subtest: CH9 Live API: POST /api/game/memories/store authoritatively records new memories
    ok 30 - CH9 Live API: POST /api/game/memories/store authoritatively records new memories
      ---
      duration_ms: 5.015957
      type: 'test'
      ...
    # Subtest: CH9 Live API: POST /api/game/memories/lock and /unlock manage authoritative memory locks (DEF-CH9-03)
    ok 31 - CH9 Live API: POST /api/game/memories/lock and /unlock manage authoritative memory locks (DEF-CH9-03)
      ---
      duration_ms: 11.381139
      type: 'test'
      ...
    # Subtest: CH9 Live API: POST /api/game/memories/decay advances memory decay simulation (DEF-CH9-02)
    ok 32 - CH9 Live API: POST /api/game/memories/decay advances memory decay simulation (DEF-CH9-02)
      ---
      duration_ms: 5.905633
      type: 'test'
      ...
    # Subtest: CH9 Live API: GET /api/game/archive/export includes canonical/memories.json partition with valid SHA-256 hash (DEF-CH9-05)
    ok 33 - CH9 Live API: GET /api/game/archive/export includes canonical/memories.json partition with valid SHA-256 hash (DEF-CH9-05)
      ---
      duration_ms: 4.927205
      type: 'test'
      ...
    # Subtest: CH10 Live API: GET /api/game/living-world/state returns canonical living world state (DEF-CH10-05)
    ok 34 - CH10 Live API: GET /api/game/living-world/state returns canonical living world state (DEF-CH10-05)
      ---
      duration_ms: 6.853907
      type: 'test'
      ...
    # Subtest: CH10 Live API: POST /api/game/living-world/schedule-event schedules world events and deadlines (DEF-CH10-05)
    ok 35 - CH10 Live API: POST /api/game/living-world/schedule-event schedules world events and deadlines (DEF-CH10-05)
      ---
      duration_ms: 5.020068
      type: 'test'
      ...
    # Subtest: CH10 Live API: POST /api/game/living-world/advance advances living world simulation canonically (DEF-CH10-03, DEF-CH10-05)
    ok 36 - CH10 Live API: POST /api/game/living-world/advance advances living world simulation canonically (DEF-CH10-03, DEF-CH10-05)
      ---
      duration_ms: 5.871392
      type: 'test'
      ...
    # Subtest: CH10 Live API: POST /api/game/living-world/cues evaluates personality-modulated hunger narrative cues (DEF-CH10-05)
    ok 37 - CH10 Live API: POST /api/game/living-world/cues evaluates personality-modulated hunger narrative cues (DEF-CH10-05)
      ---
      duration_ms: 6.343974
      type: 'test'
      ...
    # Subtest: CH10 Live API: GET /api/game/archive/export includes canonical/living_world.json with valid SHA-256 hash (DEF-CH10-04)
    ok 38 - CH10 Live API: GET /api/game/archive/export includes canonical/living_world.json with valid SHA-256 hash (DEF-CH10-04)
      ---
      duration_ms: 4.636265
      type: 'test'
      ...
    # Subtest: CH11 Live API: GET /api/game/context assembles canonical 13-domain working context packet and budgeted prompt (DEF-CH11-02, DEF-CH11-03)
    ok 39 - CH11 Live API: GET /api/game/context assembles canonical 13-domain working context packet and budgeted prompt (DEF-CH11-02, DEF-CH11-03)
      ---
      duration_ms: 6.711481
      type: 'test'
      ...
    # Subtest: CH11 Live API: POST /api/game/context/assemble enforces hard token budget and strict priority band eviction (DEF-CH11-01, DEF-CH11-04)
    ok 40 - CH11 Live API: POST /api/game/context/assemble enforces hard token budget and strict priority band eviction (DEF-CH11-01, DEF-CH11-04)
      ---
      duration_ms: 14.978918
      type: 'test'
      ...
    # Subtest: CH11 Live API: GET /api/game/context/inspect returns epistemic-safe breakdown without leaking secrets (DEF-CH11-03)
    ok 41 - CH11 Live API: GET /api/game/context/inspect returns epistemic-safe breakdown without leaking secrets (DEF-CH11-03)
      ---
      duration_ms: 5.571669
      type: 'test'
      ...
    # Subtest: CH11 Live API: POST /api/game/context/npc-dialogue sanitizes prompt injection tags and protects character persona boundaries (DEF-CH11-06)
    ok 42 - CH11 Live API: POST /api/game/context/npc-dialogue sanitizes prompt injection tags and protects character persona boundaries (DEF-CH11-06)
      ---
      duration_ms: 10.174058
      type: 'test'
      ...
    # Subtest: CH12 Live API: GET /api/game/orchestrator/models returns canonical model pools and specialized roles (DEF-CH12-04)
    ok 43 - CH12 Live API: GET /api/game/orchestrator/models returns canonical model pools and specialized roles (DEF-CH12-04)
      ---
      duration_ms: 4.305204
      type: 'test'
      ...
    # Subtest: CH12 Live API: POST /api/game/orchestrator/select deterministically selects eligible model respecting context (DEF-CH12-02, DEF-CH12-03)
    ok 44 - CH12 Live API: POST /api/game/orchestrator/select deterministically selects eligible model respecting context (DEF-CH12-02, DEF-CH12-03)
      ---
      duration_ms: 8.699892
      type: 'test'
      ...
    # Subtest: CH12 Live API: POST /api/game/orchestrator/turn executes full turn orchestration with context assembly, adjudication, and continuation checkpoint (DEF-CH12-01, DEF-CH12-05, DEF-CH12-06)
    ok 45 - CH12 Live API: POST /api/game/orchestrator/turn executes full turn orchestration with context assembly, adjudication, and continuation checkpoint (DEF-CH12-01, DEF-CH12-05, DEF-CH12-06)
      ---
      duration_ms: 573.468052
      type: 'test'
      ...
    # Subtest: CH12 Live API: GET /api/game/orchestrator/telemetry returns runtime metrics and stats
    ok 46 - CH12 Live API: GET /api/game/orchestrator/telemetry returns runtime metrics and stats
      ---
      duration_ms: 2.996484
      type: 'test'
      ...
    1..46
ok 19 - CH1 Live Runtime Proof — Canonical Domain & HTTP API Path
  ---
  duration_ms: 1121.730497
  type: 'suite'
  ...
# Subtest: PlayerLifecycleState Model (Decision 1)
    # Subtest: instantiates with deterministic actorId and value immutability
    ok 1 - instantiates with deterministic actorId and value immutability
      ---
      duration_ms: 0.689145
      type: 'test'
      ...
    # Subtest: supports copyWith without mutating original instance
    ok 2 - supports copyWith without mutating original instance
      ---
      duration_ms: 0.207507
      type: 'test'
      ...
    # Subtest: serializes and deserializes deterministically to/from JSON
    ok 3 - serializes and deserializes deterministically to/from JSON
      ---
      duration_ms: 0.285361
      type: 'test'
      ...
    1..3
ok 20 - PlayerLifecycleState Model (Decision 1)
  ---
  duration_ms: 2.17645
  type: 'suite'
  ...
# Subtest: World Repository Authority & Travel Semantics
    # Subtest: guarantees getCurrentLocation reads directly from PlayerLifecycleState (Single Authority)
    ok 1 - guarantees getCurrentLocation reads directly from PlayerLifecycleState (Single Authority)
      ---
      duration_ms: 0.613843
      type: 'test'
      ...
    # Subtest: strictly enforces Travel Origin Anchoring (Decision 1 Invariants 6 & 7)
    ok 2 - strictly enforces Travel Origin Anchoring (Decision 1 Invariants 6 & 7)
      ---
      duration_ms: 1.867467
      type: 'test'
      ...
    # Subtest: leaves player anchored at origin when travel is cancelled
    ok 3 - leaves player anchored at origin when travel is cancelled
      ---
      duration_ms: 0.604073
      type: 'test'
      ...
    # Subtest: manages player injuries deterministically (CH3 Embodied Lifecycle)
    ok 4 - manages player injuries deterministically (CH3 Embodied Lifecycle)
      ---
      duration_ms: 0.882176
      type: 'test'
      ...
    # Subtest: manages player transformations deterministically (CH3 Embodied Lifecycle)
    ok 5 - manages player transformations deterministically (CH3 Embodied Lifecycle)
      ---
      duration_ms: 0.745851
      type: 'test'
      ...
    # Subtest: manages player mortality and revival deterministically (CH3 Embodied Lifecycle)
    ok 6 - manages player mortality and revival deterministically (CH3 Embodied Lifecycle)
      ---
      duration_ms: 0.696152
      type: 'test'
      ...
    # Subtest: manages player possession deterministically (CH3 Embodied Lifecycle)
    ok 7 - manages player possession deterministically (CH3 Embodied Lifecycle)
      ---
      duration_ms: 0.592669
      type: 'test'
      ...
    1..7
ok 21 - World Repository Authority & Travel Semantics
  ---
  duration_ms: 6.481141
  type: 'suite'
  ...
# Subtest: CH14 - Sensory Engine Epistemic Security (DEF-CH14-04)
    # Subtest: TEST A: Visible source -> cue emitted
    ok 1 - TEST A: Visible source -> cue emitted
      ---
      duration_ms: 1.288904
      type: 'test'
      ...
    # Subtest: TEST B: Hidden source -> cue suppressed
    ok 2 - TEST B: Hidden source -> cue suppressed
      ---
      duration_ms: 0.271156
      type: 'test'
      ...
    # Subtest: TEST C: Undiscovered location -> cue suppressed
    ok 3 - TEST C: Undiscovered location -> cue suppressed
      ---
      duration_ms: 0.223173
      type: 'test'
      ...
    # Subtest: TEST D: Nonexistent source -> cue suppressed
    ok 4 - TEST D: Nonexistent source -> cue suppressed
      ---
      duration_ms: 0.430756
      type: 'test'
      ...
    # Subtest: TEST E: Malformed source -> cue suppressed
    ok 5 - TEST E: Malformed source -> cue suppressed
      ---
      duration_ms: 0.612786
      type: 'test'
      ...
    # Subtest: TEST F: Authorized combat source -> cue emitted
    ok 6 - TEST F: Authorized combat source -> cue emitted
      ---
      duration_ms: 0.288485
      type: 'test'
      ...
    # Subtest: TEST G: Authorized geography source -> cue emitted
    ok 7 - TEST G: Authorized geography source -> cue emitted
      ---
      duration_ms: 0.203784
      type: 'test'
      ...
    # Subtest: TEST H: Exact same cue executed twice -> deterministic result
    ok 8 - TEST H: Exact same cue executed twice -> deterministic result
      ---
      duration_ms: 0.170081
      type: 'test'
      ...
    # Subtest: Spatial Math regression checks
    ok 9 - Spatial Math regression checks
      ---
      duration_ms: 0.346086
      type: 'test'
      ...
    1..9
ok 22 - CH14 - Sensory Engine Epistemic Security (DEF-CH14-04)
  ---
  duration_ms: 5.236899
  type: 'suite'
  ...
# Subtest: CH10 DEF-CH10-07 and DEF-CH10-08 Verifications
    # Subtest: TEST A: Advance time across a sunrise boundary while the sunrise-linked condition is active
    ok 1 - TEST A: Advance time across a sunrise boundary while the sunrise-linked condition is active
      ---
      duration_ms: 2.753291
      type: 'test'
      ...
    # Subtest: TEST B: Advance by a large multi-hour jump that crosses sunrise
    ok 2 - TEST B: Advance by a large multi-hour jump that crosses sunrise
      ---
      duration_ms: 0.612343
      type: 'test'
      ...
    # Subtest: TEST C: Trigger a meaningful CH10 world event (CH4 evidence intact)
    ok 3 - TEST C: Trigger a meaningful CH10 world event (CH4 evidence intact)
      ---
      duration_ms: 0.822403
      type: 'test'
      ...
    # Subtest: TEST D, E, F, G: Meaningful event generates CH9 memory, deduplicates, verifies provenance and visibility
    ok 4 - TEST D, E, F, G: Meaningful event generates CH9 memory, deduplicates, verifies provenance and visibility
      ---
      duration_ms: 1.166398
      type: 'test'
      ...
    1..4
ok 23 - CH10 DEF-CH10-07 and DEF-CH10-08 Verifications
  ---
  duration_ms: 6.421151
  type: 'suite'
  ...
1..23
# tests 207
# suites 44
# pass 206
# fail 1
# cancelled 0
# skipped 0
# todo 0
# duration_ms 10294.17505
