[2026-10-04T18:10:04.609Z] chaos boot complete (http://127.0.0.1:33701)
[2026-10-04T18:10:04.951Z] baseline ok (calls 2, 339ms)
[2026-10-04T18:10:05.074Z] 429 burst ok (calls 2, 120ms)
[2026-10-04T18:10:05.250Z] 500 errors ok (calls 1, 174ms)
[2026-10-04T18:10:05.434Z] malformed_json ok (calls 1, 183ms)
[2026-10-04T18:10:05.562Z] timeout ok (calls 1, 127ms)
[2026-10-04T18:10:05.825Z] illegal_state_change ok (calls 1, 128ms; player intact)
[2026-10-04T18:10:05.990Z] total outage ok (calls 0, 164ms)
[2026-10-04T18:10:06.239Z] recovery ok (calls 1, 247ms)
[2026-10-04T18:20:44.860Z] chaos boot complete (http://127.0.0.1:35939)
[2026-10-04T18:20:45.208Z] baseline ok (primary 1, fallback 1, 344ms)
[2026-10-04T18:20:45.321Z] 429 burst ok (primary 1, fallback 1, 110ms)
[2026-10-04T18:20:46.101Z] total outage ok (emergency floor narrated, registered-provider calls 0, 127ms)
[2026-10-04T18:25:51.301Z] chaos boot complete (http://127.0.0.1:41437)
[2026-10-04T18:25:51.694Z] baseline ok (primary 1, fallback 1, 388ms)
[2026-10-04T18:26:01.907Z] 429 burst ok (primary 1, fallback 1, 114ms)
[2026-10-04T18:26:42.238Z] 500 errors ok (primary 1, fallback 1, 259ms)
[2026-10-04T18:26:42.571Z] malformed_json ok (primary 1, fallback 1, 186ms)
[2026-10-04T18:27:56.899Z] timeout ok (primary 1, fallback 1, 14193ms — real hang verified)
[2026-10-04T18:27:57.374Z] illegal_state_change ok (primary 1, fallback 1, 248ms; player intact)
[2026-10-04T18:27:58.282Z] total outage ok (emergency floor narrated, registered-provider calls 0, 211ms)
[2026-10-04T18:27:58.544Z] recovery ok (primary 1, fallback 1, 260ms)
[2026-10-04T18:30:09.809Z] chaos boot complete (http://127.0.0.1:46425)
[2026-10-04T18:30:10.164Z] baseline ok (primary 1, fallback 1, 351ms)
[2026-10-04T18:30:20.350Z] 429 burst ok (primary 1, fallback 1, 131ms)
[2026-10-04T18:31:00.679Z] 500 errors ok (primary 1, fallback 1, 258ms)
[2026-10-04T18:31:00.988Z] malformed_json ok (primary 1, fallback 1, 159ms)
[2026-10-04T18:33:37.720Z] chaos boot complete (http://127.0.0.1:40023)
[2026-10-04T18:33:38.082Z] baseline ok (primary 1, fallback 1, 357ms)
[2026-10-04T18:33:48.266Z] 429 burst ok (primary 1, fallback 1, 136ms)
[2026-10-04T18:34:28.534Z] 500 errors ok (primary 1, fallback 1, 236ms)
[2026-10-04T18:34:28.833Z] malformed_json ok (primary 1, fallback 1, 167ms)
[2026-10-04T18:35:43.217Z] timeout ok (primary 1, fallback 1, 14190ms — real hang verified)
[2026-10-04T18:35:43.685Z] illegal_state_change ok (primary 1, fallback 1, 195ms; player intact)
[2026-10-04T18:35:44.326Z] total outage ok (emergency floor narrated, registered-provider calls 0, 232ms)
[2026-10-04T18:35:44.624Z] recovery ok (primary 1, fallback 1, 296ms)
[2026-10-04T18:52:13.891Z] chaos boot complete (http://127.0.0.1:42755)
[2026-10-04T18:52:14.209Z] baseline ok (primary 1, fallback 1, 313ms)
[2026-10-04T18:52:24.439Z] 429 burst ok (primary 1, fallback 1, 127ms)
[2026-10-04T18:53:04.716Z] 500 errors ok (primary 1, fallback 1, 201ms)
[2026-10-04T18:53:05.028Z] malformed_json ok (primary 1, fallback 1, 178ms)
[2026-10-04T18:54:19.493Z] timeout ok (primary 1, fallback 1, 14197ms — real hang verified)
[2026-10-04T18:54:20.004Z] illegal_state_change ok (primary 1, fallback 1, 219ms; player intact)
[2026-10-04T18:54:20.923Z] total outage ok (emergency floor narrated, registered-provider calls 0, 240ms)
[2026-10-04T18:54:21.240Z] recovery ok (primary 1, fallback 1, 313ms)
[2026-10-04T18:59:50.058Z] chaos boot complete (http://127.0.0.1:43177)
[2026-10-04T18:59:50.369Z] baseline ok (primary 1, fallback 1, 308ms)
[2026-10-04T19:00:00.629Z] 429 burst ok (primary 1, fallback 1, 144ms)
[2026-10-04T19:00:40.959Z] 500 errors ok (primary 1, fallback 1, 228ms)
[2026-10-04T19:00:41.258Z] malformed_json ok (primary 1, fallback 1, 156ms)
[2026-10-04T19:01:55.543Z] timeout ok (primary 1, fallback 1, 14186ms — real hang verified)
[2026-10-04T19:01:55.882Z] illegal_state_change ok (primary 1, fallback 1, 160ms; player intact)
[2026-10-04T19:01:56.748Z] total outage ok (emergency floor narrated, registered-provider calls 0, 262ms)
[2026-10-04T19:01:56.978Z] recovery ok (primary 1, fallback 1, 228ms)
