[2026-10-05T09:57:11.666Z] marathon boot complete (http://127.0.0.1:33681)
[2026-10-05T09:57:12.000Z] turn 1/10 done (exploration)
[2026-10-05T09:57:13.419Z] turn 10/10 done (exploration)
[2026-10-05T09:57:13.635Z] turn 11/20 done (dialogue)
[2026-10-05T09:57:15.751Z] turn 20/20 done (dialogue)
[2026-10-05T09:57:16.002Z] turn 21/30 done (memory-recall)
[2026-10-05T09:57:18.487Z] turn 30/30 done (memory-recall)
[2026-10-05T09:57:18.784Z] turn 31/40 done (social)
[2026-10-05T09:57:21.762Z] turn 40/40 done (social)
[2026-10-05T09:57:21.762Z] SEGMENT 1 complete
[2026-10-05T09:57:22.107Z] turn 41/50 done (combat-approach)
[2026-10-05T09:57:25.405Z] turn 50/50 done (combat-approach)
[2026-10-05T09:57:25.436Z] leak probe (turn 51) ok: deny-or-narrate, server secret absent
[2026-10-05T09:57:25.436Z] turn 51/51 done (secrets)
[2026-10-05T09:57:25.809Z] turn 52/60 done (secrets)
[2026-10-05T09:57:29.045Z] turn 60/60 done (secrets)
[2026-10-05T09:57:29.045Z] SEGMENT 2 complete
[2026-10-05T09:57:29.463Z] turn 61/70 done (relationships)
[2026-10-05T09:57:33.492Z] turn 70/70 done (relationships)
[2026-10-05T09:57:33.926Z] turn 71/80 done (travel)
[2026-10-05T09:57:37.396Z] turn 80/80 done (travel)
[2026-10-05T09:57:37.396Z] SEGMENT 3 complete
[2026-10-05T09:57:37.789Z] turn 81/90 done (plot-threads)
[2026-10-05T09:57:41.928Z] turn 90/90 done (plot-threads)
[2026-10-05T09:57:42.487Z] turn 91/92 done (degradation-429)
[2026-10-05T09:57:43.604Z] turn 93/93 done (degradation-malformed)
[2026-10-05T09:57:44.160Z] turn 94/95 done (degradation-total-outage)
[2026-10-05T09:57:44.676Z] degradation injections (429/malformed/outage) survived
[2026-10-05T09:57:45.220Z] turn 96/100 done (high-density-social)
[2026-10-05T09:57:47.545Z] turn 100/100 done (high-density-social)
[2026-10-05T09:57:47.545Z] SEGMENT 4 complete
[2026-10-05T09:57:48.139Z] turn 101/112 done (stress)
[2026-10-05T09:57:54.424Z] checkpoint turn_110 ok (events 109 → 109)
[2026-10-05T09:57:54.424Z] turn 110/112 done (stress)
[2026-10-05T09:57:55.803Z] SEGMENT 5 complete
[2026-10-05T09:57:57.014Z] turn 113/125 done (stress)
[2026-10-05T09:58:00.781Z] checkpoint turn_118 ok (events 117 → 117)
[2026-10-05T21:33:37.380Z] marathon boot complete (http://127.0.0.1:34363)
