TAP version 13
# Subtest: Marathon — 125 turns, one persistent world, real action pipeline
    # Subtest: runs the full 125-turn scenario with checkpoints, degradation and idempotency
    not ok 1 - runs the full 125-turn scenario with checkpoints, degradation and idempotency
      ---
      duration_ms: 135173.54465
      type: 'test'
      location: '/home/daytona/codebase/tests/marathon-125-turn.integration.test.ts:274:3'
      failureType: 'testCodeFailure'
      error: |-
        Expected values to be strictly equal:
        
        409 !== 200
        
      code: 'ERR_ASSERTION'
      name: 'AssertionError'
      expected: 200
      actual: 409
      operator: 'strictEqual'
      stack: |-
        <anonymous> (/home/daytona/codebase/tests/marathon-125-turn.integration.test.ts:370:14)
        process.processTicksAndRejections (node:internal/process/task_queues:103:5)
        async run (/home/daytona/codebase/tests/marathon-125-turn.integration.test.ts:308:9)
        async TestContext.<anonymous> (/home/daytona/codebase/tests/marathon-125-turn.integration.test.ts:364:5)
        async Test.run (node:internal/test_runner/test:1054:7)
        async Promise.all (index 0)
        async Suite.run (node:internal/test_runner/test:1442:7)
        async startSubtestAfterBootstrap (node:internal/test_runner/harness:296:3)
      ...
    1..1
not ok 1 - Marathon — 125 turns, one persistent world, real action pipeline
  ---
  duration_ms: 135185.623405
  type: 'suite'
  location: '/home/daytona/codebase/tests/marathon-125-turn.integration.test.ts:273:1'
  failureType: 'subtestsFailed'
  error: '1 subtest failed'
  code: 'ERR_TEST_FAILURE'
  ...
1..1
# tests 1
# suites 1
# pass 0
# fail 1
# cancelled 0
# skipped 0
# todo 0
# duration_ms 136108.74445
