[boot] express+import ready at 7ms
[boot] world+models ready at 39ms
turn 1: 317ms src=AI_FALLBACK :: You act with purpose in The Whispering Orrery, and the detai
turn 2: 276ms src=AI_FALLBACK :: The attempt unfolds in The Whispering Orrery; its bronze arm
turn 3: 215ms src=AI_FALLBACK :: You act with purpose in The Whispering Orrery, and the detai
turn 4: 298ms src=AI_FALLBACK :: Within The Whispering Orrery, you commit to the effort and t
turn 5: 293ms src=AI_FALLBACK :: You press the work forward in The Whispering Orrery, and its
turn 6: 340ms src=AI_FALLBACK :: The attempt unfolds in The Whispering Orrery; its bronze arm
turn 7: 474ms src=AI_FALLBACK :: You act with purpose in The Whispering Orrery, and the detai
turn 8: 452ms src=AI_FALLBACK :: Within The Whispering Orrery, you commit to the effort and t
turn 9: 519ms src=AI_FALLBACK :: You press the work forward in The Whispering Orrery, and its
turn 10: 582ms src=AI_FALLBACK :: You act with purpose in The Whispering Orrery, and the detai
turn 11: 614ms src=AI_FALLBACK :: Within The Whispering Orrery, you commit to the effort and t
turn 12: 714ms src=AI_FALLBACK :: You press the work forward in The Whispering Orrery, and its
turn 13: 744ms src=AI_FALLBACK :: The attempt unfolds in The Whispering Orrery; its bronze arm
turn 14: 729ms src=AI_FALLBACK :: You press the work forward in The Whispering Orrery, and its
turn 15: 879ms src=AI_FALLBACK :: Within The Whispering Orrery, you commit to the effort and t
turn 16: 848ms src=AI_FALLBACK :: You act with purpose in The Whispering Orrery, and the detai
turn 17: 957ms src=AI_FALLBACK :: The attempt unfolds in The Whispering Orrery; its bronze arm
turn 18: 862ms src=AI_FALLBACK :: You act with purpose in The Whispering Orrery, and the detai
turn 19: 940ms src=AI_FALLBACK :: Within The Whispering Orrery, you commit to the effort and t
turn 20: 1091ms src=AI_FALLBACK :: Within The Whispering Orrery, you commit to the effort and t
turn 21: 916ms src=AI_FALLBACK :: You press the work forward in The Whispering Orrery, and its
turn 22: 984ms src=AI_FALLBACK :: The attempt unfolds in The Whispering Orrery; its bronze arm
turn 23: 969ms src=AI_FALLBACK :: You press the work forward in The Whispering Orrery, and its
turn 24: 1088ms src=AI_FALLBACK :: Within The Whispering Orrery, you commit to the effort and t
turn 25: 1061ms src=AI_FALLBACK :: You act with purpose in The Whispering Orrery, and the detai
first8 avg=333ms last8 avg=989ms growth=197%
