[boot] express+import ready at 6ms
[boot] world+models ready at 44ms
turn 1: 288ms src=AI_FALLBACK :: You act with purpose in The Whispering Orrery, and the detai
turn 2: 190ms src=AI_FALLBACK :: The attempt unfolds in The Whispering Orrery; its bronze arm
turn 3: 216ms src=AI_FALLBACK :: You act with purpose in The Whispering Orrery, and the detai
turn 4: 291ms src=AI_FALLBACK :: Within The Whispering Orrery, you commit to the effort and t
turn 5: 287ms src=AI_FALLBACK :: You press the work forward in The Whispering Orrery, and its
turn 6: 333ms src=AI_FALLBACK :: The attempt unfolds in The Whispering Orrery; its bronze arm
turn 7: 385ms src=AI_FALLBACK :: You act with purpose in The Whispering Orrery, and the detai
turn 8: 469ms src=AI_FALLBACK :: Within The Whispering Orrery, you commit to the effort and t
turn 9: 518ms src=AI_FALLBACK :: You press the work forward in The Whispering Orrery, and its
turn 10: 592ms src=AI_FALLBACK :: You act with purpose in The Whispering Orrery, and the detai
turn 11: 619ms src=AI_FALLBACK :: Within The Whispering Orrery, you commit to the effort and t
turn 12: 706ms src=AI_FALLBACK :: You press the work forward in The Whispering Orrery, and its
turn 13: 710ms src=AI_FALLBACK :: The attempt unfolds in The Whispering Orrery; its bronze arm
turn 14: 719ms src=AI_FALLBACK :: You press the work forward in The Whispering Orrery, and its
turn 15: 819ms src=AI_FALLBACK :: Within The Whispering Orrery, you commit to the effort and t
turn 16: 892ms src=AI_FALLBACK :: You act with purpose in The Whispering Orrery, and the detai
turn 17: 872ms src=AI_FALLBACK :: The attempt unfolds in The Whispering Orrery; its bronze arm
turn 18: 837ms src=AI_FALLBACK :: You act with purpose in The Whispering Orrery, and the detai
turn 19: 967ms src=AI_FALLBACK :: Within The Whispering Orrery, you commit to the effort and t
turn 20: 871ms src=AI_FALLBACK :: Within The Whispering Orrery, you commit to the effort and t
turn 21: 851ms src=AI_FALLBACK :: You press the work forward in The Whispering Orrery, and its
turn 22: 866ms src=AI_FALLBACK :: The attempt unfolds in The Whispering Orrery; its bronze arm
turn 23: 1023ms src=AI_FALLBACK :: You press the work forward in The Whispering Orrery, and its
turn 24: 960ms src=AI_FALLBACK :: Within The Whispering Orrery, you commit to the effort and t
turn 25: 993ms src=AI_FALLBACK :: You act with purpose in The Whispering Orrery, and the detai
turn 26: 953ms src=AI_FALLBACK :: The attempt unfolds in The Whispering Orrery; its bronze arm
turn 27: 1040ms src=AI_FALLBACK :: You act with purpose in The Whispering Orrery, and the detai
turn 28: 1019ms src=AI_FALLBACK :: Within The Whispering Orrery, you commit to the effort and t
turn 29: 1003ms src=AI_FALLBACK :: You act with purpose in The Whispering Orrery, and the detai
turn 30: 1113ms src=AI_FALLBACK :: You press the work forward in The Whispering Orrery, and its
turn 31: 1046ms src=AI_FALLBACK :: The attempt unfolds in The Whispering Orrery; its bronze arm
turn 32: 1081ms src=AI_FALLBACK :: You act with purpose in The Whispering Orrery, and the detai
turn 33: 1292ms src=AI_FALLBACK :: Within The Whispering Orrery, you commit to the effort and t
turn 34: 1250ms src=AI_FALLBACK :: You press the work forward in The Whispering Orrery, and its
turn 35: 1322ms src=AI_FALLBACK :: The attempt unfolds in The Whispering Orrery; its bronze arm
turn 36: 1319ms src=AI_FALLBACK :: You press the work forward in The Whispering Orrery, and its
turn 37: 1293ms src=AI_FALLBACK :: Within The Whispering Orrery, you commit to the effort and t
turn 38: 1287ms src=AI_FALLBACK :: You press the work forward in The Whispering Orrery, and its
turn 39: 1325ms src=AI_FALLBACK :: The attempt unfolds in The Whispering Orrery; its bronze arm
turn 40: 1458ms src=AI_FALLBACK :: The attempt unfolds in The Whispering Orrery; its bronze arm
first13 avg=431ms last13 avg=1216ms growth=182%
