[boot] express+import ready at 8ms
[boot] world+models ready at 66ms
turn 1: 254ms src=AI_FALLBACK :: You act with purpose in The Whispering Orrery, and the detai
turn 2: 170ms src=AI_FALLBACK :: The attempt unfolds in The Whispering Orrery; its bronze arm
turn 3: 175ms src=AI_FALLBACK :: You act with purpose in The Whispering Orrery, and the detai
turn 4: 259ms src=AI_FALLBACK :: Within The Whispering Orrery, you commit to the effort and t
turn 5: 212ms src=AI_FALLBACK :: You press the work forward in The Whispering Orrery, and its
turn 6: 228ms src=AI_FALLBACK :: The attempt unfolds in The Whispering Orrery; its bronze arm
turn 7: 306ms src=AI_FALLBACK :: You act with purpose in The Whispering Orrery, and the detai
turn 8: 425ms src=AI_FALLBACK :: Within The Whispering Orrery, you commit to the effort and t
turn 9: 417ms src=AI_FALLBACK :: You press the work forward in The Whispering Orrery, and its
turn 10: 488ms src=AI_FALLBACK :: You act with purpose in The Whispering Orrery, and the detai
turn 11: 366ms src=AI_FALLBACK :: Within The Whispering Orrery, you commit to the effort and t
turn 12: 367ms src=AI_FALLBACK :: You press the work forward in The Whispering Orrery, and its
turn 13: 414ms src=AI_FALLBACK :: The attempt unfolds in The Whispering Orrery; its bronze arm
turn 14: 481ms src=AI_FALLBACK :: You press the work forward in The Whispering Orrery, and its
turn 15: 477ms src=AI_FALLBACK :: Within The Whispering Orrery, you commit to the effort and t
turn 16: 740ms src=AI_FALLBACK :: You act with purpose in The Whispering Orrery, and the detai
turn 17: 501ms src=AI_FALLBACK :: The attempt unfolds in The Whispering Orrery; its bronze arm
turn 18: 527ms src=AI_FALLBACK :: You act with purpose in The Whispering Orrery, and the detai
turn 19: 603ms src=AI_FALLBACK :: Within The Whispering Orrery, you commit to the effort and t
turn 20: 578ms src=AI_FALLBACK :: Within The Whispering Orrery, you commit to the effort and t
turn 21: 496ms src=AI_FALLBACK :: You press the work forward in The Whispering Orrery, and its
turn 22: 632ms src=AI_FALLBACK :: The attempt unfolds in The Whispering Orrery; its bronze arm
turn 23: 484ms src=AI_FALLBACK :: You press the work forward in The Whispering Orrery, and its
turn 24: 469ms src=AI_FALLBACK :: Within The Whispering Orrery, you commit to the effort and t
turn 25: 615ms src=AI_FALLBACK :: You act with purpose in The Whispering Orrery, and the detai
first8 avg=254ms last8 avg=551ms growth=117%
