[boot] express+import ready at 7ms
[boot] world+models ready at 49ms
turn 1: 348ms src=AI_FALLBACK :: You act with purpose in The Whispering Orrery, and the detai
turn 2: 167ms src=AI_FALLBACK :: The attempt unfolds in The Whispering Orrery; its bronze arm
turn 3: 236ms src=AI_FALLBACK :: You act with purpose in The Whispering Orrery, and the detai
turn 4: 305ms src=AI_FALLBACK :: Within The Whispering Orrery, you commit to the effort and t
turn 5: 293ms src=AI_FALLBACK :: You press the work forward in The Whispering Orrery, and its
turn 6: 375ms src=AI_FALLBACK :: The attempt unfolds in The Whispering Orrery; its bronze arm
turn 7: 455ms src=AI_FALLBACK :: You act with purpose in The Whispering Orrery, and the detai
turn 8: 488ms src=AI_FALLBACK :: Within The Whispering Orrery, you commit to the effort and t
turn 9: 511ms src=AI_FALLBACK :: You press the work forward in The Whispering Orrery, and its
turn 10: 581ms src=AI_FALLBACK :: You act with purpose in The Whispering Orrery, and the detai
turn 11: 624ms src=AI_FALLBACK :: Within The Whispering Orrery, you commit to the effort and t
turn 12: 743ms src=AI_FALLBACK :: You press the work forward in The Whispering Orrery, and its
turn 13: 719ms src=AI_FALLBACK :: The attempt unfolds in The Whispering Orrery; its bronze arm
turn 14: 749ms src=AI_FALLBACK :: You press the work forward in The Whispering Orrery, and its
turn 15: 950ms src=AI_FALLBACK :: Within The Whispering Orrery, you commit to the effort and t
turn 16: 811ms src=AI_FALLBACK :: You act with purpose in The Whispering Orrery, and the detai
turn 17: 835ms src=AI_FALLBACK :: The attempt unfolds in The Whispering Orrery; its bronze arm
turn 18: 892ms src=AI_FALLBACK :: You act with purpose in The Whispering Orrery, and the detai
turn 19: 920ms src=AI_FALLBACK :: Within The Whispering Orrery, you commit to the effort and t
turn 20: 973ms src=AI_FALLBACK :: Within The Whispering Orrery, you commit to the effort and t
turn 21: 906ms src=AI_FALLBACK :: You press the work forward in The Whispering Orrery, and its
turn 22: 1396ms src=AI_FALLBACK :: The attempt unfolds in The Whispering Orrery; its bronze arm
turn 23: 941ms src=AI_FALLBACK :: You press the work forward in The Whispering Orrery, and its
turn 24: 1020ms src=AI_FALLBACK :: Within The Whispering Orrery, you commit to the effort and t
turn 25: 953ms src=AI_FALLBACK :: You act with purpose in The Whispering Orrery, and the detai
turn 26: 1015ms src=AI_FALLBACK :: The attempt unfolds in The Whispering Orrery; its bronze arm
turn 27: 1061ms src=AI_FALLBACK :: You act with purpose in The Whispering Orrery, and the detai
turn 28: 1054ms src=AI_FALLBACK :: Within The Whispering Orrery, you commit to the effort and t
turn 29: 1168ms src=AI_FALLBACK :: You act with purpose in The Whispering Orrery, and the detai
turn 30: 1042ms src=AI_FALLBACK :: You press the work forward in The Whispering Orrery, and its
turn 31: 1142ms src=AI_FALLBACK :: The attempt unfolds in The Whispering Orrery; its bronze arm
turn 32: 1187ms src=AI_FALLBACK :: You act with purpose in The Whispering Orrery, and the detai
turn 33: 1335ms src=AI_FALLBACK :: Within The Whispering Orrery, you commit to the effort and t
turn 34: 1136ms src=AI_FALLBACK :: You press the work forward in The Whispering Orrery, and its
turn 35: 1247ms src=AI_FALLBACK :: The attempt unfolds in The Whispering Orrery; its bronze arm
turn 36: 1561ms src=AI_FALLBACK :: You press the work forward in The Whispering Orrery, and its
turn 37: 1219ms src=AI_FALLBACK :: Within The Whispering Orrery, you commit to the effort and t
turn 38: 1554ms src=AI_FALLBACK :: You press the work forward in The Whispering Orrery, and its
turn 39: 1909ms src=AI_FALLBACK :: The attempt unfolds in The Whispering Orrery; its bronze arm
turn 40: 1566ms src=AI_FALLBACK :: The attempt unfolds in The Whispering Orrery; its bronze arm
first13 avg=450ms last13 avg=1317ms growth=193%
