[boot] express+import ready at 6ms
[boot] world+models ready at 45ms
turn 1: 227ms src=AI_FALLBACK :: You act with purpose in The Whispering Orrery, and the detai
turn 2: 120ms src=AI_FALLBACK :: The attempt unfolds in The Whispering Orrery; its bronze arm
turn 3: 191ms src=AI_FALLBACK :: You act with purpose in The Whispering Orrery, and the detai
turn 4: 147ms src=AI_FALLBACK :: Within The Whispering Orrery, you commit to the effort and t
turn 5: 102ms src=AI_FALLBACK :: You press the work forward in The Whispering Orrery, and its
turn 6: 106ms src=AI_FALLBACK :: The attempt unfolds in The Whispering Orrery; its bronze arm
turn 7: 107ms src=AI_FALLBACK :: You act with purpose in The Whispering Orrery, and the detai
turn 8: 114ms src=AI_FALLBACK :: Within The Whispering Orrery, you commit to the effort and t
turn 9: 176ms src=AI_FALLBACK :: You press the work forward in The Whispering Orrery, and its
turn 10: 135ms src=AI_FALLBACK :: You act with purpose in The Whispering Orrery, and the detai
turn 11: 135ms src=AI_FALLBACK :: Within The Whispering Orrery, you commit to the effort and t
turn 12: 184ms src=AI_FALLBACK :: You press the work forward in The Whispering Orrery, and its
turn 13: 164ms src=AI_FALLBACK :: The attempt unfolds in The Whispering Orrery; its bronze arm
turn 14: 182ms src=AI_FALLBACK :: You press the work forward in The Whispering Orrery, and its
turn 15: 260ms src=AI_FALLBACK :: Within The Whispering Orrery, you commit to the effort and t
turn 16: 173ms src=AI_FALLBACK :: You act with purpose in The Whispering Orrery, and the detai
turn 17: 183ms src=AI_FALLBACK :: The attempt unfolds in The Whispering Orrery; its bronze arm
turn 18: 203ms src=AI_FALLBACK :: You act with purpose in The Whispering Orrery, and the detai
turn 19: 315ms src=AI_FALLBACK :: Within The Whispering Orrery, you commit to the effort and t
turn 20: 198ms src=AI_FALLBACK :: Within The Whispering Orrery, you commit to the effort and t
turn 21: 176ms src=AI_FALLBACK :: You press the work forward in The Whispering Orrery, and its
turn 22: 250ms src=AI_FALLBACK :: The attempt unfolds in The Whispering Orrery; its bronze arm
turn 23: 196ms src=AI_FALLBACK :: You press the work forward in The Whispering Orrery, and its
turn 24: 192ms src=AI_FALLBACK :: Within The Whispering Orrery, you commit to the effort and t
turn 25: 191ms src=AI_FALLBACK :: You act with purpose in The Whispering Orrery, and the detai
turn 26: 302ms src=AI_FALLBACK :: The attempt unfolds in The Whispering Orrery; its bronze arm
turn 27: 197ms src=AI_FALLBACK :: You act with purpose in The Whispering Orrery, and the detai
turn 28: 200ms src=AI_FALLBACK :: Within The Whispering Orrery, you commit to the effort and t
turn 29: 344ms src=AI_FALLBACK :: You act with purpose in The Whispering Orrery, and the detai
turn 30: 253ms src=AI_FALLBACK :: You press the work forward in The Whispering Orrery, and its
turn 31: 221ms src=AI_FALLBACK :: The attempt unfolds in The Whispering Orrery; its bronze arm
turn 32: 240ms src=AI_FALLBACK :: You act with purpose in The Whispering Orrery, and the detai
turn 33: 235ms src=AI_FALLBACK :: Within The Whispering Orrery, you commit to the effort and t
turn 34: 233ms src=AI_FALLBACK :: You press the work forward in The Whispering Orrery, and its
turn 35: 301ms src=AI_FALLBACK :: The attempt unfolds in The Whispering Orrery; its bronze arm
turn 36: 217ms src=AI_FALLBACK :: You press the work forward in The Whispering Orrery, and its
turn 37: 219ms src=AI_FALLBACK :: Within The Whispering Orrery, you commit to the effort and t
turn 38: 213ms src=AI_FALLBACK :: You press the work forward in The Whispering Orrery, and its
turn 39: 229ms src=AI_FALLBACK :: The attempt unfolds in The Whispering Orrery; its bronze arm
turn 40: 228ms src=AI_FALLBACK :: The attempt unfolds in The Whispering Orrery; its bronze arm
first13 avg=147ms last13 avg=241ms growth=64%
