[boot] express+import ready at 7ms
[boot] world+models ready at 48ms
turn 1: 320ms src=AI_FALLBACK :: You act with purpose in The Whispering Orrery, and the detai
turn 2: 207ms src=AI_FALLBACK :: The attempt unfolds in The Whispering Orrery; its bronze arm
turn 3: 237ms src=AI_FALLBACK :: You act with purpose in The Whispering Orrery, and the detai
turn 4: 309ms src=AI_FALLBACK :: Within The Whispering Orrery, you commit to the effort and t
turn 5: 311ms src=AI_FALLBACK :: You press the work forward in The Whispering Orrery, and its
turn 6: 441ms src=AI_FALLBACK :: The attempt unfolds in The Whispering Orrery; its bronze arm
turn 7: 529ms src=AI_FALLBACK :: You act with purpose in The Whispering Orrery, and the detai
turn 8: 586ms src=AI_FALLBACK :: Within The Whispering Orrery, you commit to the effort and t
turn 9: 734ms src=AI_FALLBACK :: You press the work forward in The Whispering Orrery, and its
turn 10: 809ms src=AI_FALLBACK :: You act with purpose in The Whispering Orrery, and the detai
turn 11: 874ms src=AI_FALLBACK :: Within The Whispering Orrery, you commit to the effort and t
turn 12: 1113ms src=AI_FALLBACK :: You press the work forward in The Whispering Orrery, and its
turn 13: 1150ms src=AI_FALLBACK :: The attempt unfolds in The Whispering Orrery; its bronze arm
turn 14: 1286ms src=AI_FALLBACK :: You press the work forward in The Whispering Orrery, and its
turn 15: 1567ms src=AI_FALLBACK :: Within The Whispering Orrery, you commit to the effort and t
turn 16: 1618ms src=AI_FALLBACK :: You act with purpose in The Whispering Orrery, and the detai
turn 17: 1948ms src=AI_FALLBACK :: The attempt unfolds in The Whispering Orrery; its bronze arm
turn 18: 2201ms src=AI_FALLBACK :: You act with purpose in The Whispering Orrery, and the detai
turn 19: 2052ms src=AI_FALLBACK :: Within The Whispering Orrery, you commit to the effort and t
turn 20: 3026ms src=AI_FALLBACK :: Within The Whispering Orrery, you commit to the effort and t
turn 21: 2222ms src=AI_FALLBACK :: You press the work forward in The Whispering Orrery, and its
turn 22: 2396ms src=AI_FALLBACK :: The attempt unfolds in The Whispering Orrery; its bronze arm
turn 23: 2292ms src=AI_FALLBACK :: You press the work forward in The Whispering Orrery, and its
turn 24: 2504ms src=AI_FALLBACK :: Within The Whispering Orrery, you commit to the effort and t
turn 25: 2555ms src=AI_FALLBACK :: You act with purpose in The Whispering Orrery, and the detai
first8 avg=368ms last8 avg=2406ms growth=555%
