[boot] express+import ready at 7ms
[boot] world+models ready at 49ms
turn 1: 260ms src=AI_FALLBACK :: You act with purpose in The Whispering Orrery, and the detai
turn 2: 132ms src=AI_FALLBACK :: The attempt unfolds in The Whispering Orrery; its bronze arm
turn 3: 198ms src=AI_FALLBACK :: You act with purpose in The Whispering Orrery, and the detai
turn 4: 199ms src=AI_FALLBACK :: Within The Whispering Orrery, you commit to the effort and t
turn 5: 160ms src=AI_FALLBACK :: You press the work forward in The Whispering Orrery, and its
turn 6: 195ms src=AI_FALLBACK :: The attempt unfolds in The Whispering Orrery; its bronze arm
turn 7: 239ms src=AI_FALLBACK :: You act with purpose in The Whispering Orrery, and the detai
turn 8: 288ms src=AI_FALLBACK :: Within The Whispering Orrery, you commit to the effort and t
turn 9: 302ms src=AI_FALLBACK :: You press the work forward in The Whispering Orrery, and its
turn 10: 373ms src=AI_FALLBACK :: You act with purpose in The Whispering Orrery, and the detai
turn 11: 354ms src=AI_FALLBACK :: Within The Whispering Orrery, you commit to the effort and t
turn 12: 346ms src=AI_FALLBACK :: You press the work forward in The Whispering Orrery, and its
turn 13: 355ms src=AI_FALLBACK :: The attempt unfolds in The Whispering Orrery; its bronze arm
turn 14: 354ms src=AI_FALLBACK :: You press the work forward in The Whispering Orrery, and its
turn 15: 378ms src=AI_FALLBACK :: Within The Whispering Orrery, you commit to the effort and t
turn 16: 451ms src=AI_FALLBACK :: You act with purpose in The Whispering Orrery, and the detai
turn 17: 369ms src=AI_FALLBACK :: The attempt unfolds in The Whispering Orrery; its bronze arm
turn 18: 405ms src=AI_FALLBACK :: You act with purpose in The Whispering Orrery, and the detai
turn 19: 469ms src=AI_FALLBACK :: Within The Whispering Orrery, you commit to the effort and t
turn 20: 432ms src=AI_FALLBACK :: Within The Whispering Orrery, you commit to the effort and t
turn 21: 475ms src=AI_FALLBACK :: You press the work forward in The Whispering Orrery, and its
turn 22: 538ms src=AI_FALLBACK :: The attempt unfolds in The Whispering Orrery; its bronze arm
turn 23: 462ms src=AI_FALLBACK :: You press the work forward in The Whispering Orrery, and its
turn 24: 492ms src=AI_FALLBACK :: Within The Whispering Orrery, you commit to the effort and t
turn 25: 545ms src=AI_FALLBACK :: You act with purpose in The Whispering Orrery, and the detai
turn 26: 478ms src=AI_FALLBACK :: The attempt unfolds in The Whispering Orrery; its bronze arm
turn 27: 590ms src=AI_FALLBACK :: You act with purpose in The Whispering Orrery, and the detai
turn 28: 507ms src=AI_FALLBACK :: Within The Whispering Orrery, you commit to the effort and t
turn 29: 560ms src=AI_FALLBACK :: You act with purpose in The Whispering Orrery, and the detai
turn 30: 480ms src=AI_FALLBACK :: You press the work forward in The Whispering Orrery, and its
turn 31: 606ms src=AI_FALLBACK :: The attempt unfolds in The Whispering Orrery; its bronze arm
turn 32: 508ms src=AI_FALLBACK :: You act with purpose in The Whispering Orrery, and the detai
turn 33: 587ms src=AI_FALLBACK :: Within The Whispering Orrery, you commit to the effort and t
turn 34: 499ms src=AI_FALLBACK :: You press the work forward in The Whispering Orrery, and its
turn 35: 605ms src=AI_FALLBACK :: The attempt unfolds in The Whispering Orrery; its bronze arm
turn 36: 510ms src=AI_FALLBACK :: You press the work forward in The Whispering Orrery, and its
turn 37: 632ms src=AI_FALLBACK :: Within The Whispering Orrery, you commit to the effort and t
turn 38: 517ms src=AI_FALLBACK :: You press the work forward in The Whispering Orrery, and its
turn 39: 716ms src=AI_FALLBACK :: The attempt unfolds in The Whispering Orrery; its bronze arm
turn 40: 558ms src=AI_FALLBACK :: The attempt unfolds in The Whispering Orrery; its bronze arm
first13 avg=262ms last13 avg=560ms growth=114%
