TAP version 13
# Subtest: Character Genesis — batch additional capability discovery
    # Subtest: returns at most four distinct proposals and excludes existing capabilities
    ok 1 - returns at most four distinct proposals and excludes existing capabilities
      ---
      duration_ms: 3.696139
      type: 'test'
      ...
    # Subtest: does not create automatic suggestions when the model produces no usable output
    ok 2 - does not create automatic suggestions when the model produces no usable output
      ---
      duration_ms: 1.092263
      type: 'test'
      ...
    1..2
ok 1 - Character Genesis — batch additional capability discovery
  ---
  duration_ms: 8.111708
  type: 'test'
  ...
# Subtest: Character Genesis — additional AI skill discovery
    # Subtest: returns distinct skill proposals and excludes existing skills
    ok 1 - returns distinct skill proposals and excludes existing skills
      ---
      duration_ms: 3.113441
      type: 'test'
      ...
    # Subtest: does not auto-create suggestions when the model produces no usable output
    ok 2 - does not auto-create suggestions when the model produces no usable output
      ---
      duration_ms: 0.881921
      type: 'test'
      ...
    1..2
ok 2 - Character Genesis — additional AI skill discovery
  ---
  duration_ms: 7.477879
  type: 'test'
  ...
# Subtest: Character Genesis extraction hardening
    # Subtest: parses raw, fenced and conversational JSON safely
    ok 1 - parses raw, fenced and conversational JSON safely
      ---
      duration_ms: 1.99678
      type: 'test'
      ...
    # Subtest: accepts complete AI extraction and records AI provenance
    ok 2 - accepts complete AI extraction and records AI provenance
      ---
      duration_ms: 5.13324
      type: 'test'
      ...
    # Subtest: rejects structurally incomplete AI output and uses deterministic concept fallback honestly
    ok 3 - rejects structurally incomplete AI output and uses deterministic concept fallback honestly
      ---
      duration_ms: 3.33763
      type: 'test'
      ...
    # Subtest: preserves locked fields across re-extraction
    ok 4 - preserves locked fields across re-extraction
      ---
      duration_ms: 0.950803
      type: 'test'
      ...
    1..4
ok 3 - Character Genesis extraction hardening
  ---
  duration_ms: 13.468607
  type: 'test'
  ...
# Subtest: Character Genesis forwards AI-only fallback policy to the orchestrator
ok 4 - Character Genesis forwards AI-only fallback policy to the orchestrator
  ---
  duration_ms: 1.181879
  type: 'test'
  ...
# Subtest: Character Genesis structured AI parsers retry through AI fallbacks before any deterministic option
ok 5 - Character Genesis structured AI parsers retry through AI fallbacks before any deterministic option
  ---
  duration_ms: 0.645479
  type: 'test'
  ...
# Subtest: Character Genesis has an AI validator on every executeTaskGeneration structured parse path
ok 6 - Character Genesis has an AI validator on every executeTaskGeneration structured parse path
  ---
  duration_ms: 0.838911
  type: 'test'
  ...
# Subtest: Character Genesis refinement: canonical structured character survives confirmation and StoryRun creation
ok 7 - Character Genesis refinement: canonical structured character survives confirmation and StoryRun creation
  ---
  duration_ms: 28.433758
  type: 'test'
  ...
# Subtest: Character Genesis refinement: player-owned fields remain preserved during re-extraction
ok 8 - Character Genesis refinement: player-owned fields remain preserved during re-extraction
  ---
  duration_ms: 0.973605
  type: 'test'
  ...
# Subtest: Character Genesis narrative role modes
    # Subtest: supports all three canonical modes and injects their semantic contract into the AI prompt
    ok 1 - supports all three canonical modes and injects their semantic contract into the AI prompt
      ---
      duration_ms: 4.247467
      type: 'test'
      ...
    # Subtest: existing draft narrative role is preserved when no explicit mode is supplied
    ok 2 - existing draft narrative role is preserved when no explicit mode is supplied
      ---
      duration_ms: 0.415546
      type: 'test'
      ...
    1..2
ok 9 - Character Genesis narrative role modes
  ---
  duration_ms: 5.656291
  type: 'test'
  ...
# Subtest: Character extraction canonicalizes unsupported narrative role input before building the draft
ok 10 - Character extraction canonicalizes unsupported narrative role input before building the draft
  ---
  duration_ms: 0.438951
  type: 'test'
  ...
# Subtest: Character confirmation canonicalizes a profile that does not match the selected narrative mode
ok 11 - Character confirmation canonicalizes a profile that does not match the selected narrative mode
  ---
  duration_ms: 0.782491
  type: 'test'
  ...
# Subtest: Character Genesis does not silently use deterministic fallback before player consent
ok 12 - Character Genesis does not silently use deterministic fallback before player consent
  ---
  duration_ms: 2.731278
  type: 'test'
  ...
# Subtest: StoryRun Creation Slice 3 — Confirmed Character to Isolated StoryRun Verification
    # Subtest: 1. Atomic creation pins world version and binds starting state
    ok 1 - 1. Atomic creation pins world version and binds starting state
      ---
      duration_ms: 21.333475
      type: 'test'
      ...
    # Subtest: 2. PlayerLifecycle reflects confirmed character state with no default fallback
    ok 2 - 2. PlayerLifecycle reflects confirmed character state with no default fallback
      ---
      duration_ms: 1.262182
      type: 'test'
      ...
    # Subtest: 3. Geography and knowledge boundary initialized from world definition
    ok 3 - 3. Geography and knowledge boundary initialized from world definition
      ---
      duration_ms: 0.549373
      type: 'test'
      ...
    # Subtest: 4. Run chronology initialized without executing planned world events
    ok 4 - 4. Run chronology initialized without executing planned world events
      ---
      duration_ms: 0.39871
      type: 'test'
      ...
    # Subtest: 5. Inventory and equipment state faithfully mapped from starting equipment
    ok 5 - 5. Inventory and equipment state faithfully mapped from starting equipment
      ---
      duration_ms: 0.49318
      type: 'test'
      ...
    # Subtest: 6. CapabilityEngine registered with confirmed capabilities and techniques
    ok 6 - 6. CapabilityEngine registered with confirmed capabilities and techniques
      ---
      duration_ms: 0.374812
      type: 'test'
      ...
    # Subtest: 7. Strict state isolation between independent StoryRuns and default_story
    ok 7 - 7. Strict state isolation between independent StoryRuns and default_story
      ---
      duration_ms: 10.427181
      type: 'test'
      ...
    # Subtest: 8. Atomic rollback on corrupted or invalid starting configuration
    ok 8 - 8. Atomic rollback on corrupted or invalid starting configuration
      ---
      duration_ms: 2.087371
      type: 'test'
      ...
    # Subtest: 9. StoryRun is retrievable by ID with full metadata intact
    ok 9 - 9. StoryRun is retrievable by ID with full metadata intact
      ---
      duration_ms: 0.341066
      type: 'test'
      ...
    1..9
ok 13 - StoryRun Creation Slice 3 — Confirmed Character to Isolated StoryRun Verification
  ---
  duration_ms: 42.682011
  type: 'test'
  ...
# Subtest: Story Experience Slice 4 — Dynamic Opening Scene Verification
    # Subtest: Two-World Test: Generates completely distinct, world-bound opening scenes with no context leakage
    ok 1 - Two-World Test: Generates completely distinct, world-bound opening scenes with no context leakage
      ---
      duration_ms: 36.261391
      type: 'test'
      ...
    # Subtest: Reload Test: Re-querying an existing StoryRun returns exact same opening narrative without drift
    ok 2 - Reload Test: Re-querying an existing StoryRun returns exact same opening narrative without drift
      ---
      duration_ms: 0.538447
      type: 'test'
      ...
    # Subtest: Negative Test: Invalid storyId rejects without default_story fallback, and errors are recoverable without data loss
    ok 3 - Negative Test: Invalid storyId rejects without default_story fallback, and errors are recoverable without data loss
      ---
      duration_ms: 19.874087
      type: 'test'
      ...
    1..3
ok 14 - Story Experience Slice 4 — Dynamic Opening Scene Verification
  ---
  duration_ms: 89.102148
  type: 'test'
  ...
# Subtest: CH1 SURGICAL REPAIR REGRESSION
    # Subtest: DEF-CH1-01: Geography Authority Disconnect
        # Subtest: should derive UI projection from canonical GeographyGraph, without a duplicate mock location dictionary controlling the result
        ok 1 - should derive UI projection from canonical GeographyGraph, without a duplicate mock location dictionary controlling the result
          ---
          duration_ms: 13.636028
          type: 'test'
          ...
        # Subtest: DISCOVER_LOCATION changes canonical discovery state
        ok 2 - DISCOVER_LOCATION changes canonical discovery state
          ---
          duration_ms: 2.591806
          type: 'test'
          ...
        1..2
    ok 1 - DEF-CH1-01: Geography Authority Disconnect
      ---
      duration_ms: 17.292859
      type: 'suite'
      ...
    # Subtest: DEF-CH1-02: Travel Interruptions
        # Subtest: should deterministically interrupt a journey, preserve elapsed time and location rules
        ok 1 - should deterministically interrupt a journey, preserve elapsed time and location rules
          ---
          duration_ms: 12.683032
          type: 'test'
          ...
        1..1
    ok 2 - DEF-CH1-02: Travel Interruptions
      ---
      duration_ms: 12.976257
      type: 'suite'
      ...
    # Subtest: DEF-CH1-03: Simulation Time Scale Semantics
        # Subtest: advanceSeconds() strictly adds literal canonical simulation seconds, irrespective of timeScale
        ok 1 - advanceSeconds() strictly adds literal canonical simulation seconds, irrespective of timeScale
          ---
          duration_ms: 0.563648
          type: 'test'
          ...
        1..1
    ok 3 - DEF-CH1-03: Simulation Time Scale Semantics
      ---
      duration_ms: 0.721797
      type: 'suite'
      ...
    # Subtest: DEF-CH1-04: Geography Provenance
        # Subtest: Canonical geography nodes and edges have structured provenance
        ok 1 - Canonical geography nodes and edges have structured provenance
          ---
          duration_ms: 0.458392
          type: 'test'
          ...
        1..1
    ok 4 - DEF-CH1-04: Geography Provenance
      ---
      duration_ms: 0.672092
      type: 'suite'
      ...
    1..4
ok 15 - CH1 SURGICAL REPAIR REGRESSION
  ---
  duration_ms: 32.58414
  type: 'suite'
  ...
# Subtest: Story Experience Slice 5 — Freeform Action Loop Verification
    # Subtest: 1. Freeform action submission preserves exact text and routes to correct StoryRun
    ok 1 - 1. Freeform action submission preserves exact text and routes to correct StoryRun
      ---
      duration_ms: 6.497052
      type: 'test'
      ...
    # Subtest: 2. Freeform capability expression resolves via CapabilityEngine without exact skill card phrasing
    ok 2 - 2. Freeform capability expression resolves via CapabilityEngine without exact skill card phrasing
      ---
      duration_ms: 1.37387
      type: 'test'
      ...
    # Subtest: 3. World & Run Isolation: Action in Run A1 does not alter Run A2 or World B
    ok 3 - 3. World & Run Isolation: Action in Run A1 does not alter Run A2 or World B
      ---
      duration_ms: 1.46786
      type: 'test'
      ...
    # Subtest: 4. Demo Firewall & Error Handling: Invalid story ID rejects without default_story fallback
    ok 4 - 4. Demo Firewall & Error Handling: Invalid story ID rejects without default_story fallback
      ---
      duration_ms: 3.12708
      type: 'test'
      ...
    # Subtest: 5. Persistence & Reload: Action history persists across state reloads
    ok 5 - 5. Persistence & Reload: Action history persists across state reloads
      ---
      duration_ms: 0.887401
      type: 'test'
      ...
    1..5
ok 16 - Story Experience Slice 5 — Freeform Action Loop Verification
  ---
  duration_ms: 48.710562
  type: 'test'
  ...
# Subtest: Story Experience Slice 6 — StoryView UX & Visual Polish Verification
ok 17 - Story Experience Slice 6 — StoryView UX & Visual Polish Verification
  ---
  duration_ms: 26.632828
  type: 'test'
  ...
# Subtest: Living World Timeline Execution & Story Mode Behavior (Slice 7) Comprehensive Verification Suite
    # Subtest: 1. Scheduled Event Eligibility & Time Threshold Crossing
    ok 1 - 1. Scheduled Event Eligibility & Time Threshold Crossing
      ---
      duration_ms: 34.458972
      type: 'test'
      ...
    # Subtest: 2. Prerequisite Dependency Enforcement
    ok 2 - 2. Prerequisite Dependency Enforcement
      ---
      duration_ms: 7.845163
      type: 'test'
      ...
    # Subtest: 3. Story Mode Behaviors (Protagonist vs Side Character vs Free Roam)
    ok 3 - 3. Story Mode Behaviors (Protagonist vs Side Character vs Free Roam)
      ---
      duration_ms: 10.819473
      type: 'test'
      ...
    # Subtest: 4. Run Independence & Base World Template Isolation
    ok 4 - 4. Run Independence & Base World Template Isolation
      ---
      duration_ms: 12.273375
      type: 'test'
      ...
    # Subtest: 5. Idempotency Protection
    ok 5 - 5. Idempotency Protection
      ---
      duration_ms: 5.279686
      type: 'test'
      ...
    1..5
ok 18 - Living World Timeline Execution & Story Mode Behavior (Slice 7) Comprehensive Verification Suite
  ---
  duration_ms: 72.919125
  type: 'test'
  ...
# Subtest: Adaptive RPG HUD & Character Drawer (Slice 8) Comprehensive Verification Suite
    # Subtest: 1. Current Character & State Projection
    ok 1 - 1. Current Character & State Projection
      ---
      duration_ms: 17.079232
      type: 'test'
      ...
    # Subtest: 2. Current Equipment & Inventory Projection
    ok 2 - 2. Current Equipment & Inventory Projection
      ---
      duration_ms: 4.89099
      type: 'test'
      ...
    # Subtest: 3. Capability vs Technique Distinction & Lineage
    ok 3 - 3. Capability vs Technique Distinction & Lineage
      ---
      duration_ms: 4.607089
      type: 'test'
      ...
    # Subtest: 4. StoryId Scoping & Multi-Run Isolation
    ok 4 - 4. StoryId Scoping & Multi-Run Isolation
      ---
      duration_ms: 10.427266
      type: 'test'
      ...
    # Subtest: 5. Mutation -> Updated HUD State
    ok 5 - 5. Mutation -> Updated HUD State
      ---
      duration_ms: 2.876325
      type: 'test'
      ...
    1..5
ok 19 - Adaptive RPG HUD & Character Drawer (Slice 8) Comprehensive Verification Suite
  ---
  duration_ms: 41.68757
  type: 'test'
  ...
# Subtest: Slice 9: Dynamic World Map + Epistemic Exploration + Travel Verification Suite
    # Subtest: 1. World Geography & storyId scoping
    ok 1 - 1. World Geography & storyId scoping
      ---
      duration_ms: 1.068428
      type: 'test'
      ...
    # Subtest: 2. Epistemic travel validation and boundary checks
    ok 2 - 2. Epistemic travel validation and boundary checks
      ---
      duration_ms: 0.535418
      type: 'test'
      ...
    # Subtest: 3. ServerMockAuthority TRAVEL_REQUEST with route edges and viewState projection
    ok 3 - 3. ServerMockAuthority TRAVEL_REQUEST with route edges and viewState projection
      ---
      duration_ms: 4.470504
      type: 'test'
      ...
    1..3
ok 20 - Slice 9: Dynamic World Map + Epistemic Exploration + Travel Verification Suite
  ---
  duration_ms: 24.943466
  type: 'test'
  ...
# Subtest: World Creation Slice 1F - Fixture-Free Fallback & Premise Faithfulness
    # Subtest: synthesizes a glass-themed premise without high fantasy demo contamination
    ok 1 - synthesizes a glass-themed premise without high fantasy demo contamination
      ---
      duration_ms: 24.605066
      type: 'test'
      ...
    # Subtest: synthesizes a plant-themed premise faithfully
    ok 2 - synthesizes a plant-themed premise faithfully
      ---
      duration_ms: 5.295807
      type: 'test'
      ...
    1..2
ok 21 - World Creation Slice 1F - Fixture-Free Fallback & Premise Faithfulness
  ---
  duration_ms: 31.209802
  type: 'suite'
  ...
# Subtest: Model Routing Slice 1G - Fallback Chain Management & Real Model Connection
    # Subtest: initializes default fallback chains and allows custom fallback chain updates
    ok 1 - initializes default fallback chains and allows custom fallback chain updates
      ---
      duration_ms: 5.19075
      type: 'test'
      ...
    # Subtest: selects models respecting configured task fallback chains and preserves emergency floor safety layer
    ok 2 - selects models respecting configured task fallback chains and preserves emergency floor safety layer
      ---
      duration_ms: 3.589937
      type: 'test'
      ...
    1..2
ok 22 - Model Routing Slice 1G - Fallback Chain Management & Real Model Connection
  ---
  duration_ms: 10.263213
  type: 'suite'
  ...
# Subtest: CH2 SURGICAL REPAIR VERIFICATION — EPISTEMIC HORIZON & ACTOR DISCOVERY
    # Subtest: DEF-CH2-01: Route Edge Epistemic Leak
        # Subtest: Scenario A: hides route edges connected to undiscovered locations
        ok 1 - Scenario A: hides route edges connected to undiscovered locations
          ---
          duration_ms: 7.74419
          type: 'test'
          ...
        1..1
    ok 1 - DEF-CH2-01: Route Edge Epistemic Leak
      ---
      duration_ms: 8.526201
      type: 'suite'
      ...
    # Subtest: DEF-CH2-02: Actor-Scoped Discovery Authority
        # Subtest: Scenario B & C: discovery is actor-scoped and isolated between actors
        ok 1 - Scenario B & C: discovery is actor-scoped and isolated between actors
          ---
          duration_ms: 5.982582
          type: 'test'
          ...
        1..1
    ok 2 - DEF-CH2-02: Actor-Scoped Discovery Authority
      ---
      duration_ms: 6.208718
      type: 'suite'
      ...
    # Subtest: DEF-CH2-03: Living World Epistemic Projection
        # Subtest: Scenario D: masks undiscovered locations, NPC schedules, and secret events in living-world state
        ok 1 - Scenario D: masks undiscovered locations, NPC schedules, and secret events in living-world state
          ---
          duration_ms: 1.088214
          type: 'test'
          ...
        1..1
    ok 3 - DEF-CH2-03: Living World Epistemic Projection
      ---
      duration_ms: 1.472046
      type: 'suite'
      ...
    # Subtest: DEF-CH2-04: Working Context Engine Epistemic Masking
        # Subtest: Scenario E: masks undiscovered targetLocationId in AI schedule route context
        ok 1 - Scenario E: masks undiscovered targetLocationId in AI schedule route context
          ---
          duration_ms: 32.890615
          type: 'test'
          ...
        1..1
    ok 4 - DEF-CH2-04: Working Context Engine Epistemic Masking
      ---
      duration_ms: 33.352226
      type: 'suite'
      ...
    # Subtest: Scenario F: Persistence & Archive Integrity
        # Subtest: preserves discoveredLocationIds across PlayerLifecycleState serialization and campaign archive
        ok 1 - preserves discoveredLocationIds across PlayerLifecycleState serialization and campaign archive
          ---
          duration_ms: 3.350229
          type: 'test'
          ...
        1..1
    ok 5 - Scenario F: Persistence & Archive Integrity
      ---
      duration_ms: 3.883647
      type: 'suite'
      ...
    # Subtest: CH2 RECONCILIATION SURGICAL REPAIRS (CH2-05, BYPASS-01, BYPASS-02, CH2-06, CH2-07)
        # Subtest: BYPASS-01 & BYPASS-02: WorkingContext uses actor-scoped discovery and capabilities
        ok 1 - BYPASS-01 & BYPASS-02: WorkingContext uses actor-scoped discovery and capabilities
          ---
          duration_ms: 5.102255
          type: 'test'
          ...
        # Subtest: CH2-06: CapabilityEngine.getActorCapabilities filters by vesselCapacity
        ok 2 - CH2-06: CapabilityEngine.getActorCapabilities filters by vesselCapacity
          ---
          duration_ms: 0.926759
          type: 'test'
          ...
        # Subtest: CH2-07: InventoryItemEngine.projectActorInventory masks unidentified items
        ok 3 - CH2-07: InventoryItemEngine.projectActorInventory masks unidentified items
          ---
          duration_ms: 1.384388
          type: 'test'
          ...
        1..3
    ok 6 - CH2 RECONCILIATION SURGICAL REPAIRS (CH2-05, BYPASS-01, BYPASS-02, CH2-06, CH2-07)
      ---
      duration_ms: 7.734872
      type: 'suite'
      ...
    # Subtest: CH2-08: Actor-Scoped Tactical Perception & Knowledge Projection
        # Subtest: Canonical Completeness: TacticalCombatEngine retains all participants, hazards, and turns internally
        ok 1 - Canonical Completeness: TacticalCombatEngine retains all participants, hazards, and turns internally
          ---
          duration_ms: 6.094867
          type: 'test'
          ...
        # Subtest: Actor Isolation: projectCombatForActor omits hidden participants and masks turnQueue
        ok 2 - Actor Isolation: projectCombatForActor omits hidden participants and masks turnQueue
          ---
          duration_ms: 2.366803
          type: 'test'
          ...
        # Subtest: AI Context Scoping: WorkingContextEngine does not leak hidden combatants into prompt text
        ok 3 - AI Context Scoping: WorkingContextEngine does not leak hidden combatants into prompt text
          ---
          duration_ms: 5.569739
          type: 'test'
          ...
        # Subtest: Event Log Sanitization: prevents event leaks for unseen actions
        ok 4 - Event Log Sanitization: prevents event leaks for unseen actions
          ---
          duration_ms: 4.276007
          type: 'test'
          ...
        # Subtest: Target-ID Security Authorization: rejects targeting unseen/hidden participants
        ok 5 - Target-ID Security Authorization: rejects targeting unseen/hidden participants
          ---
          duration_ms: 7.423859
          type: 'test'
          ...
        # Subtest: Lossless Archival: exportState and importState remain 100% canonical and lossless
        ok 6 - Lossless Archival: exportState and importState remain 100% canonical and lossless
          ---
          duration_ms: 5.760919
          type: 'test'
          ...
        1..6
    ok 7 - CH2-08: Actor-Scoped Tactical Perception & Knowledge Projection
      ---
      duration_ms: 31.977824
      type: 'suite'
      ...
    # Subtest: CH2-08 FINAL REPAIR: ACTOR IDENTITY SECURITY & EPISTEMIC KNOWLEDGE BOUNDARIES
        # Subtest: TEST 1: Public route GET /combat/state cannot fetch projection for unowned actorId
        ok 1 - TEST 1: Public route GET /combat/state cannot fetch projection for unowned actorId
          ---
          duration_ms: 336.953057
          type: 'test'
          ...
        # Subtest: TEST 2: Public route POST /combat/move cannot move unowned actorId
        ok 2 - TEST 2: Public route POST /combat/move cannot move unowned actorId
          ---
          duration_ms: 65.968953
          type: 'test'
          ...
        # Subtest: TEST 3: Public route POST /combat/attack cannot attack as unowned attackerId
        ok 3 - TEST 3: Public route POST /combat/attack cannot attack as unowned attackerId
          ---
          duration_ms: 11.038285
          type: 'test'
          ...
        # Subtest: TEST 4: Public route POST /combat/cast cannot cast as unowned actorId
        ok 4 - TEST 4: Public route POST /combat/cast cannot cast as unowned actorId
          ---
          duration_ms: 22.205995
          type: 'test'
          ...
        # Subtest: TEST 5: Public route POST /combat/end-turn cannot end turn as unowned actorId
        ok 5 - TEST 5: Public route POST /combat/end-turn cannot end turn as unowned actorId
          ---
          duration_ms: 22.688398
          type: 'test'
          ...
        # Subtest: TEST 6: Combat participant known via durable KnowledgeFact is visible even if stealthed
        ok 6 - TEST 6: Combat participant known via durable KnowledgeFact is visible even if stealthed
          ---
          duration_ms: 7.031475
          type: 'test'
          ...
        # Subtest: TEST 7: Combat participant unknown epistemically is NOT visible even if adjacent
        ok 7 - TEST 7: Combat participant unknown epistemically is NOT visible even if adjacent
          ---
          duration_ms: 1.789133
          type: 'test'
          ...
        # Subtest: TEST 8: Epistemic check in projectCombatForActor and isParticipantKnownToActor return identical results for all participants
        ok 8 - TEST 8: Epistemic check in projectCombatForActor and isParticipantKnownToActor return identical results for all participants
          ---
          duration_ms: 12.880611
          type: 'test'
          ...
        # Subtest: TEST 9: Full turn cycle executes with actor-scoped projections without epistemic leak
        ok 9 - TEST 9: Full turn cycle executes with actor-scoped projections without epistemic leak
          ---
          duration_ms: 8.080844
          type: 'test'
          ...
        1..9
    ok 8 - CH2-08 FINAL REPAIR: ACTOR IDENTITY SECURITY & EPISTEMIC KNOWLEDGE BOUNDARIES
      ---
      duration_ms: 754.383376
      type: 'suite'
      ...
    # Subtest: CH2 REGRESSION: Epistemic Node & Dynamic Geography Verification
        # Subtest: proves a newly created dynamic world contains NO default fixture nodes
        ok 1 - proves a newly created dynamic world contains NO default fixture nodes
          ---
          duration_ms: 19.338227
          type: 'test'
          ...
        # Subtest: enforces strict epistemic visibility on 4-node graph with an undiscovered node
        ok 2 - enforces strict epistemic visibility on 4-node graph with an undiscovered node
          ---
          duration_ms: 3.538912
          type: 'test'
          ...
        # Subtest: enforces strict epistemic visibility on 5-node graph with an undiscovered node
        ok 3 - enforces strict epistemic visibility on 5-node graph with an undiscovered node
          ---
          duration_ms: 2.033054
          type: 'test'
          ...
        # Subtest: enforces strict epistemic visibility on 6-node graph with an undiscovered node
        ok 4 - enforces strict epistemic visibility on 6-node graph with an undiscovered node
          ---
          duration_ms: 6.106991
          type: 'test'
          ...
        # Subtest: shows all nodes with real IDs in a completely discovered graph
        ok 5 - shows all nodes with real IDs in a completely discovered graph
          ---
          duration_ms: 1.883
          type: 'test'
          ...
        1..5
    ok 9 - CH2 REGRESSION: Epistemic Node & Dynamic Geography Verification
      ---
      duration_ms: 33.266704
      type: 'suite'
      ...
    1..9
ok 23 - CH2 SURGICAL REPAIR VERIFICATION — EPISTEMIC HORIZON & ACTOR DISCOVERY
  ---
  duration_ms: 883.526876
  type: 'suite'
  ...
# Subtest: CH3.2 Item-Bound Capabilities & Equipment-Granted Skills Suite
    # Subtest: TEST 1: Canonical item definitions declare grantedCapabilities correctly
    ok 1 - TEST 1: Canonical item definitions declare grantedCapabilities correctly
      ---
      duration_ms: 4.302039
      type: 'test'
      ...
    # Subtest: TEST 2: Canonical capability definitions are registered in CapabilityEngine
    ok 2 - TEST 2: Canonical capability definitions are registered in CapabilityEngine
      ---
      duration_ms: 1.352119
      type: 'test'
      ...
    # Subtest: TEST 3: Equipping an item dynamically surfaces granted capability in getEffectiveActorCapabilities
    ok 3 - TEST 3: Equipping an item dynamically surfaces granted capability in getEffectiveActorCapabilities
      ---
      duration_ms: 1.893209
      type: 'test'
      ...
    # Subtest: TEST 4: Unequipping an item dynamically revokes the granted capability
    ok 4 - TEST 4: Unequipping an item dynamically revokes the granted capability
      ---
      duration_ms: 1.673732
      type: 'test'
      ...
    # Subtest: TEST 5: Innate/learned capabilities persist regardless of item equip/unequip
    ok 5 - TEST 5: Innate/learned capabilities persist regardless of item equip/unequip
      ---
      duration_ms: 1.58917
      type: 'test'
      ...
    # Subtest: TEST 6: Dual source (Learned + Equipment) produces exactly ONE merged capability entry with multiple sources
    ok 6 - TEST 6: Dual source (Learned + Equipment) produces exactly ONE merged capability entry with multiple sources
      ---
      duration_ms: 1.114336
      type: 'test'
      ...
    # Subtest: TEST 7: Unequipping dual-source item retains the learned capability without loss
    ok 7 - TEST 7: Unequipping dual-source item retains the learned capability without loss
      ---
      duration_ms: 0.967679
      type: 'test'
      ...
    # Subtest: TEST 8: Two equipped items granting the same capability merge into one entry with multiple equipment sources
    ok 8 - TEST 8: Two equipped items granting the same capability merge into one entry with multiple equipment sources
      ---
      duration_ms: 1.620699
      type: 'test'
      ...
    # Subtest: TEST 9: Broken item (isBroken=true) does NOT grant capability
    ok 9 - TEST 9: Broken item (isBroken=true) does NOT grant capability
      ---
      duration_ms: 1.222928
      type: 'test'
      ...
    # Subtest: TEST 10: Item with 0 durability immediately loses capability grant
    ok 10 - TEST 10: Item with 0 durability immediately loses capability grant
      ---
      duration_ms: 1.093729
      type: 'test'
      ...
    # Subtest: TEST 11: Unidentified item masks client projection but server resolves capability grant accurately
    ok 11 - TEST 11: Unidentified item masks client projection but server resolves capability grant accurately
      ---
      duration_ms: 0.941462
      type: 'test'
      ...
    # Subtest: TEST 12: Live API rejects unequipped/unlearned capability cast with HTTP 403
    ok 12 - TEST 12: Live API rejects unequipped/unlearned capability cast with HTTP 403
      ---
      duration_ms: 225.118332
      type: 'test'
      ...
    # Subtest: TEST 13: Epistemic boundary blocks target analysis on unperceived/concealed entities
    ok 13 - TEST 13: Epistemic boundary blocks target analysis on unperceived/concealed entities
      ---
      duration_ms: 159.097113
      type: 'test'
      ...
    # Subtest: TEST 14: WorkingContextEngine includes equipped capabilities and provenance in turn context
    ok 14 - TEST 14: WorkingContextEngine includes equipped capabilities and provenance in turn context
      ---
      duration_ms: 41.078585
      type: 'test'
      ...
    # Subtest: TEST 15: Lossless archive serialization and atomic restore preserves equipment capability dynamic state
    ok 15 - TEST 15: Lossless archive serialization and atomic restore preserves equipment capability dynamic state
      ---
      duration_ms: 24.914419
      type: 'test'
      ...
    # Subtest: TEST 16: Adjudication rejects client-fabricated capability invocation without valid equipment or learned grant
    ok 16 - TEST 16: Adjudication rejects client-fabricated capability invocation without valid equipment or learned grant
      ---
      duration_ms: 19.894539
      type: 'test'
      ...
    1..16
ok 24 - CH3.2 Item-Bound Capabilities & Equipment-Granted Skills Suite
  ---
  duration_ms: 508.748669
  type: 'suite'
  ...
# Subtest: CH3 Surgical Repair Verification Suite
    # Subtest: Objective A: Autonomous NPC Decision Policy
        # Subtest: TEST 1: NPC decision changes when canonical state changes (Low Health Retreat vs Healthy Attack)
        ok 1 - TEST 1: NPC decision changes when canonical state changes (Low Health Retreat vs Healthy Attack)
          ---
          duration_ms: 4.26178
          type: 'test'
          ...
        # Subtest: TEST 2: Same initial state produces deterministic tactical decision
        ok 2 - TEST 2: Same initial state produces deterministic tactical decision
          ---
          duration_ms: 21.112464
          type: 'test'
          ...
        # Subtest: TEST 3: Tactical policy cannot invent unavailable capabilities or exceed resources
        ok 3 - TEST 3: Tactical policy cannot invent unavailable capabilities or exceed resources
          ---
          duration_ms: 39.087966
          type: 'test'
          ...
        # Subtest: TEST 4: Tactical policy cannot use knowledge outside actor-scoped epistemic context
        ok 4 - TEST 4: Tactical policy cannot use knowledge outside actor-scoped epistemic context
          ---
          duration_ms: 9.756526
          type: 'test'
          ...
        1..4
    ok 1 - Objective A: Autonomous NPC Decision Policy
      ---
      duration_ms: 87.196105
      type: 'suite'
      ...
    # Subtest: Objective B: Group Tactical Coordination
        # Subtest: TEST 5: Group decision distinguishes VANGUARD vs REARGUARD/PROTECTOR roles
        ok 1 - TEST 5: Group decision distinguishes VANGUARD vs REARGUARD/PROTECTOR roles
          ---
          duration_ms: 3.145583
          type: 'test'
          ...
        1..1
    ok 2 - Objective B: Group Tactical Coordination
      ---
      duration_ms: 3.454411
      type: 'suite'
      ...
    # Subtest: Objective C: AI Adjudication Atomicity
    ok 3 - Objective C: AI Adjudication Atomicity
      ---
      duration_ms: 0.156256
      type: 'suite'
      ...
    # Subtest: Objective D: Actor Authority & HTTP API Verification
        # Subtest: TEST 8: Forged actor identity on player combat routes returns 403 Forbidden
        ok 1 - TEST 8: Forged actor identity on player combat routes returns 403 Forbidden
          ---
          duration_ms: 129.168171
          type: 'test'
          ...
        # Subtest: TEST 9: NPC tactical turn endpoint executes autonomously and rejects player usurpation
        ok 2 - TEST 9: NPC tactical turn endpoint executes autonomously and rejects player usurpation
          ---
          duration_ms: 247.459524
          type: 'test'
          ...
        1..2
    ok 4 - Objective D: Actor Authority & HTTP API Verification
      ---
      duration_ms: 377.331681
      type: 'suite'
      ...
    1..4
ok 25 - CH3 Surgical Repair Verification Suite
  ---
  duration_ms: 479.290442
  type: 'suite'
  ...
# Subtest: CH4 SURGICAL REPAIR (Evidence Identity & AI Boundary)
    # Subtest: TEST 1 & 2: DETERMINISTIC EVIDENCE IDENTITY & REPLAY DEDUPLICATION
    ok 1 - TEST 1 & 2: DETERMINISTIC EVIDENCE IDENTITY & REPLAY DEDUPLICATION
      ---
      duration_ms: 2.136623
      type: 'test'
      ...
    # Subtest: TEST 3: DIFFERENT EVENTS REMAIN DISTINCT
    ok 2 - TEST 3: DIFFERENT EVENTS REMAIN DISTINCT
      ---
      duration_ms: 0.864988
      type: 'test'
      ...
    # Subtest: TEST 4: ARCHIVE / RESTORE
    ok 3 - TEST 4: ARCHIVE / RESTORE
      ---
      duration_ms: 23.62318
      type: 'test'
      ...
    # Subtest: TEST 5: AI CHRONICLE REJECTION
    ok 4 - TEST 5: AI CHRONICLE REJECTION
      ---
      duration_ms: 1.20031
      type: 'test'
      ...
    # Subtest: TEST 6: AI CANNOT INVENT PROVENANCE
    ok 5 - TEST 6: AI CANNOT INVENT PROVENANCE
      ---
      duration_ms: 0.572822
      type: 'test'
      ...
    # Subtest: TEST 7: AI CANNOT INVENT CAUSALITY
    ok 6 - TEST 7: AI CANNOT INVENT CAUSALITY
      ---
      duration_ms: 0.565063
      type: 'test'
      ...
    # Subtest: TEST 8: VALID CANONICAL EVENT STILL PROMOTES
    ok 7 - TEST 8: VALID CANONICAL EVENT STILL PROMOTES
      ---
      duration_ms: 0.951977
      type: 'test'
      ...
    1..7
ok 26 - CH4 SURGICAL REPAIR (Evidence Identity & AI Boundary)
  ---
  duration_ms: 31.209555
  type: 'suite'
  ...
# Subtest: TEST 9: DIFFERENT EVENTS WITH SAME LOGICAL TIMESTAMP RECEIVE DISTINCT DETERMINISTIC IDS
ok 27 - TEST 9: DIFFERENT EVENTS WITH SAME LOGICAL TIMESTAMP RECEIVE DISTINCT DETERMINISTIC IDS
  ---
  duration_ms: 1.767871
  type: 'test'
  ...
# Subtest: CH5 Surgical Repair - Crafting & Transfer
    # Subtest: Crafting Prerequisites (CH5-DEF-001)
        # Subtest: CRAFTING 1: valid tool requirement succeeds
        ok 1 - CRAFTING 1: valid tool requirement succeeds
          ---
          duration_ms: 2.827476
          type: 'test'
          ...
        # Subtest: CRAFTING 2: missing required tool is rejected
        ok 2 - CRAFTING 2: missing required tool is rejected
          ---
          duration_ms: 0.938813
          type: 'test'
          ...
        # Subtest: CRAFTING 3: canonical crafting time is respected and returned for clock advancement
        ok 3 - CRAFTING 3: canonical crafting time is respected and returned for clock advancement
          ---
          duration_ms: 2.465518
          type: 'test'
          ...
        # Subtest: CRAFTING 5: material insufficiency remains atomic
        ok 4 - CRAFTING 5: material insufficiency remains atomic
          ---
          duration_ms: 0.737796
          type: 'test'
          ...
        # Subtest: CRAFTING 6, 7: successful output remains deterministic and provenance correct
        ok 5 - CRAFTING 6, 7: successful output remains deterministic and provenance correct
          ---
          duration_ms: 0.527984
          type: 'test'
          ...
        1..5
    ok 1 - Crafting Prerequisites (CH5-DEF-001)
      ---
      duration_ms: 8.380091
      type: 'suite'
      ...
    # Subtest: Transfer & Looting (CH5-DEF-002)
        # Subtest: TRANSFER 9: valid actor-to-container transfer
        ok 1 - TRANSFER 9: valid actor-to-container transfer
          ---
          duration_ms: 0.817959
          type: 'test'
          ...
        # Subtest: TRANSFER 10: valid container-to-actor loot
        ok 2 - TRANSFER 10: valid container-to-actor loot
          ---
          duration_ms: 0.63462
          type: 'test'
          ...
        # Subtest: TRANSFER 11, 12: missing / forged item ID rejected
        ok 3 - TRANSFER 11, 12: missing / forged item ID rejected
          ---
          duration_ms: 0.553897
          type: 'test'
          ...
        # Subtest: TRANSFER 13, 14, 20: forged ownership / unauthorized source rejected
        ok 4 - TRANSFER 13, 14, 20: forged ownership / unauthorized source rejected
          ---
          duration_ms: 0.582948
          type: 'test'
          ...
        # Subtest: TRANSFER 16: failed transfer leaves source and target unchanged
        ok 5 - TRANSFER 16: failed transfer leaves source and target unchanged
          ---
          duration_ms: 0.748567
          type: 'test'
          ...
        # Subtest: TRANSFER 17, 18: successful transfer preserves durability/quality/condition/provenance
        ok 6 - TRANSFER 17, 18: successful transfer preserves durability/quality/condition/provenance
          ---
          duration_ms: 0.477097
          type: 'test'
          ...
        # Subtest: TRANSFER 19: corpse loot uses canonical corpse inventory
        ok 7 - TRANSFER 19: corpse loot uses canonical corpse inventory
          ---
          duration_ms: 0.375856
          type: 'test'
          ...
        1..7
    ok 2 - Transfer & Looting (CH5-DEF-002)
      ---
      duration_ms: 4.602129
      type: 'suite'
      ...
    # Subtest: CH5 Surgical Repair - Regression & Isolation (CH5-DEF-003, CH5-DEF-004, CH5-DEF-005)
        # Subtest: TEST 20: Cross-actor transfer isolation
        ok 1 - TEST 20: Cross-actor transfer isolation
          ---
          duration_ms: 142.416656
          type: 'test'
          ...
        # Subtest: TEST 21: AI fabricated inventory operation cannot mutate canonical inventory
        ok 2 - TEST 21: AI fabricated inventory operation cannot mutate canonical inventory
          ---
          duration_ms: 73.229724
          type: 'test'
          ...
        # Subtest: TEST 22: Item description cannot fabricate a capability
        ok 3 - TEST 22: Item description cannot fabricate a capability
          ---
          duration_ms: 2.314533
          type: 'test'
          ...
        # Subtest: TEST 23: Epistemic discovery bypass rejected
        ok 4 - TEST 23: Epistemic discovery bypass rejected
          ---
          duration_ms: 1.002879
          type: 'test'
          ...
        # Subtest: TEST 24: CH3.2 equipment/capability regression
        ok 5 - TEST 24: CH3.2 equipment/capability regression
          ---
          duration_ms: 1.158123
          type: 'test'
          ...
        # Subtest: TEST 25: CH4 historical evidence regression
        ok 6 - TEST 25: CH4 historical evidence regression
          ---
          duration_ms: 4.206027
          type: 'test'
          ...
        # Subtest: TEST 26: Successful transfer persistence/reload
        ok 7 - TEST 26: Successful transfer persistence/reload
          ---
          duration_ms: 188.331854
          type: 'test'
          ...
        # Subtest: TEST 27: Corpse survives new combat initialization
        ok 8 - TEST 27: Corpse survives new combat initialization
          ---
          duration_ms: 198.494198
          type: 'test'
          ...
        # Subtest: TEST 28: Corpse can subsequently be looted
        ok 9 - TEST 28: Corpse can subsequently be looted
          ---
          duration_ms: 139.455494
          type: 'test'
          ...
        # Subtest: TEST 29: Player-owned source cannot transfer to an arbitrary inaccessible targetOwnerId
        ok 10 - TEST 29: Player-owned source cannot transfer to an arbitrary inaccessible targetOwnerId
          ---
          duration_ms: 6.724052
          type: 'test'
          ...
        # Subtest: TEST 30: Valid legitimate target remains transferable when the target is actually authorized and accessible
        ok 11 - TEST 30: Valid legitimate target remains transferable when the target is actually authorized and accessible
          ---
          duration_ms: 90.31572
          type: 'test'
          ...
        # Subtest: TEST 31: Campaign archive export includes NPC lifecycles including corpses
        ok 12 - TEST 31: Campaign archive export includes NPC lifecycles including corpses
          ---
          duration_ms: 4.56387
          type: 'test'
          ...
        # Subtest: TEST 32: Campaign archive restore restores NPC lifecycles and corpses into WorldRepository
        ok 13 - TEST 32: Campaign archive restore restores NPC lifecycles and corpses into WorldRepository
          ---
          duration_ms: 10.806598
          type: 'test'
          ...
        # Subtest: TEST 33: Multiple NPC lifecycles (alive and dead) persist across export/restore
        ok 14 - TEST 33: Multiple NPC lifecycles (alive and dead) persist across export/restore
          ---
          duration_ms: 14.140803
          type: 'test'
          ...
        # Subtest: TEST 34: Restored corpse inventory remains lootable via transfer endpoint
        ok 15 - TEST 34: Restored corpse inventory remains lootable via transfer endpoint
          ---
          duration_ms: 105.981623
          type: 'test'
          ...
        # Subtest: CH5 Round 4: NPC Combat Death -> Canonical Lifecycle Synchronization (CH5-COMBAT-01 & CH5-COMBAT-02)
            # Subtest: TEST 35 (TEST A): Existing living NPC is marked dead in WorldRepository upon combat death
            ok 1 - TEST 35 (TEST A): Existing living NPC is marked dead in WorldRepository upon combat death
              ---
              duration_ms: 95.668637
              type: 'test'
              ...
            # Subtest: TEST 36 (TEST B): NPC without prior canonical lifecycle creates canonical dead state on combat death
            ok 2 - TEST 36 (TEST B): NPC without prior canonical lifecycle creates canonical dead state on combat death
              ---
              duration_ms: 95.661231
              type: 'test'
              ...
            # Subtest: TEST 37 (TEST C): Immediate attack-time synchronization marks NPC dead without combat reset
            ok 3 - TEST 37 (TEST C): Immediate attack-time synchronization marks NPC dead without combat reset
              ---
              duration_ms: 113.083614
              type: 'test'
              ...
            # Subtest: TEST 38 (TEST D): Non-lethal attack does not mark NPC dead in canonical lifecycle
            ok 4 - TEST 38 (TEST D): Non-lethal attack does not mark NPC dead in canonical lifecycle
              ---
              duration_ms: 114.003262
              type: 'test'
              ...
            # Subtest: TEST 39 (TEST E): Repeated death synchronization is idempotent and preserves death record
            ok 5 - TEST 39 (TEST E): Repeated death synchronization is idempotent and preserves death record
              ---
              duration_ms: 278.698944
              type: 'test'
              ...
            # Subtest: TEST 40 (TEST F): Corpse survives subsequent combat reset
            ok 6 - TEST 40 (TEST F): Corpse survives subsequent combat reset
              ---
              duration_ms: 191.21532
              type: 'test'
              ...
            # Subtest: TEST 41 (TEST G): Campaign archive export/restore preserves immediately synchronized corpse
            ok 7 - TEST 41 (TEST G): Campaign archive export/restore preserves immediately synchronized corpse
              ---
              duration_ms: 114.644669
              type: 'test'
              ...
            # Subtest: TEST 42 (TEST H): Restored corpse inventory remains lootable via transfer endpoint
            ok 8 - TEST 42 (TEST H): Restored corpse inventory remains lootable via transfer endpoint
              ---
              duration_ms: 233.858702
              type: 'test'
              ...
            1..8
        ok 16 - CH5 Round 4: NPC Combat Death -> Canonical Lifecycle Synchronization (CH5-COMBAT-01 & CH5-COMBAT-02)
          ---
          duration_ms: 1237.731239
          type: 'suite'
          ...
        # Subtest: CH5 Round 5: Environmental Hazard Death & Dead-NPC Encounter Reseeding (CH5-HAZARD-01 & CH5-COMBAT-RESEED)
            # Subtest: TEST 43: Hazard death during turn advancement immediately synchronizes to WorldRepository as dead
            ok 1 - TEST 43: Hazard death during turn advancement immediately synchronizes to WorldRepository as dead
              ---
              duration_ms: 106.680417
              type: 'test'
              ...
            # Subtest: TEST 44: Non-lethal hazard damage leaves combat participant and canonical lifecycle ALIVE
            ok 2 - TEST 44: Non-lethal hazard damage leaves combat participant and canonical lifecycle ALIVE
              ---
              duration_ms: 110.68769
              type: 'test'
              ...
            # Subtest: TEST 45: Hazard death synchronization is idempotent and preserves original death record
            ok 3 - TEST 45: Hazard death synchronization is idempotent and preserves original death record
              ---
              duration_ms: 302.845637
              type: 'test'
              ...
            # Subtest: TEST 46: Live POST /combat/end-turn route synchronizes newly dead hazard victim into canonical lifecycle
            ok 4 - TEST 46: Live POST /combat/end-turn route synchronizes newly dead hazard victim into canonical lifecycle
              ---
              duration_ms: 140.858183
              type: 'test'
              ...
            # Subtest: TEST 47: Dead unique NPC is NOT resurrected or reseeded as alive under same actorId
            ok 5 - TEST 47: Dead unique NPC is NOT resurrected or reseeded as alive under same actorId
              ---
              duration_ms: 109.351859
              type: 'test'
              ...
            # Subtest: TEST 48: Dynamic enemy spawning still works when base archetype is dead
            ok 6 - TEST 48: Dynamic enemy spawning still works when base archetype is dead
              ---
              duration_ms: 105.741896
              type: 'test'
              ...
            # Subtest: TEST 49: Canonical dead NPC survives encounter reset and subsequent encounters
            ok 7 - TEST 49: Canonical dead NPC survives encounter reset and subsequent encounters
              ---
              duration_ms: 222.045439
              type: 'test'
              ...
            1..7
        ok 17 - CH5 Round 5: Environmental Hazard Death & Dead-NPC Encounter Reseeding (CH5-HAZARD-01 & CH5-COMBAT-RESEED)
          ---
          duration_ms: 1099.020239
          type: 'suite'
          ...
        1..17
    ok 3 - CH5 Surgical Repair - Regression & Isolation (CH5-DEF-003, CH5-DEF-004, CH5-DEF-005)
      ---
      duration_ms: 4272.260458
      type: 'suite'
      ...
    1..3
ok 28 - CH5 Surgical Repair - Crafting & Transfer
  ---
  duration_ms: 4285.924916
  type: 'suite'
  ...
# Subtest: CH6 Comprehensive Verification: Dynamic Powers & Progression
    # Subtest: Phase A: SkillDefinition vs. SkillInstance Architectural Separation
        # Subtest: guarantees CapabilityDefinition remains immutable when SkillInstance evolves and levels up
        ok 1 - guarantees CapabilityDefinition remains immutable when SkillInstance evolves and levels up
          ---
          duration_ms: 1.670127
          type: 'test'
          ...
        1..1
    ok 1 - Phase A: SkillDefinition vs. SkillInstance Architectural Separation
      ---
      duration_ms: 2.28359
      type: 'suite'
      ...
    # Subtest: Phase B: Progression State, Audit History & Evolution Lineage
        # Subtest: awards XP, handles multi-level progressions, and records detailed audit history
        ok 1 - awards XP, handles multi-level progressions, and records detailed audit history
          ---
          duration_ms: 0.308714
          type: 'test'
          ...
        # Subtest: evolves skill along DAG branch, updating lineage and preserving history
        ok 2 - evolves skill along DAG branch, updating lineage and preserving history
          ---
          duration_ms: 1.039072
          type: 'test'
          ...
        # Subtest: supports deterministic downgrade and relearning with audit logging
        ok 3 - supports deterministic downgrade and relearning with audit logging
          ---
          duration_ms: 0.407381
          type: 'test'
          ...
        1..3
    ok 2 - Phase B: Progression State, Audit History & Evolution Lineage
      ---
      duration_ms: 2.117892
      type: 'suite'
      ...
    # Subtest: Phase C: Tactical Combat Activation Modes, Countdown & Interruption
        # Subtest: manages charged capability lifecycle and interruption upon damage
        ok 1 - manages charged capability lifecycle and interruption upon damage
          ---
          duration_ms: 2.961731
          type: 'test'
          ...
        # Subtest: protects non-interruptible activations from cancellation on damage
        ok 2 - protects non-interruptible activations from cancellation on damage
          ---
          duration_ms: 0.771471
          type: 'test'
          ...
        1..2
    ok 3 - Phase C: Tactical Combat Activation Modes, Countdown & Interruption
      ---
      duration_ms: 4.157328
      type: 'suite'
      ...
    # Subtest: Phase D: Mastery Levels & Environmental Execution Gates
        # Subtest: evaluates execution gates deterministically based on mastery and environmental distortion
        ok 1 - evaluates execution gates deterministically based on mastery and environmental distortion
          ---
          duration_ms: 0.790235
          type: 'test'
          ...
        1..1
    ok 4 - Phase D: Mastery Levels & Environmental Execution Gates
      ---
      duration_ms: 0.940653
      type: 'suite'
      ...
    # Subtest: Phase E: Contextual Modifiers (OVERCHARGE, CONCENTRATE, EXPAND_SCOPE)
        # Subtest: applies modifiers to energy cost and strain during capability adjudication
        ok 1 - applies modifiers to energy cost and strain during capability adjudication
          ---
          duration_ms: 0.561628
          type: 'test'
          ...
        1..1
    ok 5 - Phase E: Contextual Modifiers (OVERCHARGE, CONCENTRATE, EXPAND_SCOPE)
      ---
      duration_ms: 0.756449
      type: 'suite'
      ...
    # Subtest: Phase F & G: Reusable Skill Registry, Provenance & Adaptation
        # Subtest: exports reusable skills with clean schema, checks target compatibility, and instantiates cleanly
        ok 1 - exports reusable skills with clean schema, checks target compatibility, and instantiates cleanly
          ---
          duration_ms: 0.795911
          type: 'test'
          ...
        1..1
    ok 6 - Phase F & G: Reusable Skill Registry, Provenance & Adaptation
      ---
      duration_ms: 0.895158
      type: 'suite'
      ...
    # Subtest: Phase H: Live HTTP API Verification for CH6 Endpoints
        # Subtest: POST /api/game/capabilities/acquire, /award-xp, /downgrade, /relearn
        ok 1 - POST /api/game/capabilities/acquire, /award-xp, /downgrade, /relearn
          ---
          duration_ms: 594.526271
          type: 'test'
          ...
        # Subtest: POST /api/game/capabilities/evaluate-gate
        ok 2 - POST /api/game/capabilities/evaluate-gate
          ---
          duration_ms: 19.688627
          type: 'test'
          ...
        # Subtest: GET /api/game/capabilities/library and POST /evaluate-compatibility
        ok 3 - GET /api/game/capabilities/library and POST /evaluate-compatibility
          ---
          duration_ms: 12.096307
          type: 'test'
          ...
        # Subtest: handles multi-turn combat activations and interrupts over HTTP
        ok 4 - handles multi-turn combat activations and interrupts over HTTP
          ---
          duration_ms: 342.577548
          type: 'test'
          ...
        1..4
    ok 7 - Phase H: Live HTTP API Verification for CH6 Endpoints
      ---
      duration_ms: 969.433646
      type: 'suite'
      ...
    # Subtest: Phase I: AUDIT-CH6-008 Exact-ID Miss Isolation & Deterministic Matching Hierarchy
        # Subtest: Regression Test 1: exact-ID miss returns [] and autoAcquireOrReuse registers actual source capability (no Fireball substitution)
        ok 1 - Regression Test 1: exact-ID miss returns [] and autoAcquireOrReuse registers actual source capability (no Fireball substitution)
          ---
          duration_ms: 1.330029
          type: 'test'
          ...
        # Subtest: Regression Test 2: exact hit retrieves existing entry from library without substituting other skills
        ok 2 - Regression Test 2: exact hit retrieves existing entry from library without substituting other skills
          ---
          duration_ms: 16.643173
          type: 'test'
          ...
        # Subtest: Regression Test 3: findCandidateSkills({}) returns all library entries deterministically sorted by ID
        ok 3 - Regression Test 3: findCandidateSkills({}) returns all library entries deterministically sorted by ID
          ---
          duration_ms: 0.724548
          type: 'test'
          ...
        # Subtest: Regression Test 4: missing exact ID returns [] even when semantic matches and compatible skills exist
        ok 4 - Regression Test 4: missing exact ID returns [] even when semantic matches and compatible skills exist
          ---
          duration_ms: 0.524814
          type: 'test'
          ...
        # Subtest: Matching Hierarchy Verification: exact ID > lineage > semantic discovery, with mechanical rules authoritative
        ok 5 - Matching Hierarchy Verification: exact ID > lineage > semantic discovery, with mechanical rules authoritative
          ---
          duration_ms: 0.643916
          type: 'test'
          ...
        1..5
    ok 8 - Phase I: AUDIT-CH6-008 Exact-ID Miss Isolation & Deterministic Matching Hierarchy
      ---
      duration_ms: 20.309107
      type: 'suite'
      ...
    1..8
ok 29 - CH6 Comprehensive Verification: Dynamic Powers & Progression
  ---
  duration_ms: 1040.529902
  type: 'suite'
  ...
# Subtest: CH7 Final Closure Adversarial Audit
    # Subtest: 1. Entity-Specific Capability Synthesis & Validation
        # Subtest: synthesizes and binds capabilities for Player, NPC, and Enemy with active constraint participation
        ok 1 - synthesizes and binds capabilities for Player, NPC, and Enemy with active constraint participation
          ---
          duration_ms: 2.549008
          type: 'test'
          ...
        1..1
    ok 1 - 1. Entity-Specific Capability Synthesis & Validation
      ---
      duration_ms: 3.013903
      type: 'suite'
      ...
    # Subtest: 2. AI Proposal Firewall & Zero Raw State Mutation
        # Subtest: guarantees raw AI output cannot mutate canonical capability state
        ok 1 - guarantees raw AI output cannot mutate canonical capability state
          ---
          duration_ms: 0.268401
          type: 'test'
          ...
        1..1
    ok 2 - 2. AI Proposal Firewall & Zero Raw State Mutation
      ---
      duration_ms: 0.40407
      type: 'suite'
      ...
    # Subtest: 3. Failure Atomicity
        # Subtest: ensures zero state mutation upon failure at any validation or synthesis stage
        ok 1 - ensures zero state mutation upon failure at any validation or synthesis stage
          ---
          duration_ms: 0.469561
          type: 'test'
          ...
        1..1
    ok 3 - 3. Failure Atomicity
      ---
      duration_ms: 0.666702
      type: 'suite'
      ...
    # Subtest: 4. Freeform Action Live Runtime Outcomes
        # Subtest: tests Outcome 1: EXISTING_CAPABILITY
        ok 1 - tests Outcome 1: EXISTING_CAPABILITY
          ---
          duration_ms: 80.283529
          type: 'test'
          ...
        # Subtest: tests Outcome 2: CONTEXTUAL_MODIFICATION
        ok 2 - tests Outcome 2: CONTEXTUAL_MODIFICATION
          ---
          duration_ms: 8.600763
          type: 'test'
          ...
        # Subtest: tests Outcome 3A: NOVEL_CAPABILITY_PROPOSAL (Preview: executeIfValid = false)
        ok 3 - tests Outcome 3A: NOVEL_CAPABILITY_PROPOSAL (Preview: executeIfValid = false)
          ---
          duration_ms: 11.525695
          type: 'test'
          ...
        # Subtest: tests Outcome 3B: NOVEL_CAPABILITY_PROPOSAL remains a dry-run even when executeIfValid is true
        ok 4 - tests Outcome 3B: NOVEL_CAPABILITY_PROPOSAL remains a dry-run even when executeIfValid is true
          ---
          duration_ms: 11.474225
          type: 'test'
          ...
        # Subtest: rejects player access to the internal capability interpreter
        ok 5 - rejects player access to the internal capability interpreter
          ---
          duration_ms: 10.192534
          type: 'test'
          ...
        # Subtest: tests Outcome 4: UNSUPPORTED
        ok 6 - tests Outcome 4: UNSUPPORTED
          ---
          duration_ms: 8.99516
          type: 'test'
          ...
        1..6
    ok 4 - 4. Freeform Action Live Runtime Outcomes
      ---
      duration_ms: 131.985855
      type: 'suite'
      ...
    # Subtest: 5. CH8 Combat Resolution Firewall
        # Subtest: verifies that CH7 interpretation does not execute CH8 d20 combat resolution or damage rolls
        ok 1 - verifies that CH7 interpretation does not execute CH8 d20 combat resolution or damage rolls
          ---
          duration_ms: 0.862781
          type: 'test'
          ...
        1..1
    ok 5 - 5. CH8 Combat Resolution Firewall
      ---
      duration_ms: 1.018129
      type: 'suite'
      ...
    # Subtest: 7. Canonical Identity Collision Safety
        # Subtest: reconciles corrupted or missing synthesis counters to prevent collision
        ok 1 - reconciles corrupted or missing synthesis counters to prevent collision
          ---
          duration_ms: 1.273473
          type: 'test'
          ...
        1..1
    ok 6 - 7. Canonical Identity Collision Safety
      ---
      duration_ms: 1.368088
      type: 'suite'
      ...
    # Subtest: 8. Strict powerTier Validation
        # Subtest: rejects all variants of invalid powerTier with HTTP 400 Bad Request
        ok 1 - rejects all variants of invalid powerTier with HTTP 400 Bad Request
          ---
          duration_ms: 63.074033
          type: 'test'
          ...
        1..1
    ok 7 - 8. Strict powerTier Validation
      ---
      duration_ms: 76.152551
      type: 'suite'
      ...
    # Subtest: 9. Prompt Injection & Epistemic Isolation
        # Subtest: treats prompt injection as literal string without altering costs or revealing hidden state
        ok 1 - treats prompt injection as literal string without altering costs or revealing hidden state
          ---
          duration_ms: 0.481068
          type: 'test'
          ...
        1..1
    ok 8 - 9. Prompt Injection & Epistemic Isolation
      ---
      duration_ms: 0.65808
      type: 'suite'
      ...
    1..8
ok 30 - CH7 Final Closure Adversarial Audit
  ---
  duration_ms: 237.8991
  type: 'suite'
  ...
# Subtest: CH7 Evidence-Closure Audit: AI -> Novel Capability Pipeline & Internal Failure Atomicity
    # Subtest: Gap A: AI -> Novel Capability Synthesis Pipeline
        # Subtest: processes a genuine novel capability proposal from AI output through deterministic CH7 synthesis to canonical state
        ok 1 - processes a genuine novel capability proposal from AI output through deterministic CH7 synthesis to canonical state
          ---
          duration_ms: 79.180132
          type: 'test'
          ...
        # Subtest: proves negative AI / Authority tests: unauthorized AI proposals cannot mutate canonical state
        ok 2 - proves negative AI / Authority tests: unauthorized AI proposals cannot mutate canonical state
          ---
          duration_ms: 1557.600963
          type: 'test'
          ...
        1..2
    ok 1 - Gap A: AI -> Novel Capability Synthesis Pipeline
      ---
      duration_ms: 1637.975507
      type: 'suite'
      ...
    # Subtest: Gap B: Internal Failure Atomicity
        # Subtest: guarantees complete transactional rollback if an error occurs during synthesis stages
        ok 1 - guarantees complete transactional rollback if an error occurs during synthesis stages
          ---
          duration_ms: 1.423734
          type: 'test'
          ...
        # Subtest: verifies ledger recording failure leaves canonical capability engine intact and distinct
        ok 2 - verifies ledger recording failure leaves canonical capability engine intact and distinct
          ---
          duration_ms: 0.919459
          type: 'test'
          ...
        1..2
    ok 2 - Gap B: Internal Failure Atomicity
      ---
      duration_ms: 2.577012
      type: 'suite'
      ...
    1..2
ok 31 - CH7 Evidence-Closure Audit: AI -> Novel Capability Pipeline & Internal Failure Atomicity
  ---
  duration_ms: 1641.050363
  type: 'suite'
  ...
# Subtest: CH7 Comprehensive Verification: Concept-to-Mechanics / Custom Capability Synthesis
    # Subtest: Target \#1: Full Structured Capability Synthesis
        # Subtest: synthesizes structured capability with deterministically inferred fields from concept tags
        ok 1 - synthesizes structured capability with deterministically inferred fields from concept tags
          ---
          duration_ms: 1.90468
          type: 'test'
          ...
        # Subtest: honors explicitly specified structured mechanics parameters
        ok 2 - honors explicitly specified structured mechanics parameters
          ---
          duration_ms: 0.933557
          type: 'test'
          ...
        1..2
    ok 1 - Target \#1: Full Structured Capability Synthesis
      ---
      duration_ms: 3.345633
      type: 'suite'
      ...
    # Subtest: Target \#5: Canonical Identity and Archive Collision Safety
        # Subtest: restores synthesis counter and reconciles against existing synthesized capability IDs on import
        ok 1 - restores synthesis counter and reconciles against existing synthesized capability IDs on import
          ---
          duration_ms: 1.175816
          type: 'test'
          ...
        1..1
    ok 2 - Target \#5: Canonical Identity and Archive Collision Safety
      ---
      duration_ms: 1.356373
      type: 'suite'
      ...
    # Subtest: Target \#2: Freeform Action Interpretation Pipeline
        # Subtest: maps to EXISTING_CAPABILITY when actor uses an exact known capability
        ok 1 - maps to EXISTING_CAPABILITY when actor uses an exact known capability
          ---
          duration_ms: 0.897464
          type: 'test'
          ...
        # Subtest: maps to CONTEXTUAL_MODIFICATION when freeform effort modifiers (e.g. overcharge) are described without mutating base capability
        ok 2 - maps to CONTEXTUAL_MODIFICATION when freeform effort modifiers (e.g. overcharge) are described without mutating base capability
          ---
          duration_ms: 0.270414
          type: 'test'
          ...
        # Subtest: proposes NOVEL_CAPABILITY_PROPOSAL for unknown concepts without state mutation when executeIfValid is false
        ok 3 - proposes NOVEL_CAPABILITY_PROPOSAL for unknown concepts without state mutation when executeIfValid is false
          ---
          duration_ms: 1.373045
          type: 'test'
          ...
        # Subtest: keeps novel capability requests preview-only even when executeIfValid is true
        ok 4 - keeps novel capability requests preview-only even when executeIfValid is true
          ---
          duration_ms: 0.674675
          type: 'test'
          ...
        # Subtest: returns UNSUPPORTED for empty or blank action text
        ok 5 - returns UNSUPPORTED for empty or blank action text
          ---
          duration_ms: 0.270838
          type: 'test'
          ...
        1..5
    ok 3 - Target \#2: Freeform Action Interpretation Pipeline
      ---
      duration_ms: 4.135953
      type: 'suite'
      ...
    # Subtest: Target \#6 & \#12: Live HTTP Endpoints for Synthesis & Interpretation
        # Subtest: POST /api/game/capabilities/synthesize strictly rejects invalid powerTier with 400 Bad Request
        ok 1 - POST /api/game/capabilities/synthesize strictly rejects invalid powerTier with 400 Bad Request
          ---
          duration_ms: 80.479933
          type: 'test'
          ...
        # Subtest: POST /api/game/capabilities/synthesize creates structured power and records CH4 evidence
        ok 2 - POST /api/game/capabilities/synthesize creates structured power and records CH4 evidence
          ---
          duration_ms: 120.1205
          type: 'test'
          ...
        # Subtest: POST /api/game/capabilities/interpret processes freeform action over HTTP
        ok 3 - POST /api/game/capabilities/interpret processes freeform action over HTTP
          ---
          duration_ms: 27.431006
          type: 'test'
          ...
        1..3
    ok 4 - Target \#6 & \#12: Live HTTP Endpoints for Synthesis & Interpretation
      ---
      duration_ms: 228.417573
      type: 'suite'
      ...
    1..4
ok 32 - CH7 Comprehensive Verification: Concept-to-Mechanics / Custom Capability Synthesis
  ---
  duration_ms: 247.609094
  type: 'suite'
  ...
# Subtest: CH8 Surgical Defect Repair & Adversarial Verification Suite
    # Subtest: DEF-CH8-01: rollInitiative accounts for varying participant initiative modifiers rather than universal +2
    ok 1 - DEF-CH8-01: rollInitiative accounts for varying participant initiative modifiers rather than universal +2
      ---
      duration_ms: 6.060467
      type: 'test'
      ...
    # Subtest: DEF-CH8-02: rollInitiative breaks initiative ties deterministically using actor ID ordering
    ok 2 - DEF-CH8-02: rollInitiative breaks initiative ties deterministically using actor ID ordering
      ---
      duration_ms: 14.457308
      type: 'test'
      ...
    # Subtest: DEF-CH8-03: moveActor respects configured map bounds and impassable obstacles
    ok 3 - DEF-CH8-03: moveActor respects configured map bounds and impassable obstacles
      ---
      duration_ms: 3.010935
      type: 'test'
      ...
    # Subtest: DEF-CH8-04: moveActor rejects movement for actors with immobilizing conditions
    ok 4 - DEF-CH8-04: moveActor rejects movement for actors with immobilizing conditions
      ---
      duration_ms: 1.444109
      type: 'test'
      ...
    # Subtest: DEF-CH8-05: executeCapabilityCast integrates saving throws, attack rolls, and resistances
    ok 5 - DEF-CH8-05: executeCapabilityCast integrates saving throws, attack rolls, and resistances
      ---
      duration_ms: 2.87901
      type: 'test'
      ...
    # Subtest: LocalDiceEngine: instance PRNG isolation and lossless state export/import
    ok 6 - LocalDiceEngine: instance PRNG isolation and lossless state export/import
      ---
      duration_ms: 4.118832
      type: 'test'
      ...
    1..6
ok 33 - CH8 Surgical Defect Repair & Adversarial Verification Suite
  ---
  duration_ms: 34.135171
  type: 'suite'
  ...
# Subtest: Chaos — adapter failure injection through the real action pipeline
    # Subtest: BASELINE — healthy turn before any injection
    ok 1 - BASELINE — healthy turn before any injection
      ---
      duration_ms: 317.397915
      type: 'test'
      ...
    # Subtest: 429 BURST — rate-limited providers fail over, canonical state intact
    ok 2 - 429 BURST — rate-limited providers fail over, canonical state intact
      ---
      duration_ms: 10229.299311
      type: 'test'
      ...
    # Subtest: 500 ERRORS — provider crashes fail over without corrupting state
    ok 3 - 500 ERRORS — provider crashes fail over without corrupting state
      ---
      duration_ms: 40277.410949
      type: 'test'
      ...
    # Subtest: MALFORMED_JSON — corrupt provider output is rejected, never shown to the player
    ok 4 - MALFORMED_JSON — corrupt provider output is rejected, never shown to the player
      ---
      duration_ms: 311.797718
      type: 'test'
      ...
    # Subtest: TIMEOUT — providers genuinely hang, recovery is bounded and the turn succeeds
    ok 5 - TIMEOUT — providers genuinely hang, recovery is bounded and the turn succeeds
      ---
      duration_ms: 74465.236288
      type: 'test'
      ...
    # Subtest: ILLEGAL_STATE_CHANGE — hostile DELETE_PLAYER proposal is rejected, player survives
    ok 6 - ILLEGAL_STATE_CHANGE — hostile DELETE_PLAYER proposal is rejected, player survives
      ---
      duration_ms: 778.164125
      type: 'test'
      ...
    # Subtest: TOTAL OUTAGE — both models disabled, emergency floor keeps the game playable
    ok 7 - TOTAL OUTAGE — both models disabled, emergency floor keeps the game playable
      ---
      duration_ms: 651.44403
      type: 'test'
      ...
    # Subtest: RECOVERY — pipeline returns to fully healthy operation after all injections
    ok 8 - RECOVERY — pipeline returns to fully healthy operation after all injections
      ---
      duration_ms: 316.258087
      type: 'test'
      ...
    1..8
ok 34 - Chaos — adapter failure injection through the real action pipeline
  ---
  duration_ms: 127358.878099
  type: 'suite'
  ...
# Subtest: Character Genesis Add More capabilities wiring remains connected end-to-end
ok 35 - Character Genesis Add More capabilities wiring remains connected end-to-end
  ---
  duration_ms: 7.379089
  type: 'test'
  ...
1..35
# tests 230
# suites 58
# pass 230
# fail 0
# cancelled 0
# skipped 0
# todo 0
# duration_ms 158973.844749
