TAP version 13
# Subtest: budgeted context marks admitted blocks active and preserves deterministic eviction
ok 1 - budgeted context marks admitted blocks active and preserves deterministic eviction
  ---
  duration_ms: 1.794472
  type: 'test'
  ...
# Subtest: ordinary narration does not request health, inventory, or lore context
ok 2 - ordinary narration does not request health, inventory, or lore context
  ---
  duration_ms: 4.716359
  type: 'test'
  ...
# Subtest: hazard narration requests health context
ok 3 - hazard narration requests health context
  ---
  duration_ms: 1.292718
  type: 'test'
  ...
# Subtest: item interaction does not require full inventory unless explicitly queried
ok 4 - item interaction does not require full inventory unless explicitly queried
  ---
  duration_ms: 0.305864
  type: 'test'
  ...
# Subtest: NPC dialogue requests relationship context
ok 5 - NPC dialogue requests relationship context
  ---
  duration_ms: 0.387887
  type: 'test'
  ...
# Subtest: information-seeking actions request lore and social context even without an explicit NPC target
ok 6 - information-seeking actions request lore and social context even without an explicit NPC target
  ---
  duration_ms: 0.25927
  type: 'test'
  ...
# Subtest: combat requests combat and health context
ok 7 - combat requests combat and health context
  ---
  duration_ms: 0.239211
  type: 'test'
  ...
# Subtest: narration continuity rejects a current action that is silently replaced by unrelated prose
ok 8 - narration continuity rejects a current action that is silently replaced by unrelated prose
  ---
  duration_ms: 9.037102
  type: 'test'
  ...
# Subtest: narration continuity rejects protagonist speech when the player only asked to listen
ok 9 - narration continuity rejects protagonist speech when the player only asked to listen
  ---
  duration_ms: 4.052267
  type: 'test'
  ...
# Subtest: narration continuity keeps generic rumor-listening tied to the visible scene topic
ok 10 - narration continuity keeps generic rumor-listening tied to the visible scene topic
  ---
  duration_ms: 3.056861
  type: 'test'
  ...
# Subtest: narration continuity rejects information-seeking turns that stop at atmosphere
ok 11 - narration continuity rejects information-seeking turns that stop at atmosphere
  ---
  duration_ms: 2.603974
  type: 'test'
  ...
# Subtest: deterministic narration fallback preserves substance for movement-plus-inquiry actions
ok 12 - deterministic narration fallback preserves substance for movement-plus-inquiry actions
  ---
  duration_ms: 41.009117
  type: 'test'
  ...
# Subtest: narration continuity rejects contradictory time-of-day language
ok 13 - narration continuity rejects contradictory time-of-day language
  ---
  duration_ms: 1.302014
  type: 'test'
  ...
# Subtest: canonical action turn numbers increment independently from world calendar cycle
ok 14 - canonical action turn numbers increment independently from world calendar cycle
  ---
  duration_ms: 9.133961
  type: 'test'
  ...
# Subtest: emergency floor adapter produces valid narration that satisfies information continuity
ok 15 - emergency floor adapter produces valid narration that satisfies information continuity
  ---
  duration_ms: 2.191852
  type: 'test'
  ...
# Subtest: N4 starts bounded and deterministic
ok 16 - N4 starts bounded and deterministic
  ---
  duration_ms: 2.944567
  type: 'test'
  ...
# Subtest: N4 persists accepted-turn continuity and decays tension without deleting history
ok 17 - N4 persists accepted-turn continuity and decays tension without deleting history
  ---
  duration_ms: 21.819709
  type: 'test'
  ...
# Subtest: N4 tracks recent sensory motifs and response shapes to discourage repetition
ok 18 - N4 tracks recent sensory motifs and response shapes to discourage repetition
  ---
  duration_ms: 2.228621
  type: 'test'
  ...
# Subtest: N4 continuity is supplied to research and narration prompts
ok 19 - N4 continuity is supplied to research and narration prompts
  ---
  duration_ms: 16.629979
  type: 'test'
  ...
# Subtest: N4 does not create canonical state changes
ok 20 - N4 does not create canonical state changes
  ---
  duration_ms: 1.914884
  type: 'test'
  ...
# Subtest: Phase 4 turns listen-and-approach into an explicit one-turn plan
ok 21 - Phase 4 turns listen-and-approach into an explicit one-turn plan
  ---
  duration_ms: 30.226629
  type: 'test'
  ...
# Subtest: Phase 4 plan does not create persistent runtime state
ok 22 - Phase 4 plan does not create persistent runtime state
  ---
  duration_ms: 5.656942
  type: 'test'
  ...
# Subtest: Phase 4 plan remains safe with empty research
ok 23 - Phase 4 plan remains safe with empty research
  ---
  duration_ms: 3.961254
  type: 'test'
  ...
# Subtest: Phase 4 passes the ephemeral plan into canonical adjudication metadata without persisting the plan
ok 24 - Phase 4 passes the ephemeral plan into canonical adjudication metadata without persisting the plan
  ---
  duration_ms: 6.273186
  type: 'test'
  ...
# Subtest: N17 projects development from accepted-turn history and active thread without mutating canonical state
ok 25 - N17 projects development from accepted-turn history and active thread without mutating canonical state
  ---
  duration_ms: 24.021127
  type: 'test'
  ...
# Subtest: N17 identifies escalation from high-pressure continuity and unresolved complication
ok 26 - N17 identifies escalation from high-pressure continuity and unresolved complication
  ---
  duration_ms: 2.988443
  type: 'test'
  ...
# Subtest: N17 identifies aftermath only when resolution signals and release are supported
ok 27 - N17 identifies aftermath only when resolution signals and release are supported
  ---
  duration_ms: 3.468401
  type: 'test'
  ...
# Subtest: N17 bounded fallback does not invent an episode when history is absent
ok 28 - N17 bounded fallback does not invent an episode when history is absent
  ---
  duration_ms: 2.725831
  type: 'test'
  ...
# Subtest: N17 integrates through NarrativeDirector and preserves prompt visibility under compact budgets
ok 29 - N17 integrates through NarrativeDirector and preserves prompt visibility under compact budgets
  ---
  duration_ms: 15.461841
  type: 'test'
  ...
# Subtest: N17 keeps future player agency outside the projection boundary
ok 30 - N17 keeps future player agency outside the projection boundary
  ---
  duration_ms: 1.370986
  type: 'test'
  ...
# Subtest: N17 rejects negated resolution evidence and does not collapse an unresolved thread into aftermath
ok 31 - N17 rejects negated resolution evidence and does not collapse an unresolved thread into aftermath
  ---
  duration_ms: 1.489294
  type: 'test'
  ...
# Subtest: N17 exposes a bounded turning-point phase only when change evidence coexists with active episode pressure
ok 32 - N17 exposes a bounded turning-point phase only when change evidence coexists with active episode pressure
  ---
  duration_ms: 1.44551
  type: 'test'
  ...
# Subtest: N17 compact projection keeps its non-binding boundary intact
ok 33 - N17 compact projection keeps its non-binding boundary intact
  ---
  duration_ms: 0.647744
  type: 'test'
  ...
# Subtest: N17 does not treat closed or resolved threads as active episode pressure
ok 34 - N17 does not treat closed or resolved threads as active episode pressure
  ---
  duration_ms: 1.41531
  type: 'test'
  ...
# Subtest: N17 distinguishes normal classification basis from fallback metadata
ok 35 - N17 distinguishes normal classification basis from fallback metadata
  ---
  duration_ms: 1.283591
  type: 'test'
  ...
# Subtest: N12 primary executeTurn carries N5 cognition and rewrites keep N9/N8 contracts
ok 36 - N12 primary executeTurn carries N5 cognition and rewrites keep N9/N8 contracts
  ---
  duration_ms: 116.831673
  type: 'test'
  ...
# Subtest: N12 live executeTurn injects persisted N4 continuity into the production narration prompt
ok 37 - N12 live executeTurn injects persisted N4 continuity into the production narration prompt
  ---
  duration_ms: 22.398317
  type: 'test'
  ...
# Subtest: N12 accepted executeTurn records novelty exactly once through the lifecycle authority
ok 38 - N12 accepted executeTurn records novelty exactly once through the lifecycle authority
  ---
  duration_ms: 11.846429
  type: 'test'
  ...
# Subtest: N12 emergency narration preserves N8/N9/N6 guarantees after provider exhaustion
ok 39 - N12 emergency narration preserves N8/N9/N6 guarantees after provider exhaustion
  ---
  duration_ms: 10.321867
  type: 'test'
  ...
# Subtest: N10 golden: G01_OBSERVATION remains stable on primary provider
ok 40 - N10 golden: G01_OBSERVATION remains stable on primary provider
  ---
  duration_ms: 117.37101
  type: 'test'
  ...
# Subtest: N10 golden: G01_OBSERVATION remains presentation-compatible on AI fallback
ok 41 - N10 golden: G01_OBSERVATION remains presentation-compatible on AI fallback
  ---
  duration_ms: 38.49087
  type: 'test'
  ...
# Subtest: N10 golden: G01_OBSERVATION survives deterministic emergency floor
ok 42 - N10 golden: G01_OBSERVATION survives deterministic emergency floor
  ---
  duration_ms: 9.522508
  type: 'test'
  ...
# Subtest: N10 golden: G02_INFORMATION remains stable on primary provider
ok 43 - N10 golden: G02_INFORMATION remains stable on primary provider
  ---
  duration_ms: 16.874636
  type: 'test'
  ...
# Subtest: N10 golden: G02_INFORMATION remains presentation-compatible on AI fallback
ok 44 - N10 golden: G02_INFORMATION remains presentation-compatible on AI fallback
  ---
  duration_ms: 39.718731
  type: 'test'
  ...
# Subtest: N10 golden: G02_INFORMATION survives deterministic emergency floor
ok 45 - N10 golden: G02_INFORMATION survives deterministic emergency floor
  ---
  duration_ms: 17.039179
  type: 'test'
  ...
# Subtest: N10 golden: G03_MOVEMENT remains stable on primary provider
ok 46 - N10 golden: G03_MOVEMENT remains stable on primary provider
  ---
  duration_ms: 24.130179
  type: 'test'
  ...
# Subtest: N10 golden: G03_MOVEMENT remains presentation-compatible on AI fallback
ok 47 - N10 golden: G03_MOVEMENT remains presentation-compatible on AI fallback
  ---
  duration_ms: 31.620652
  type: 'test'
  ...
# Subtest: N10 golden: G03_MOVEMENT survives deterministic emergency floor
ok 48 - N10 golden: G03_MOVEMENT survives deterministic emergency floor
  ---
  duration_ms: 12.21395
  type: 'test'
  ...
# Subtest: N10 golden: G04_COMBAT remains stable on primary provider
ok 49 - N10 golden: G04_COMBAT remains stable on primary provider
  ---
  duration_ms: 26.085764
  type: 'test'
  ...
# Subtest: N10 golden: G04_COMBAT remains presentation-compatible on AI fallback
ok 50 - N10 golden: G04_COMBAT remains presentation-compatible on AI fallback
  ---
  duration_ms: 29.060331
  type: 'test'
  ...
# Subtest: N10 golden: G04_COMBAT survives deterministic emergency floor
ok 51 - N10 golden: G04_COMBAT survives deterministic emergency floor
  ---
  duration_ms: 8.729415
  type: 'test'
  ...
# Subtest: N10 golden suite compares stable presentation invariants, not exact prose
ok 52 - N10 golden suite compares stable presentation invariants, not exact prose
  ---
  duration_ms: 0.366269
  type: 'test'
  ...
# Subtest: N11 100-turn session stays bounded and presentation-stable
ok 53 - N11 100-turn session stays bounded and presentation-stable
  ---
  duration_ms: 906.987884
  type: 'test'
  ...
# Subtest: Phase 8 promotes durable factual candidates and links them to location
ok 54 - Phase 8 promotes durable factual candidates and links them to location
  ---
  duration_ms: 25.661177
  type: 'test'
  ...
# Subtest: Phase 8 does not promote decorative prose as durable memory
ok 55 - Phase 8 does not promote decorative prose as durable memory
  ---
  duration_ms: 4.424125
  type: 'test'
  ...
# Subtest: Phase 8 records durable context history for the next Current Situation build
ok 56 - Phase 8 records durable context history for the next Current Situation build
  ---
  duration_ms: 2.585801
  type: 'test'
  ...
# Subtest: Phase 8 preserves unresolved thread records across turns
ok 57 - Phase 8 preserves unresolved thread records across turns
  ---
  duration_ms: 2.606196
  type: 'test'
  ...
# Subtest: Phase 8 does not promote memory candidates from a rejected narrative review
ok 58 - Phase 8 does not promote memory candidates from a rejected narrative review
  ---
  duration_ms: 1.958509
  type: 'test'
  ...
# Subtest: Phase 8 rejects durable candidates that contain unauthorized world-truth anchors
ok 59 - Phase 8 rejects durable candidates that contain unauthorized world-truth anchors
  ---
  duration_ms: 1.497893
  type: 'test'
  ...
# Subtest: Phase 8 does not turn an uneventful player action into a plot transcript beat
ok 60 - Phase 8 does not turn an uneventful player action into a plot transcript beat
  ---
  duration_ms: 1.570105
  type: 'test'
  ...
# Subtest: Phase 8 does not resolve an open thread from a negated resolution statement
ok 61 - Phase 8 does not resolve an open thread from a negated resolution statement
  ---
  duration_ms: 2.232621
  type: 'test'
  ...
# Subtest: Phase 8 never promotes AI event text into a durable plot beat without a committed canonical consequence
ok 62 - Phase 8 never promotes AI event text into a durable plot beat without a committed canonical consequence
  ---
  duration_ms: 1.757154
  type: 'test'
  ...
# Subtest: Phase 8 creates a plot beat only from a committed canonical state consequence
ok 63 - Phase 8 creates a plot beat only from a committed canonical state consequence
  ---
  duration_ms: 1.780296
  type: 'test'
  ...
# Subtest: Phase 8 does not close a thread when the narration says it is no longer resolved
ok 64 - Phase 8 does not close a thread when the narration says it is no longer resolved
  ---
  duration_ms: 1.178379
  type: 'test'
  ...
# Subtest: N7 persists repeated motifs and identifies them on later turns
ok 65 - N7 persists repeated motifs and identifies them on later turns
  ---
  duration_ms: 7.873616
  type: 'test'
  ...
# Subtest: N7 bounds its persistent ledger
ok 66 - N7 bounds its persistent ledger
  ---
  duration_ms: 3.484874
  type: 'test'
  ...
# Subtest: N7 literary review can flag a repeated trope without changing canonical state
ok 67 - N7 literary review can flag a repeated trope without changing canonical state
  ---
  duration_ms: 31.084547
  type: 'test'
  ...
# Subtest: N7 does not force novelty when there is no prior repetition
ok 68 - N7 does not force novelty when there is no prior repetition
  ---
  duration_ms: 1.718025
  type: 'test'
  ...
# Subtest: N7 remains bounded and does not mutate canonical command events
ok 69 - N7 remains bounded and does not mutate canonical command events
  ---
  duration_ms: 9.606383
  type: 'test'
  ...
# Subtest: Phases 3-5 reach the live narrative provider with ordered CurrentSituation → Intent → Research → Plan context
ok 70 - Phases 3-5 reach the live narrative provider with ordered CurrentSituation → Intent → Research → Plan context
  ---
  duration_ms: 122.175464
  type: 'test'
  ...
# Subtest: Phase 3-5 narrative context survives malformed primary output and reaches the configured AI fallback
ok 71 - Phase 3-5 narrative context survives malformed primary output and reaches the configured AI fallback
  ---
  duration_ms: 25.735921
  type: 'test'
  ...
# Subtest: Phase 3-5 emergency floor receives the same context and remains semantically anchored when AI is unavailable
ok 72 - Phase 3-5 emergency floor receives the same context and remains semantically anchored when AI is unavailable
  ---
  duration_ms: 17.387789
  type: 'test'
  ...
# Subtest: N8 resolves materially different pacing profiles from the turn situation
ok 73 - N8 resolves materially different pacing profiles from the turn situation
  ---
  duration_ms: 21.872314
  type: 'test'
  ...
# Subtest: N8 uses N4 scene momentum without making it canonical
ok 74 - N8 uses N4 scene momentum without making it canonical
  ---
  duration_ms: 4.717171
  type: 'test'
  ...
# Subtest: N8 pacing contract reaches the real narration prompt
ok 75 - N8 pacing contract reaches the real narration prompt
  ---
  duration_ms: 16.376934
  type: 'test'
  ...
# Subtest: N8 output budgeting expands and contracts with the selected profile
ok 76 - N8 output budgeting expands and contracts with the selected profile
  ---
  duration_ms: 2.326519
  type: 'test'
  ...
# Subtest: N8 validates hard pacing ceilings but does not require padding to minimum length
ok 77 - N8 validates hard pacing ceilings but does not require padding to minimum length
  ---
  duration_ms: 2.285597
  type: 'test'
  ...
# Subtest: N8 can be disabled without changing the existing prompt contract
ok 78 - N8 can be disabled without changing the existing prompt contract
  ---
  duration_ms: 1.576707
  type: 'test'
  ...
# Subtest: Phase 5 prompt puts current situation, semantic intent, research, and plan into one ordered narration contract
ok 79 - Phase 5 prompt puts current situation, semantic intent, research, and plan into one ordered narration contract
  ---
  duration_ms: 29.653655
  type: 'test'
  ...
# Subtest: Phase 5 prompt contains an explicit player-agency boundary
ok 80 - Phase 5 prompt contains an explicit player-agency boundary
  ---
  duration_ms: 5.914153
  type: 'test'
  ...
# Subtest: Phase 5 prompt preserves uncertainty rather than turning research into canon
ok 81 - Phase 5 prompt preserves uncertainty rather than turning research into canon
  ---
  duration_ms: 5.291835
  type: 'test'
  ...
# Subtest: Phase 5 reuses the semantic passive-listening signal rather than raw action wording for core prompt behavior
ok 82 - Phase 5 reuses the semantic passive-listening signal rather than raw action wording for core prompt behavior
  ---
  duration_ms: 8.929665
  type: 'test'
  ...
# Subtest: Phase 5 filters stale and broad supporting context before narration
ok 83 - Phase 5 filters stale and broad supporting context before narration
  ---
  duration_ms: 0.638567
  type: 'test'
  ...
# Subtest: Phase 5 prompt fitter preserves semantic sections under a hard budget
ok 84 - Phase 5 prompt fitter preserves semantic sections under a hard budget
  ---
  duration_ms: 3.086694
  type: 'test'
  ...
# Subtest: N9 creates a provider-independent presentation fingerprint
ok 85 - N9 creates a provider-independent presentation fingerprint
  ---
  duration_ms: 21.529654
  type: 'test'
  ...
# Subtest: N9 emergency floor receives the same handoff contract
ok 86 - N9 emergency floor receives the same handoff contract
  ---
  duration_ms: 17.189777
  type: 'test'
  ...
# Subtest: N1 resolves turn-sensitive profiles instead of one universal narration shape
ok 87 - N1 resolves turn-sensitive profiles instead of one universal narration shape
  ---
  duration_ms: 1.525368
  type: 'test'
  ...
# Subtest: N1 exposes explicit controls and instructions to downstream prompt construction
ok 88 - N1 exposes explicit controls and instructions to downstream prompt construction
  ---
  duration_ms: 0.609833
  type: 'test'
  ...
# Subtest: N1 validation enforces only configured hard structural limits
ok 89 - N1 validation enforces only configured hard structural limits
  ---
  duration_ms: 1.394104
  type: 'test'
  ...
# Subtest: N1 can be disabled without silently changing caller contracts
ok 90 - N1 can be disabled without silently changing caller contracts
  ---
  duration_ms: 0.223657
  type: 'test'
  ...
# Subtest: Phase 3 retrieves the current rumor and active thread while staying scene-bound
ok 91 - Phase 3 retrieves the current rumor and active thread while staying scene-bound
  ---
  duration_ms: 22.004619
  type: 'test'
  ...
# Subtest: Phase 3 excludes unrelated knowledge with an explicit exclusion reason
ok 92 - Phase 3 excludes unrelated knowledge with an explicit exclusion reason
  ---
  duration_ms: 9.528488
  type: 'test'
  ...
# Subtest: Phase 3 gives explicit visible entity references high retrieval priority
ok 93 - Phase 3 gives explicit visible entity references high retrieval priority
  ---
  duration_ms: 5.634988
  type: 'test'
  ...
# Subtest: Phase 3 research failure falls back to bounded Current Situation context
ok 94 - Phase 3 research failure falls back to bounded Current Situation context
  ---
  duration_ms: 2.508168
  type: 'test'
  ...
# Subtest: Phase 3 excludes an unrelated memory even when its text contains generic context words
ok 95 - Phase 3 excludes an unrelated memory even when its text contains generic context words
  ---
  duration_ms: 3.153002
  type: 'test'
  ...
# Subtest: N18 passes a grounded, characterful narration with multiple richness signals
ok 96 - N18 passes a grounded, characterful narration with multiple richness signals
  ---
  duration_ms: 10.869466
  type: 'test'
  ...
# Subtest: N18 flags flat generic narration for improvement without changing canonical state
ok 97 - N18 flags flat generic narration for improvement without changing canonical state
  ---
  duration_ms: 4.072356
  type: 'test'
  ...
# Subtest: N18 does not punish a focused micro-turn for lacking unnecessary sensory channels
ok 98 - N18 does not punish a focused micro-turn for lacking unnecessary sensory channels
  ---
  duration_ms: 0.656745
  type: 'test'
  ...
# Subtest: N18 catches consequential player-agency takeover as a high-severity richness issue
ok 99 - N18 catches consequential player-agency takeover as a high-severity richness issue
  ---
  duration_ms: 0.421346
  type: 'test'
  ...
# Subtest: N18 returns a deterministic fallback result for empty narration
ok 100 - N18 returns a deterministic fallback result for empty narration
  ---
  duration_ms: 0.458475
  type: 'test'
  ...
# Subtest: N18 richness cues are carried into the existing literary rewrite prompt without adding a second review surface
ok 101 - N18 richness cues are carried into the existing literary rewrite prompt without adding a second review surface
  ---
  duration_ms: 0.795721
  type: 'test'
  ...
# Subtest: N18 evaluator remains presentation-only in the production orchestrator source
ok 102 - N18 evaluator remains presentation-only in the production orchestrator source
  ---
  duration_ms: 26.137163
  type: 'test'
  ...
# Subtest: N18 does not create a provider call of its own
ok 103 - N18 does not create a provider call of its own
  ---
  duration_ms: 4.687945
  type: 'test'
  ...
# Subtest: Phase 7 rejects AI health mutation without canonical mechanic authorization
ok 104 - Phase 7 rejects AI health mutation without canonical mechanic authorization
  ---
  duration_ms: 3.79036
  type: 'test'
  ...
# Subtest: Phase 7 approves a bounded canonical health proposal and commits it transactionally
ok 105 - Phase 7 approves a bounded canonical health proposal and commits it transactionally
  ---
  duration_ms: 2.138354
  type: 'test'
  ...
# Subtest: Phase 7 rejects out-of-bounds canonical health and does not mutate state
ok 106 - Phase 7 rejects out-of-bounds canonical health and does not mutate state
  ---
  duration_ms: 1.283235
  type: 'test'
  ...
# Subtest: Phase 7 keeps rejected location proposals from mutating canonical state
ok 107 - Phase 7 keeps rejected location proposals from mutating canonical state
  ---
  duration_ms: 1.599252
  type: 'test'
  ...
# Subtest: Phase 7 does not treat existing domain approval alone as canonical authorization
ok 108 - Phase 7 does not treat existing domain approval alone as canonical authorization
  ---
  duration_ms: 1.417991
  type: 'test'
  ...
# Subtest: item use lookup returns availability and quantity without exposing unrelated inventory
ok 109 - item use lookup returns availability and quantity without exposing unrelated inventory
  ---
  duration_ms: 3.361156
  type: 'test'
  ...
# Subtest: missing requested item is blocked instead of becoming a hallucinated use
ok 110 - missing requested item is blocked instead of becoming a hallucinated use
  ---
  duration_ms: 1.022417
  type: 'test'
  ...
# Subtest: non-item narrative actions do not trigger inventory resolution
ok 111 - non-item narrative actions do not trigger inventory resolution
  ---
  duration_ms: 0.773968
  type: 'test'
  ...
# Subtest: N2 voice state reaches the real narration prompt after research and planning
ok 112 - N2 voice state reaches the real narration prompt after research and planning
  ---
  duration_ms: 34.742337
  type: 'test'
  ...
# Subtest: N2 resolves a stable persisted narrator voice per story and profile
ok 113 - N2 resolves a stable persisted narrator voice per story and profile
  ---
  duration_ms: 1.908558
  type: 'test'
  ...
# Subtest: N2 controls override persisted voice without replacing unrelated persisted settings
ok 114 - N2 controls override persisted voice without replacing unrelated persisted settings
  ---
  duration_ms: 0.920697
  type: 'test'
  ...
# Subtest: N2 prompt contract is provider-neutral and explicitly survives fallback
ok 115 - N2 prompt contract is provider-neutral and explicitly survives fallback
  ---
  duration_ms: 1.021662
  type: 'test'
  ...
# Subtest: N2 forbidden patterns are bounded and persisted as controls, not canonical world facts
ok 116 - N2 forbidden patterns are bounded and persisted as controls, not canonical world facts
  ---
  duration_ms: 1.06687
  type: 'test'
  ...
# Subtest: N5 creates a bounded NPC cognition contract for an addressed NPC
ok 117 - N5 creates a bounded NPC cognition contract for an addressed NPC
  ---
  duration_ms: 30.919893
  type: 'test'
  ...
# Subtest: N5 does not expose NPC private cognition through the plan as canonical player facts
ok 118 - N5 does not expose NPC private cognition through the plan as canonical player facts
  ---
  duration_ms: 11.207975
  type: 'test'
  ...
# Subtest: N5 remains presentation-only and does not mutate canonical command events
ok 119 - N5 remains presentation-only and does not mutate canonical command events
  ---
  duration_ms: 4.338367
  type: 'test'
  ...
# Subtest: N5 preserves canonical NPC current activity when an agency profile exists
ok 120 - N5 preserves canonical NPC current activity when an agency profile exists
  ---
  duration_ms: 3.914961
  type: 'test'
  ...
# Subtest: NPC epistemic boundary and planning closure
    # Subtest: builds a private planning slice for an explicitly addressed NPC
    ok 1 - builds a private planning slice for an explicitly addressed NPC
      ---
      duration_ms: 14.285457
      type: 'test'
      ...
    # Subtest: keeps the private planning slice out of generic narrative research
    ok 2 - keeps the private planning slice out of generic narrative research
      ---
      duration_ms: 9.383603
      type: 'test'
      ...
    # Subtest: keeps private NPC memory available through the dedicated NPC context path
    ok 3 - keeps private NPC memory available through the dedicated NPC context path
      ---
      duration_ms: 4.459872
      type: 'test'
      ...
    1..3
ok 121 - NPC epistemic boundary and planning closure
  ---
  duration_ms: 29.573937
  type: 'suite'
  ...
# Subtest: N14 projects expressive identity from existing authoritative character data without mutating it
ok 122 - N14 projects expressive identity from existing authoritative character data without mutating it
  ---
  duration_ms: 2.823512
  type: 'test'
  ...
# Subtest: N14 keeps two characters expressively distinct from different existing signals
ok 123 - N14 keeps two characters expressively distinct from different existing signals
  ---
  duration_ms: 0.723701
  type: 'test'
  ...
# Subtest: N14 fallback is conservative when expressive authoring is absent
ok 124 - N14 fallback is conservative when expressive authoring is absent
  ---
  duration_ms: 0.454323
  type: 'test'
  ...
# Subtest: N14 reaches the real NPC cognition prompt through the existing NarrativeDirector path
ok 125 - N14 reaches the real NPC cognition prompt through the existing NarrativeDirector path
  ---
  duration_ms: 34.609763
  type: 'test'
  ...
# Subtest: Phase 20 — orphan and connection audit
    # Subtest: contains a source-level audit of the release-critical producer/consumer chain
    ok 1 - contains a source-level audit of the release-critical producer/consumer chain
      ---
      duration_ms: 10.15192
      type: 'test'
      ...
    # Subtest: keeps the release audit honest about the remaining runtime gate
    ok 2 - keeps the release audit honest about the remaining runtime gate
      ---
      duration_ms: 2.047382
      type: 'test'
      ...
    1..2
ok 126 - Phase 20 — orphan and connection audit
  ---
  duration_ms: 13.296683
  type: 'suite'
  ...
# Subtest: P0 — NPC authority hardening
    # Subtest: prevents the legacy NpcAutonomyEngine from becoming a production authority
    ok 1 - prevents the legacy NpcAutonomyEngine from becoming a production authority
      ---
      duration_ms: 103.088638
      type: 'test'
      ...
    # Subtest: keeps DynamicCharacterAgencyEngine as the live NPC authority path
    ok 2 - keeps DynamicCharacterAgencyEngine as the live NPC authority path
      ---
      duration_ms: 3.928967
      type: 'test'
      ...
    # Subtest: keeps phase8 NPC autonomy unreachable from the canonical command flow
    ok 3 - keeps phase8 NPC autonomy unreachable from the canonical command flow
      ---
      duration_ms: 2.312048
      type: 'test'
      ...
    1..3
ok 127 - P0 — NPC authority hardening
  ---
  duration_ms: 111.015111
  type: 'suite'
  ...
1..127
# tests 132
# suites 3
# pass 132
# fail 0
# cancelled 0
# skipped 0
# todo 0
# duration_ms 21946.098132
