TAP version 13
# Subtest: CH1 Live Runtime Proof — Canonical Domain & HTTP API Path
    # Subtest: Verification Question Checks: live architectural binding confirmation
    ok 1 - Verification Question Checks: live architectural binding confirmation
      ---
      duration_ms: 7.596892
      type: 'test'
      ...
    # Subtest: Scenario A: Start at Location A and read state via live GET /api/game/state
    ok 2 - Scenario A: Start at Location A and read state via live GET /api/game/state
      ---
      duration_ms: 52.807608
      type: 'test'
      ...
    # Subtest: Scenario B & C: Request travel to Location B and read state immediately
    ok 3 - Scenario B & C: Request travel to Location B and read state immediately
      ---
      duration_ms: 199.460566
      type: 'test'
      ...
    # Subtest: Scenario D & E: Advance canonical time until completion and read state again
    ok 4 - Scenario D & E: Advance canonical time until completion and read state again
      ---
      duration_ms: 125.978384
      type: 'test'
      ...
    # Subtest: Scenario F: Attempt travel along a blocked route
    ok 5 - Scenario F: Attempt travel along a blocked route
      ---
      duration_ms: 71.220173
      type: 'test'
      ...
    # Subtest: Scenario G: Cancel/interruption during travel leaves origin intact and destination uncommitted
    ok 6 - Scenario G: Cancel/interruption during travel leaves origin intact and destination uncommitted
      ---
      duration_ms: 144.772924
      type: 'test'
      ...
    # Subtest: CH3 Live API: GET /api/game/player-lifecycle returns single canonical lifecycle authority
    ok 7 - CH3 Live API: GET /api/game/player-lifecycle returns single canonical lifecycle authority
      ---
      duration_ms: 7.235499
      type: 'test'
      ...
    # Subtest: CH3 Live API: Injury lifecycle actions mutate canonical authority and update live state
    ok 8 - CH3 Live API: Injury lifecycle actions mutate canonical authority and update live state
      ---
      duration_ms: 164.336847
      type: 'test'
      ...
    # Subtest: CH3 Live API: Transformation & Mortality transitions mutate canonical state
    ok 9 - CH3 Live API: Transformation & Mortality transitions mutate canonical state
      ---
      duration_ms: 514.46691
      type: 'test'
      ...
    # Subtest: CH4 Live API: GET /api/game/chronicle and /api/game/dossiers serve projected historical ledger
    ok 10 - CH4 Live API: GET /api/game/chronicle and /api/game/dossiers serve projected historical ledger
      ---
      duration_ms: 21.637696
      type: 'test'
      ...
    # Subtest: CH4 Live API: Lifecycle mutations automatically emit HistoricalEvidence to Chronicle & Dossiers
    ok 11 - CH4 Live API: Lifecycle mutations automatically emit HistoricalEvidence to Chronicle & Dossiers
      ---
      duration_ms: 125.514564
      type: 'test'
      ...
    # Subtest: CH5 Live API: GET /api/game/inventory serves canonical inventory and 13-slot paper doll
    ok 12 - CH5 Live API: GET /api/game/inventory serves canonical inventory and 13-slot paper doll
      ---
      duration_ms: 5.663594
      type: 'test'
      ...
    # Subtest: CH5 Live API: POST /api/game/inventory/equip and unequip mutate paper-doll slots authoritatively
    ok 13 - CH5 Live API: POST /api/game/inventory/equip and unequip mutate paper-doll slots authoritatively
      ---
      duration_ms: 217.28385
      type: 'test'
      ...
    # Subtest: CH5 Live API: GET /api/game/inventory/recipes and POST /api/game/inventory/craft consume materials and create item
    ok 14 - CH5 Live API: GET /api/game/inventory/recipes and POST /api/game/inventory/craft consume materials and create item
      ---
      duration_ms: 114.436154
      type: 'test'
      ...
    # Subtest: CH5 Live API: POST /api/game/inventory/degrade and /repair modify durability and clear broken state
    ok 15 - CH5 Live API: POST /api/game/inventory/degrade and /repair modify durability and clear broken state
      ---
      duration_ms: 245.683977
      type: 'test'
      ...
    # Subtest: CH6 Live API: GET /api/game/capabilities returns anchored player-safe skill state without internal DAG metadata
    ok 16 - CH6 Live API: GET /api/game/capabilities returns anchored player-safe skill state without internal DAG metadata
      ---
      duration_ms: 6.951785
      type: 'test'
      ...
    # Subtest: CH6 Live API: POST /api/game/capabilities/adjudicate deterministically resolves consequences and updates state
    ok 17 - CH6 Live API: POST /api/game/capabilities/adjudicate deterministically resolves consequences and updates state
      ---
      duration_ms: 79.642648
      type: 'test'
      ...
    # Subtest: CH6/CH7 Live API: POST /api/game/capabilities/synthesize creates structured power, derived techniques, and emits chronicle evidence
    ok 18 - CH6/CH7 Live API: POST /api/game/capabilities/synthesize creates structured power, derived techniques, and emits chronicle evidence
      ---
      duration_ms: 179.117429
      type: 'test'
      ...
    # Subtest: CH6 Live API: GET /api/game/archive/export includes capabilities state partition
    ok 19 - CH6 Live API: GET /api/game/archive/export includes capabilities state partition
      ---
      duration_ms: 18.154409
      type: 'test'
      ...
    # Subtest: CH8 Live API: POST /api/game/combat/encounter/start initializes encounter with canonical equipment & lifecycle stats
    ok 20 - CH8 Live API: POST /api/game/combat/encounter/start initializes encounter with canonical equipment & lifecycle stats
      ---
      duration_ms: 94.476157
      type: 'test'
      ...
    # Subtest: CH8 Live API: GET /api/game/combat/state returns current combat status
    ok 21 - CH8 Live API: GET /api/game/combat/state returns current combat status
      ---
      duration_ms: 4.882978
      type: 'test'
      ...
    # Subtest: CH8 Live API: POST /api/game/combat/initiative/roll establishes turn order before player movement
    ok 22 - CH8 Live API: POST /api/game/combat/initiative/roll establishes turn order before player movement
      ---
      duration_ms: 114.760281
      type: 'test'
      ...
    # Subtest: CH8 Live API: POST /api/game/combat/move moves actor within speed limit
    ok 23 - CH8 Live API: POST /api/game/combat/move moves actor within speed limit
      ---
      duration_ms: 107.63014
      type: 'test'
      ...
    # Subtest: CH8 Live API: POST /api/game/combat/attack resolves D&D attack and degrades equipped weapon durability
    ok 24 - CH8 Live API: POST /api/game/combat/attack resolves D&D attack and degrades equipped weapon durability
      ---
      duration_ms: 108.095124
      type: 'test'
      ...
    # Subtest: CH8 Live API: POST /api/game/combat/cast adjudicates capability via CapabilityEngine and inflicts combat damage
    ok 25 - CH8 Live API: POST /api/game/combat/cast adjudicates capability via CapabilityEngine and inflicts combat damage
      ---
      duration_ms: 384.940925
      type: 'test'
      ...
    # Subtest: CH8 Live API: POST /api/game/combat/end-turn advances turn queue and ticks hazards
    ok 26 - CH8 Live API: POST /api/game/combat/end-turn advances turn queue and ticks hazards
      ---
      duration_ms: 95.691194
      type: 'test'
      ...
    # Subtest: CH8 Live API: GET /api/game/archive/export includes canonical/combat.json partition with valid SHA-256 hash
    ok 27 - CH8 Live API: GET /api/game/archive/export includes canonical/combat.json partition with valid SHA-256 hash
      ---
      duration_ms: 18.367324
      type: 'test'
      ...
    # Subtest: CH9 Live API: GET /api/game/memories returns seeded canonical memories with epistemic visibility
    ok 28 - CH9 Live API: GET /api/game/memories returns seeded canonical memories with epistemic visibility
      ---
      duration_ms: 5.011891
      type: 'test'
      ...
    # Subtest: CH9 Live API: POST /api/game/memories/query searches memories with keyword scoring & epistemic security
    ok 29 - CH9 Live API: POST /api/game/memories/query searches memories with keyword scoring & epistemic security
      ---
      duration_ms: 7.160119
      type: 'test'
      ...
    # Subtest: CH9 Live API: POST /api/game/memories/opportunities scans action text and detects latent opportunities (DEF-CH9-01)
    ok 30 - CH9 Live API: POST /api/game/memories/opportunities scans action text and detects latent opportunities (DEF-CH9-01)
      ---
      duration_ms: 8.386559
      type: 'test'
      ...
    # Subtest: CH9 Live API: POST /api/game/memories/store authoritatively records new memories
    ok 31 - CH9 Live API: POST /api/game/memories/store authoritatively records new memories
      ---
      duration_ms: 5.385993
      type: 'test'
      ...
    # Subtest: CH9 Live API: POST /api/game/memories/lock and /unlock manage authoritative memory locks (DEF-CH9-03)
    ok 32 - CH9 Live API: POST /api/game/memories/lock and /unlock manage authoritative memory locks (DEF-CH9-03)
      ---
      duration_ms: 24.98322
      type: 'test'
      ...
    # Subtest: CH9 Live API: POST /api/game/memories/decay advances memory decay simulation (DEF-CH9-02)
    ok 33 - CH9 Live API: POST /api/game/memories/decay advances memory decay simulation (DEF-CH9-02)
      ---
      duration_ms: 7.389408
      type: 'test'
      ...
    # Subtest: CH9 Live API: GET /api/game/archive/export includes canonical/memories.json partition with valid SHA-256 hash (DEF-CH9-05)
    ok 34 - CH9 Live API: GET /api/game/archive/export includes canonical/memories.json partition with valid SHA-256 hash (DEF-CH9-05)
      ---
      duration_ms: 16.741124
      type: 'test'
      ...
    # Subtest: CH10 Live API: GET /api/game/living-world/state returns canonical living world state (DEF-CH10-05)
    ok 35 - CH10 Live API: GET /api/game/living-world/state returns canonical living world state (DEF-CH10-05)
      ---
      duration_ms: 7.891272
      type: 'test'
      ...
    # Subtest: CH10 Live API: POST /api/game/living-world/schedule-event schedules world events and deadlines (DEF-CH10-05)
    ok 36 - CH10 Live API: POST /api/game/living-world/schedule-event schedules world events and deadlines (DEF-CH10-05)
      ---
      duration_ms: 87.905681
      type: 'test'
      ...
    # Subtest: CH10 Live API: POST /api/game/living-world/advance advances living world simulation canonically (DEF-CH10-03, DEF-CH10-05)
    ok 37 - CH10 Live API: POST /api/game/living-world/advance advances living world simulation canonically (DEF-CH10-03, DEF-CH10-05)
      ---
      duration_ms: 103.832364
      type: 'test'
      ...
    # Subtest: CH10 Live API: POST /api/game/living-world/cues evaluates personality-modulated hunger narrative cues (DEF-CH10-05)
    ok 38 - CH10 Live API: POST /api/game/living-world/cues evaluates personality-modulated hunger narrative cues (DEF-CH10-05)
      ---
      duration_ms: 11.59322
      type: 'test'
      ...
    # Subtest: CH10 Live API: GET /api/game/archive/export includes canonical/living_world.json with valid SHA-256 hash (DEF-CH10-04)
    ok 39 - CH10 Live API: GET /api/game/archive/export includes canonical/living_world.json with valid SHA-256 hash (DEF-CH10-04)
      ---
      duration_ms: 18.776571
      type: 'test'
      ...
    # Subtest: CH11 Live API: GET /api/game/context assembles canonical 13-domain working context packet and budgeted prompt (DEF-CH11-02, DEF-CH11-03)
    ok 40 - CH11 Live API: GET /api/game/context assembles canonical 13-domain working context packet and budgeted prompt (DEF-CH11-02, DEF-CH11-03)
      ---
      duration_ms: 27.988781
      type: 'test'
      ...
    # Subtest: CH11 Live API: POST /api/game/context/assemble enforces hard token budget and strict priority band eviction (DEF-CH11-01, DEF-CH11-04)
    ok 41 - CH11 Live API: POST /api/game/context/assemble enforces hard token budget and strict priority band eviction (DEF-CH11-01, DEF-CH11-04)
      ---
      duration_ms: 13.119504
      type: 'test'
      ...
    # Subtest: CH11 Live API: GET /api/game/context/inspect returns epistemic-safe breakdown without leaking secrets (DEF-CH11-03)
    ok 42 - CH11 Live API: GET /api/game/context/inspect returns epistemic-safe breakdown without leaking secrets (DEF-CH11-03)
      ---
      duration_ms: 10.442405
      type: 'test'
      ...
    # Subtest: CH11 Live API: POST /api/game/context/npc-dialogue sanitizes prompt injection tags and protects character persona boundaries (DEF-CH11-06)
    ok 43 - CH11 Live API: POST /api/game/context/npc-dialogue sanitizes prompt injection tags and protects character persona boundaries (DEF-CH11-06)
      ---
      duration_ms: 4.888159
      type: 'test'
      ...
    # Subtest: CH12 Live API: GET /api/game/orchestrator/models returns canonical model pools and specialized roles (DEF-CH12-04)
    ok 44 - CH12 Live API: GET /api/game/orchestrator/models returns canonical model pools and specialized roles (DEF-CH12-04)
      ---
      duration_ms: 4.276845
      type: 'test'
      ...
    # Subtest: CH12 Live API: POST /api/game/orchestrator/select deterministically selects eligible model respecting context (DEF-CH12-02, DEF-CH12-03)
    ok 45 - CH12 Live API: POST /api/game/orchestrator/select deterministically selects eligible model respecting context (DEF-CH12-02, DEF-CH12-03)
      ---
      duration_ms: 6.689748
      type: 'test'
      ...
    # Subtest: CH12 Live API: POST /api/game/orchestrator/turn executes full turn orchestration with context assembly, adjudication, and continuation checkpoint (DEF-CH12-01, DEF-CH12-05, DEF-CH12-06)
    ok 46 - CH12 Live API: POST /api/game/orchestrator/turn executes full turn orchestration with context assembly, adjudication, and continuation checkpoint (DEF-CH12-01, DEF-CH12-05, DEF-CH12-06)
      ---
      duration_ms: 1382.246006
      type: 'test'
      ...
    # Subtest: CH12 Live API: GET /api/game/orchestrator/telemetry returns runtime metrics and stats
    ok 47 - CH12 Live API: GET /api/game/orchestrator/telemetry returns runtime metrics and stats
      ---
      duration_ms: 13.374985
      type: 'test'
      ...
    # Subtest: CH12 V6.34 Test A: Identical POST /api/game/orchestrator/turn twice with same idempotency key deduplicates execution and returns cached result
    ok 48 - CH12 V6.34 Test A: Identical POST /api/game/orchestrator/turn twice with same idempotency key deduplicates execution and returns cached result
      ---
      duration_ms: 1317.792826
      type: 'test'
      ...
    # Subtest: CH12 V6.34 Test B & C: In-flight deduplication and concurrent replay share identical promise without redundant execution
    ok 49 - CH12 V6.34 Test B & C: In-flight deduplication and concurrent replay share identical promise without redundant execution
      ---
      duration_ms: 1318.985678
      type: 'test'
      ...
    # Subtest: CH12 V6.34 Test D: Replay of a fallback attempt preserves deterministic fallback telemetry and result
    ok 50 - CH12 V6.34 Test D: Replay of a fallback attempt preserves deterministic fallback telemetry and result
      ---
      duration_ms: 1384.798492
      type: 'test'
      ...
    # Subtest: CH12 V6.34 Test E: Replay of state-changing proposal preserves canonical single-commit invariants
    ok 51 - CH12 V6.34 Test E: Replay of state-changing proposal preserves canonical single-commit invariants
      ---
      duration_ms: 176.373691
      type: 'test'
      ...
    # Subtest: CH12 V6.15: ContinuationCheckpoint includes all required fields: openThreads, presentationEvents, and knowledgeBoundaries
    ok 52 - CH12 V6.15: ContinuationCheckpoint includes all required fields: openThreads, presentationEvents, and knowledgeBoundaries
      ---
      duration_ms: 1365.326095
      type: 'test'
      ...
    # Subtest: CH12 V6.29: Workstation API endpoints for model catalog, discovery, overrides, health, and secret safety
    ok 53 - CH12 V6.29: Workstation API endpoints for model catalog, discovery, overrides, health, and secret safety
      ---
      duration_ms: 36.14614
      type: 'test'
      ...
    1..53
ok 1 - CH1 Live Runtime Proof — Canonical Domain & HTTP API Path
  ---
  duration_ms: 10615.362065
  type: 'suite'
  ...
# Subtest: Marathon — 125 turns, one persistent world, real action pipeline
    # Subtest: SEGMENT 1/6 — turns 1–40: exploration, dialogue, memory-recall, social
    ok 1 - SEGMENT 1/6 — turns 1–40: exploration, dialogue, memory-recall, social
      ---
      duration_ms: 10699.773305
      type: 'test'
      ...
    # Subtest: SEGMENT 2/6 — turns 41–60: combat-approach, secrets/leak-probe
    ok 2 - SEGMENT 2/6 — turns 41–60: combat-approach, secrets/leak-probe
      ---
      duration_ms: 8850.287375
      type: 'test'
      ...
# [NarrationFallback] AI narration unavailable; local story fallback used. {
#   storyId: 'marathon_story',
#   actionId: 'act_srv_a772633d',
#   provider: 'provider_deterministic_emergency',
#   model: 'emergency-fallback-local',
#   error: 'All 4 AI/emergency attempts failed: 1. marathon-primary (provider_marathon_primary) — Task response schema validation failed: Narration continuity guard rejected output: no distinctive lexical anchor for canonical location "The Whispering Orrery".; 2. marathon-fallback (provider_marathon_fallback) — Task response schema validation failed: Narration continuity guard rejected output: no distinctive lexical anchor for canonical location "The Whispering Orrery".; 3. Deterministic Rule Engine (Emergency Floor) (provider_deterministic_emergency) — Task response schema validation failed: Narration semantic backstop rejected output: the requested movement was not visibly depicted.; 4. Deterministic Rule Engine (Emergency Floor) (provider_deterministic_emergency) — Emergency task response validation failed: Narration semantic backstop rejected output: the requested movement was not visibly depicted.',
#   fallbackReason: 'All 4 AI/emergency attempts failed: 1. marathon-primary (provider_marathon_primary) — Task response schema validation failed: Narration continuity guard rejected output: no distinctive lexical anchor for canonical location "The Whispering Orrery".; 2. marathon-fallback (provider_marathon_fallback) — Task response schema validation failed: Narration continuity guard rejected output: no distinctive lexical anchor for canonical location "The Whispering Orrery".; 3. Deterministic Rule Engine (Emergency Floor) (provider_deterministic_emergency) — Task response schema validation failed: Narration semantic backstop rejected output: the requested movement was not visibly depicted.; 4. Deterministic Rule Engine (Emergency Floor) (provider_deterministic_emergency) — Emergency task response validation failed: Narration semantic backstop rejected output: the requested movement was not visibly depicted.',
#   attemptsTrail: [
#     {
#       providerId: 'provider_marathon_primary',
#       modelId: 'marathon-primary',
#       displayName: 'marathon-primary',
#       status: 'FAILED',
#       latencyMs: 5,
#       error: 'Task response schema validation failed: Narration continuity guard rejected output: no distinctive lexical anchor for canonical location "The Whispering Orrery".'
#     },
#     {
#       providerId: 'provider_marathon_fallback',
#       modelId: 'marathon-fallback',
#       displayName: 'marathon-fallback',
#       status: 'FAILED',
#       latencyMs: 6,
#       error: 'Task response schema validation failed: Narration continuity guard rejected output: no distinctive lexical anchor for canonical location "The Whispering Orrery".'
#     },
#     {
#       providerId: 'provider_deterministic_emergency',
#       modelId: 'emergency-fallback-local',
#       displayName: 'Deterministic Rule Engine (Emergency Floor)',
#       status: 'FAILED',
#       latencyMs: 1,
#       error: 'Task response schema validation failed: Narration semantic backstop rejected output: the requested movement was not visibly depicted.'
#     },
#     {
#       providerId: 'provider_deterministic_emergency',
#       modelId: 'emergency-fallback-local',
#       displayName: 'Deterministic Rule Engine (Emergency Floor)',
#       status: 'FAILED',
#       latencyMs: 1,
#       error: 'Emergency task response validation failed: Narration semantic backstop rejected output: the requested movement was not visibly depicted.'
#     }
#   ]
# }
    # Subtest: SEGMENT 3/6 — turns 61–80: relationships, travel/continuity
    ok 3 - SEGMENT 3/6 — turns 61–80: relationships, travel/continuity
      ---
      duration_ms: 9768.659466
      type: 'test'
      ...
    # Subtest: SEGMENT 4/6 — turns 81–100: plot threads, degradation injections, high-density social
    ok 4 - SEGMENT 4/6 — turns 81–100: plot threads, degradation injections, high-density social
      ---
      duration_ms: 11937.574753
      type: 'test'
      ...
    # Subtest: SEGMENT 5/6 — turns 101–112: stress extension + checkpoint 110
    ok 5 - SEGMENT 5/6 — turns 101–112: stress extension + checkpoint 110
      ---
      duration_ms: 8725.748652
      type: 'test'
      ...
    # Subtest: SEGMENT 6/6 — turns 113–125: stress + checkpoint 118/125 + idempotency probe + final bounds
    ok 6 - SEGMENT 6/6 — turns 113–125: stress + checkpoint 118/125 + idempotency probe + final bounds
      ---
      duration_ms: 15819.774074
      type: 'test'
      ...
    1..6
ok 2 - Marathon — 125 turns, one persistent world, real action pipeline
  ---
  duration_ms: 65823.215428
  type: 'suite'
  ...
1..2
# tests 59
# suites 2
# pass 59
# fail 0
# cancelled 0
# skipped 0
# todo 0
# duration_ms 78799.048685
